Archive member included to satisfy reference by file (symbol)

/usr/lib/gcc/arm-none-eabi/12.2.0/../../../../arm-none-eabi/lib/thumb/v7-m/nofp/libstdc++_nano.a(atexit_arm.o)
                              ./User/EventLoop.o (__aeabi_atexit)
/usr/lib/gcc/arm-none-eabi/12.2.0/../../../../arm-none-eabi/lib/thumb/v7-m/nofp/libstdc++_nano.a(del_op.o)
                              ./User/EventLoop.o (operator delete(void*))
/usr/lib/gcc/arm-none-eabi/12.2.0/../../../../arm-none-eabi/lib/thumb/v7-m/nofp/libstdc++_nano.a(eh_personality.o)
                              ./User/EventLoop.o (__gxx_personality_v0)
/usr/lib/gcc/arm-none-eabi/12.2.0/../../../../arm-none-eabi/lib/thumb/v7-m/nofp/libstdc++_nano.a(eh_terminate.o)
                              /usr/lib/gcc/arm-none-eabi/12.2.0/../../../../arm-none-eabi/lib/thumb/v7-m/nofp/libstdc++_nano.a(eh_personality.o) (std::terminate())
/usr/lib/gcc/arm-none-eabi/12.2.0/../../../../arm-none-eabi/lib/thumb/v7-m/nofp/libstdc++_nano.a(eh_unex_handler.o)
                              /usr/lib/gcc/arm-none-eabi/12.2.0/../../../../arm-none-eabi/lib/thumb/v7-m/nofp/libstdc++_nano.a(eh_terminate.o) (__cxxabiv1::__unexpected_handler)
/usr/lib/gcc/arm-none-eabi/12.2.0/../../../../arm-none-eabi/lib/thumb/v7-m/nofp/libstdc++_nano.a(eh_arm.o)
                              /usr/lib/gcc/arm-none-eabi/12.2.0/../../../../arm-none-eabi/lib/thumb/v7-m/nofp/libstdc++_nano.a(eh_personality.o) (__cxa_type_match)
/usr/lib/gcc/arm-none-eabi/12.2.0/../../../../arm-none-eabi/lib/thumb/v7-m/nofp/libstdc++_nano.a(eh_call.o)
                              /usr/lib/gcc/arm-none-eabi/12.2.0/../../../../arm-none-eabi/lib/thumb/v7-m/nofp/libstdc++_nano.a(eh_personality.o) (__cxa_call_terminate)
/usr/lib/gcc/arm-none-eabi/12.2.0/../../../../arm-none-eabi/lib/thumb/v7-m/nofp/libstdc++_nano.a(eh_catch.o)
                              /usr/lib/gcc/arm-none-eabi/12.2.0/../../../../arm-none-eabi/lib/thumb/v7-m/nofp/libstdc++_nano.a(eh_call.o) (__cxa_begin_catch)
/usr/lib/gcc/arm-none-eabi/12.2.0/../../../../arm-none-eabi/lib/thumb/v7-m/nofp/libstdc++_nano.a(eh_exception.o)
                              /usr/lib/gcc/arm-none-eabi/12.2.0/../../../../arm-none-eabi/lib/thumb/v7-m/nofp/libstdc++_nano.a(eh_arm.o) (typeinfo for __cxxabiv1::__forced_unwind)
/usr/lib/gcc/arm-none-eabi/12.2.0/../../../../arm-none-eabi/lib/thumb/v7-m/nofp/libstdc++_nano.a(eh_globals.o)
                              /usr/lib/gcc/arm-none-eabi/12.2.0/../../../../arm-none-eabi/lib/thumb/v7-m/nofp/libstdc++_nano.a(eh_catch.o) (__cxa_get_globals_fast)
/usr/lib/gcc/arm-none-eabi/12.2.0/../../../../arm-none-eabi/lib/thumb/v7-m/nofp/libstdc++_nano.a(eh_term_handler.o)
                              /usr/lib/gcc/arm-none-eabi/12.2.0/../../../../arm-none-eabi/lib/thumb/v7-m/nofp/libstdc++_nano.a(eh_terminate.o) (__cxxabiv1::__terminate_handler)
/usr/lib/gcc/arm-none-eabi/12.2.0/../../../../arm-none-eabi/lib/thumb/v7-m/nofp/libstdc++_nano.a(si_class_type_info.o)
                              /usr/lib/gcc/arm-none-eabi/12.2.0/../../../../arm-none-eabi/lib/thumb/v7-m/nofp/libstdc++_nano.a(eh_exception.o) (vtable for __cxxabiv1::__si_class_type_info)
/usr/lib/gcc/arm-none-eabi/12.2.0/../../../../arm-none-eabi/lib/thumb/v7-m/nofp/libstdc++_nano.a(tinfo.o)
                              /usr/lib/gcc/arm-none-eabi/12.2.0/../../../../arm-none-eabi/lib/thumb/v7-m/nofp/libstdc++_nano.a(si_class_type_info.o) (std::type_info::__is_pointer_p() const)
/usr/lib/gcc/arm-none-eabi/12.2.0/../../../../arm-none-eabi/lib/thumb/v7-m/nofp/libstdc++_nano.a(class_type_info.o)
                              /usr/lib/gcc/arm-none-eabi/12.2.0/../../../../arm-none-eabi/lib/thumb/v7-m/nofp/libstdc++_nano.a(si_class_type_info.o) (__cxxabiv1::__class_type_info::__do_upcast(__cxxabiv1::__class_type_info const*, void**) const)
/usr/lib/gcc/arm-none-eabi/12.2.0/../../../../arm-none-eabi/lib/thumb/v7-m/nofp/libstdc++_nano.a(del_ops.o)
                              /usr/lib/gcc/arm-none-eabi/12.2.0/../../../../arm-none-eabi/lib/thumb/v7-m/nofp/libstdc++_nano.a(eh_exception.o) (operator delete(void*, unsigned int))
/usr/lib/gcc/arm-none-eabi/12.2.0/../../../../arm-none-eabi/lib/thumb/v7-m/nofp/libc_nano.a(libc_a-abort.o)
                              /usr/lib/gcc/arm-none-eabi/12.2.0/../../../../arm-none-eabi/lib/thumb/v7-m/nofp/libstdc++_nano.a(eh_personality.o) (abort)
/usr/lib/gcc/arm-none-eabi/12.2.0/../../../../arm-none-eabi/lib/thumb/v7-m/nofp/libc_nano.a(libc_a-atexit.o)
                              /usr/lib/gcc/arm-none-eabi/12.2.0/../../../../arm-none-eabi/lib/thumb/v7-m/nofp/crt0.o (atexit)
/usr/lib/gcc/arm-none-eabi/12.2.0/../../../../arm-none-eabi/lib/thumb/v7-m/nofp/libc_nano.a(libc_a-exit.o)
                              /usr/lib/gcc/arm-none-eabi/12.2.0/../../../../arm-none-eabi/lib/thumb/v7-m/nofp/crt0.o (exit)
/usr/lib/gcc/arm-none-eabi/12.2.0/../../../../arm-none-eabi/lib/thumb/v7-m/nofp/libc_nano.a(libc_a-malloc.o)
[...]
Memory Configuration

Name             Origin             Length             Attributes
FLASH            0x0000000008000000 0x0000000000020000 xr
RAM              0x0000000020000000 0x0000000000005000 xrw
MEMORY_B1        0x0000000060000000 0x0000000000000000 xr
*default*        0x0000000000000000 0xffffffffffffffff

Linker script and memory map

LOAD /usr/lib/gcc/arm-none-eabi/12.2.0/thumb/v7-m/nofp/crti.o
LOAD /usr/lib/gcc/arm-none-eabi/12.2.0/thumb/v7-m/nofp/crtbegin.o
LOAD /usr/lib/gcc/arm-none-eabi/12.2.0/../../../../arm-none-eabi/lib/thumb/v7-m/nofp/crt0.o
LOAD ./Hardware/PWM.o
LOAD ./Hardware/Key.o
LOAD ./Hardware/LED.o
LOAD ./Hardware/OLED.o
LOAD ./Hardware/IC.o
LOAD ./Hardware/Timer.o
LOAD ./System/Delay.o
LOAD ./System/Timer.o
LOAD ./Start/system_stm32f10x.o
LOAD ./Start/core_cm3.o
LOAD ./User/main.o
LOAD ./User/stm32f10x_it.o
LOAD ./Library/src/stm32f10x_sdio.o
LOAD ./Library/src/stm32f10x_dma.o
LOAD ./Library/src/stm32f10x_tim.o
LOAD ./Library/src/stm32f10x_pwr.o
LOAD ./Library/src/stm32f10x_rtc.o
LOAD ./Library/src/stm32f10x_dac.o
LOAD ./Library/src/stm32f10x_wwdg.o
LOAD ./Library/src/stm32f10x_rcc.o
LOAD ./Library/src/stm32f10x_dbgmcu.o
LOAD ./Library/src/stm32f10x_iwdg.o
LOAD ./Library/src/stm32f10x_bkp.o
LOAD ./Library/src/misc.o
LOAD ./Library/src/stm32f10x_exti.o
LOAD ./Library/src/stm32f10x_flash.o
LOAD ./Library/src/stm32f10x_usart.o
LOAD ./Library/src/stm32f10x_spi.o
LOAD ./Library/src/stm32f10x_cec.o
LOAD ./Library/src/stm32f10x_fsmc.o
LOAD ./Library/src/stm32f10x_gpio.o
LOAD ./Library/src/stm32f10x_adc.o
LOAD ./Library/src/stm32f10x_can.o
LOAD ./Library/src/stm32f10x_crc.o
LOAD ./Library/src/stm32f10x_i2c.o
LOAD ./User/EventLoop.o
START GROUP
END GROUP
                0x0000000000000080                malloc_getpagesize_P = 0x80
LOAD /usr/lib/gcc/arm-none-eabi/12.2.0/../../../../arm-none-eabi/lib/thumb/v7-m/nofp/libstdc++_nano.a
LOAD /usr/lib/gcc/arm-none-eabi/12.2.0/../../../../arm-none-eabi/lib/thumb/v7-m/nofp/libm.a
LOAD /usr/lib/gcc/arm-none-eabi/12.2.0/../../../../arm-none-eabi/lib/thumb/v7-m/nofp/libc_nano.a
START GROUP
LOAD /usr/lib/gcc/arm-none-eabi/12.2.0/thumb/v7-m/nofp/libgcc.a
LOAD /usr/lib/gcc/arm-none-eabi/12.2.0/../../../../arm-none-eabi/lib/thumb/v7-m/nofp/libc_nano.a
END GROUP
START GROUP
LOAD /usr/lib/gcc/arm-none-eabi/12.2.0/thumb/v7-m/nofp/libgcc.a
LOAD /usr/lib/gcc/arm-none-eabi/12.2.0/../../../../arm-none-eabi/lib/thumb/v7-m/nofp/libc_nano.a
LOAD /usr/lib/gcc/arm-none-eabi/12.2.0/../../../../arm-none-eabi/lib/thumb/v7-m/nofp/libnosys.a
END GROUP
START GROUP
LOAD /usr/lib/gcc/arm-none-eabi/12.2.0/thumb/v7-m/nofp/libgcc.a
LOAD /usr/lib/gcc/arm-none-eabi/12.2.0/../../../../arm-none-eabi/lib/thumb/v7-m/nofp/libc_nano.a
LOAD /usr/lib/gcc/arm-none-eabi/12.2.0/../../../../arm-none-eabi/lib/thumb/v7-m/nofp/libnosys.a
END GROUP
LOAD /usr/lib/gcc/arm-none-eabi/12.2.0/thumb/v7-m/nofp/crtend.o
LOAD /usr/lib/gcc/arm-none-eabi/12.2.0/thumb/v7-m/nofp/crtn.o
                0x0000000020005000                _estack = 0x20005000
                0x0000000000000000                _Min_Heap_Size = 0x0
                0x0000000000000100                _Min_Stack_Size = 0x100

.isr_vector     0x0000000008000000        0x0
                0x0000000008000000                . = ALIGN (0x4)
 *(.isr_vector)
                0x0000000008000000                . = ALIGN (0x4)

.text           0x0000000008000000     0x1f04
                0x0000000008000000                . = ALIGN (0x4)
 *(.text)
 .text          0x0000000008000000       0x14 /usr/lib/gcc/arm-none-eabi/12.2.0/../../../../arm-none-eabi/lib/thumb/v7-m/nofp/libc_nano.a(libc_a-strcmp.o)
                0x0000000008000000                strcmp
 .text          0x0000000008000014      0x1ac /usr/lib/gcc/arm-none-eabi/12.2.0/thumb/v7-m/nofp/libgcc.a(libunwind.o)
                0x0000000008000014                __restore_core_regs
                0x0000000008000014                restore_core_regs
                0x000000000800002c                __gnu_Unwind_Restore_VFP
                0x0000000008000034                __gnu_Unwind_Save_VFP
                0x000000000800003c                __gnu_Unwind_Restore_VFP_D
                0x0000000008000044                __gnu_Unwind_Save_VFP_D
                0x000000000800004c                __gnu_Unwind_Restore_VFP_D_16_to_31
                0x0000000008000054                __gnu_Unwind_Save_VFP_D_16_to_31
                0x000000000800005c                __gnu_Unwind_Restore_WMMXD
                0x00000000080000a0                __gnu_Unwind_Save_WMMXD
                0x00000000080000e4                __gnu_Unwind_Restore_WMMXC
                0x00000000080000f8                __gnu_Unwind_Save_WMMXC
                0x000000000800010c                ___Unwind_RaiseException
                0x000000000800010c                _Unwind_RaiseException
                0x0000000008000130                ___Unwind_Resume
                0x0000000008000130                _Unwind_Resume
                0x0000000008000154                _Unwind_Resume_or_Rethrow
                0x0000000008000154                ___Unwind_Resume_or_Rethrow
                0x0000000008000178                ___Unwind_ForcedUnwind
                0x0000000008000178                _Unwind_ForcedUnwind
                0x000000000800019c                _Unwind_Backtrace
                0x000000000800019c                ___Unwind_Backtrace
 *(.text*)
 .text.__do_global_dtors_aux
                0x00000000080001c0       0x24 /usr/lib/gcc/arm-none-eabi/12.2.0/thumb/v7-m/nofp/crtbegin.o
 .text.frame_dummy
                0x00000000080001e4       0x1c /usr/lib/gcc/arm-none-eabi/12.2.0/thumb/v7-m/nofp/crtbegin.o
 .text._ZNSt12_Vector_baseIiSaIiEE12_Vector_implD2Ev
                0x0000000008000200       0x18 ./User/EventLoop.o
                0x0000000008000200                std::_Vector_base<int, std::allocator<int> >::_Vector_impl::~_Vector_impl()
                0x0000000008000200                std::_Vector_base<int, std::allocator<int> >::_Vector_impl::~_Vector_impl()
 .text._ZNSt12_Vector_baseIiSaIiEEC2Ev
                0x0000000008000218       0x1a ./User/EventLoop.o
                0x0000000008000218                std::_Vector_base<int, std::allocator<int> >::_Vector_base()
                0x0000000008000218                std::_Vector_base<int, std::allocator<int> >::_Vector_base()
 .text._ZNSt6vectorIiSaIiEEC2Ev
                0x0000000008000232       0x1a ./User/EventLoop.o
                0x0000000008000232                std::vector<int, std::allocator<int> >::vector()
                0x0000000008000232                std::vector<int, std::allocator<int> >::vector()
 .text._ZNSt12_Vector_baseIiSaIiEE12_Vector_implC2Ev
                0x000000000800024c       0x20 ./User/EventLoop.o
                0x000000000800024c                std::_Vector_base<int, std::allocator<int> >::_Vector_impl::_Vector_impl()
                0x000000000800024c                std::_Vector_base<int, std::allocator<int> >::_Vector_impl::_Vector_impl()
 .text._ZNSaIiED2Ev
                0x000000000800026c       0x18 ./User/EventLoop.o
                0x000000000800026c                std::allocator<int>::~allocator()
                0x000000000800026c                std::allocator<int>::~allocator()
 .text._ZNSt12_Vector_baseIiSaIiEED2Ev
                0x0000000008000284       0x32 ./User/EventLoop.o
                0x0000000008000284                std::_Vector_base<int, std::allocator<int> >::~_Vector_base()
                0x0000000008000284                std::_Vector_base<int, std::allocator<int> >::~_Vector_base()
 .text._ZNSaIiEC2Ev
                0x00000000080002b6       0x18 ./User/EventLoop.o
                0x00000000080002b6                std::allocator<int>::allocator()
                0x00000000080002b6                std::allocator<int>::allocator()
 .text._ZNSt12_Vector_baseIiSaIiEE17_Vector_impl_dataC2Ev
                0x00000000080002ce       0x26 ./User/EventLoop.o
                0x00000000080002ce                std::_Vector_base<int, std::allocator<int> >::_Vector_impl_data::_Vector_impl_data()
                0x00000000080002ce                std::_Vector_base<int, std::allocator<int> >::_Vector_impl_data::_Vector_impl_data()
 .text._ZNSt15__new_allocatorIiED2Ev
                0x00000000080002f4       0x14 ./User/EventLoop.o
                0x00000000080002f4                std::__new_allocator<int>::~__new_allocator()
                0x00000000080002f4                std::__new_allocator<int>::~__new_allocator()
 .text._ZNSt12_Vector_baseIiSaIiEE13_M_deallocateEPij
                0x0000000008000308       0x26 ./User/EventLoop.o
                0x0000000008000308                std::_Vector_base<int, std::allocator<int> >::_M_deallocate(int*, unsigned int)
 .text._ZNSt15__new_allocatorIiEC2Ev
                0x000000000800032e       0x14 ./User/EventLoop.o
                0x000000000800032e                std::__new_allocator<int>::__new_allocator()
                0x000000000800032e                std::__new_allocator<int>::__new_allocator()
 .text._ZNSt16allocator_traitsISaIiEE10deallocateERS0_Pij
                0x0000000008000342       0x1e ./User/EventLoop.o
                0x0000000008000342                std::allocator_traits<std::allocator<int> >::deallocate(std::allocator<int>&, int*, unsigned int)
 .text._ZNSt15__new_allocatorIiE10deallocateEPij
                0x0000000008000360       0x1a ./User/EventLoop.o
                0x0000000008000360                std::__new_allocator<int>::deallocate(int*, unsigned int)
 *fill*         0x000000000800037a        0x2 
 .text._Z41__static_initialization_and_destruction_0ii
                0x000000000800037c       0x40 ./User/EventLoop.o
 .text._ZNSt6vectorIiSaIiEED2Ev
                0x00000000080003bc       0x36 ./User/EventLoop.o
                0x00000000080003bc                std::vector<int, std::allocator<int> >::~vector()
                0x00000000080003bc                std::vector<int, std::allocator<int> >::~vector()
 .text._ZNSt12_Vector_baseIiSaIiEE19_M_get_Tp_allocatorEv
                0x00000000080003f2       0x14 ./User/EventLoop.o
                0x00000000080003f2                std::_Vector_base<int, std::allocator<int> >::_M_get_Tp_allocator()
 .text._ZSt8_DestroyIPiiEvT_S1_RSaIT0_E
                0x0000000008000406       0x1c ./User/EventLoop.o
                0x0000000008000406                void std::_Destroy<int*, int>(int*, int*, std::allocator<int>&)
 .text._ZSt8_DestroyIPiEvT_S1_
                0x0000000008000422       0x1a ./User/EventLoop.o
                0x0000000008000422                void std::_Destroy<int*>(int*, int*)
 .text._ZNSt12_Destroy_auxILb1EE9__destroyIPiEEvT_S3_
                0x000000000800043c       0x14 ./User/EventLoop.o
                0x000000000800043c                void std::_Destroy_aux<true>::__destroy<int*>(int*, int*)
 .text._GLOBAL__sub_I_a
                0x0000000008000450       0x10 ./User/EventLoop.o
 .text.__aeabi_atexit
                0x0000000008000460        0xa /usr/lib/gcc/arm-none-eabi/12.2.0/../../../../arm-none-eabi/lib/thumb/v7-m/nofp/libstdc++_nano.a(atexit_arm.o)
                0x0000000008000460                __aeabi_atexit
 .text._ZdlPv   0x000000000800046a        0x4 /usr/lib/gcc/arm-none-eabi/12.2.0/../../../../arm-none-eabi/lib/thumb/v7-m/nofp/libstdc++_nano.a(del_op.o)
                0x000000000800046a                operator delete(void*)
 .text._ZL12read_uleb128PKhPm
                0x000000000800046e       0x1e /usr/lib/gcc/arm-none-eabi/12.2.0/../../../../arm-none-eabi/lib/thumb/v7-m/nofp/libstdc++_nano.a(eh_personality.o)
 .text._ZL12read_sleb128PKhPl
                0x000000000800048c       0x30 /usr/lib/gcc/arm-none-eabi/12.2.0/../../../../arm-none-eabi/lib/thumb/v7-m/nofp/libstdc++_nano.a(eh_personality.o)
 .text._ZL28read_encoded_value_with_basehjPKhPj
                0x00000000080004bc       0x8c /usr/lib/gcc/arm-none-eabi/12.2.0/../../../../arm-none-eabi/lib/thumb/v7-m/nofp/libstdc++_nano.a(eh_personality.o)
 .text._ZL21base_of_encoded_valuehP15_Unwind_Context
                0x0000000008000548       0x42 /usr/lib/gcc/arm-none-eabi/12.2.0/../../../../arm-none-eabi/lib/thumb/v7-m/nofp/libstdc++_nano.a(eh_personality.o)
 .text._ZL18read_encoded_valueP15_Unwind_ContexthPKhPj
                0x000000000800058a       0x20 /usr/lib/gcc/arm-none-eabi/12.2.0/../../../../arm-none-eabi/lib/thumb/v7-m/nofp/libstdc++_nano.a(eh_personality.o)
 .text._ZL17parse_lsda_headerP15_Unwind_ContextPKhP16lsda_header_info
                0x00000000080005aa       0x5e /usr/lib/gcc/arm-none-eabi/12.2.0/../../../../arm-none-eabi/lib/thumb/v7-m/nofp/libstdc++_nano.a(eh_personality.o)
 .text._Unwind_GetGR
                0x0000000008000608       0x18 /usr/lib/gcc/arm-none-eabi/12.2.0/../../../../arm-none-eabi/lib/thumb/v7-m/nofp/libstdc++_nano.a(eh_personality.o)
 .text.__gxx_personality_v0
                0x0000000008000620      0x330 /usr/lib/gcc/arm-none-eabi/12.2.0/../../../../arm-none-eabi/lib/thumb/v7-m/nofp/libstdc++_nano.a(eh_personality.o)
                0x0000000008000620                __gxx_personality_v0
 .text._ZN10__cxxabiv111__terminateEPFvvE
                0x0000000008000950        0x8 /usr/lib/gcc/arm-none-eabi/12.2.0/../../../../arm-none-eabi/lib/thumb/v7-m/nofp/libstdc++_nano.a(eh_terminate.o)
                0x0000000008000950                __cxxabiv1::__terminate(void (*)())
 .text._ZSt13get_terminatev
                0x0000000008000958       0x10 /usr/lib/gcc/arm-none-eabi/12.2.0/../../../../arm-none-eabi/lib/thumb/v7-m/nofp/libstdc++_nano.a(eh_terminate.o)
                0x0000000008000958                std::get_terminate()
 .text._ZSt9terminatev
                0x0000000008000968        0xa /usr/lib/gcc/arm-none-eabi/12.2.0/../../../../arm-none-eabi/lib/thumb/v7-m/nofp/libstdc++_nano.a(eh_terminate.o)
                0x0000000008000968                std::terminate()
 .text._ZN10__cxxabiv112__unexpectedEPFvvE
                0x0000000008000972        0x8 /usr/lib/gcc/arm-none-eabi/12.2.0/../../../../arm-none-eabi/lib/thumb/v7-m/nofp/libstdc++_nano.a(eh_terminate.o)
                0x0000000008000972                __cxxabiv1::__unexpected(void (*)())
 *fill*         0x000000000800097a        0x2 
 .text._ZSt14get_unexpectedv
                0x000000000800097c       0x10 /usr/lib/gcc/arm-none-eabi/12.2.0/../../../../arm-none-eabi/lib/thumb/v7-m/nofp/libstdc++_nano.a(eh_terminate.o)
                0x000000000800097c                std::get_unexpected()
 .text._ZSt10unexpectedv
                0x000000000800098c        0xa /usr/lib/gcc/arm-none-eabi/12.2.0/../../../../arm-none-eabi/lib/thumb/v7-m/nofp/libstdc++_nano.a(eh_terminate.o)
                0x000000000800098c                std::unexpected()
 .text._ZN10__cxxabiv1L24__is_gxx_exception_classEPc
                0x0000000008000996       0x3a /usr/lib/gcc/arm-none-eabi/12.2.0/../../../../arm-none-eabi/lib/thumb/v7-m/nofp/libstdc++_nano.a(eh_arm.o)
 .text.__cxa_type_match
                0x00000000080009d0       0xa0 /usr/lib/gcc/arm-none-eabi/12.2.0/../../../../arm-none-eabi/lib/thumb/v7-m/nofp/libstdc++_nano.a(eh_arm.o)
                0x00000000080009d0                __cxa_type_match
 .text.__cxa_begin_cleanup
                0x0000000008000a70       0x3a /usr/lib/gcc/arm-none-eabi/12.2.0/../../../../arm-none-eabi/lib/thumb/v7-m/nofp/libstdc++_nano.a(eh_arm.o)
                0x0000000008000a70                __cxa_begin_cleanup
 .text._ZN10__cxxabiv1L24__is_gxx_exception_classEPc
                0x0000000008000aaa       0x3a /usr/lib/gcc/arm-none-eabi/12.2.0/../../../../arm-none-eabi/lib/thumb/v7-m/nofp/libstdc++_nano.a(eh_call.o)
 .text.__cxa_call_terminate
                0x0000000008000ae4       0x1e /usr/lib/gcc/arm-none-eabi/12.2.0/../../../../arm-none-eabi/lib/thumb/v7-m/nofp/libstdc++_nano.a(eh_call.o)
                0x0000000008000ae4                __cxa_call_terminate
 .text.__cxa_call_unexpected
                0x0000000008000b02       0x24 /usr/lib/gcc/arm-none-eabi/12.2.0/../../../../arm-none-eabi/lib/thumb/v7-m/nofp/libstdc++_nano.a(eh_call.o)
                0x0000000008000b02                __cxa_call_unexpected
 .text._ZN10__cxxabiv1L24__is_gxx_exception_classEPc
                0x0000000008000b26       0x3a /usr/lib/gcc/arm-none-eabi/12.2.0/../../../../arm-none-eabi/lib/thumb/v7-m/nofp/libstdc++_nano.a(eh_catch.o)
 .text.__cxa_begin_catch
                0x0000000008000b60       0x52 /usr/lib/gcc/arm-none-eabi/12.2.0/../../../../arm-none-eabi/lib/thumb/v7-m/nofp/libstdc++_nano.a(eh_catch.o)
                0x0000000008000b60                __cxa_begin_catch
 .text._ZN12_GLOBAL__N_113constant_initD2Ev
                0x0000000008000bb2        0x2 /usr/lib/gcc/arm-none-eabi/12.2.0/../../../../arm-none-eabi/lib/thumb/v7-m/nofp/libstdc++_nano.a(eh_globals.o)
 .text.__cxa_get_globals
                0x0000000008000bb4        0x8 /usr/lib/gcc/arm-none-eabi/12.2.0/../../../../arm-none-eabi/lib/thumb/v7-m/nofp/libstdc++_nano.a(eh_globals.o)
                0x0000000008000bb4                __cxa_get_globals
 .text.startup._GLOBAL__sub_I___cxa_get_globals_fast
                0x0000000008000bbc       0x18 /usr/lib/gcc/arm-none-eabi/12.2.0/../../../../arm-none-eabi/lib/thumb/v7-m/nofp/libstdc++_nano.a(eh_globals.o)
 .text._ZN10__cxxabiv120__si_class_type_infoD2Ev
                0x0000000008000bd4       0x14 /usr/lib/gcc/arm-none-eabi/12.2.0/../../../../arm-none-eabi/lib/thumb/v7-m/nofp/libstdc++_nano.a(si_class_type_info.o)
                0x0000000008000bd4                __cxxabiv1::__si_class_type_info::~__si_class_type_info()
                0x0000000008000bd4                __cxxabiv1::__si_class_type_info::~__si_class_type_info()
 .text._ZN10__cxxabiv120__si_class_type_infoD0Ev
                0x0000000008000be8       0x14 /usr/lib/gcc/arm-none-eabi/12.2.0/../../../../arm-none-eabi/lib/thumb/v7-m/nofp/libstdc++_nano.a(si_class_type_info.o)
                0x0000000008000be8                __cxxabiv1::__si_class_type_info::~__si_class_type_info()
 .text._ZNK10__cxxabiv120__si_class_type_info20__do_find_public_srcEiPKvPKNS_17__class_type_infoES2_
                0x0000000008000bfc       0x3c /usr/lib/gcc/arm-none-eabi/12.2.0/../../../../arm-none-eabi/lib/thumb/v7-m/nofp/libstdc++_nano.a(si_class_type_info.o)
                0x0000000008000bfc                __cxxabiv1::__si_class_type_info::__do_find_public_src(int, void const*, __cxxabiv1::__class_type_info const*, void const*) const
 .text._ZNK10__cxxabiv120__si_class_type_info12__do_dyncastEiNS_17__class_type_info10__sub_kindEPKS1_PKvS4_S6_RNS1_16__dyncast_resultE
                0x0000000008000c38       0x74 /usr/lib/gcc/arm-none-eabi/12.2.0/../../../../arm-none-eabi/lib/thumb/v7-m/nofp/libstdc++_nano.a(si_class_type_info.o)
                0x0000000008000c38                __cxxabiv1::__si_class_type_info::__do_dyncast(int, __cxxabiv1::__class_type_info::__sub_kind, __cxxabiv1::__class_type_info const*, void const*, __cxxabiv1::__class_type_info const*, void const*, __cxxabiv1::__class_type_info::__dyncast_result&) const
 .text._ZNK10__cxxabiv120__si_class_type_info11__do_upcastEPKNS_17__class_type_infoEPKvRNS1_15__upcast_resultE
                0x0000000008000cac       0x2a /usr/lib/gcc/arm-none-eabi/12.2.0/../../../../arm-none-eabi/lib/thumb/v7-m/nofp/libstdc++_nano.a(si_class_type_info.o)
                0x0000000008000cac                __cxxabiv1::__si_class_type_info::__do_upcast(__cxxabiv1::__class_type_info const*, void const*, __cxxabiv1::__class_type_info::__upcast_result&) const
 .text._ZNSt9type_infoD2Ev
                0x0000000008000cd6        0x2 /usr/lib/gcc/arm-none-eabi/12.2.0/../../../../arm-none-eabi/lib/thumb/v7-m/nofp/libstdc++_nano.a(tinfo.o)
                0x0000000008000cd6                std::type_info::~type_info()
                0x0000000008000cd6                std::type_info::~type_info()
 .text._ZNKSt9type_info14__is_pointer_pEv
                0x0000000008000cd8        0x4 /usr/lib/gcc/arm-none-eabi/12.2.0/../../../../arm-none-eabi/lib/thumb/v7-m/nofp/libstdc++_nano.a(tinfo.o)
                0x0000000008000cd8                std::type_info::__is_function_p() const
                0x0000000008000cd8                std::type_info::__is_pointer_p() const
 .text._ZNKSt9type_infoeqERKS_
                0x0000000008000cdc       0x2c /usr/lib/gcc/arm-none-eabi/12.2.0/../../../../arm-none-eabi/lib/thumb/v7-m/nofp/libstdc++_nano.a(tinfo.o)
                0x0000000008000cdc                std::type_info::__equal(std::type_info const&) const
                0x0000000008000cdc                std::type_info::operator==(std::type_info const&) const
 .text._ZNK10__cxxabiv117__class_type_info11__do_upcastEPKS0_PPv
                0x0000000008000d08       0x32 /usr/lib/gcc/arm-none-eabi/12.2.0/../../../../arm-none-eabi/lib/thumb/v7-m/nofp/libstdc++_nano.a(class_type_info.o)
                0x0000000008000d08                __cxxabiv1::__class_type_info::__do_upcast(__cxxabiv1::__class_type_info const*, void**) const
 .text._ZNK10__cxxabiv117__class_type_info20__do_find_public_srcEiPKvPKS0_S2_
                0x0000000008000d3a        0xc /usr/lib/gcc/arm-none-eabi/12.2.0/../../../../arm-none-eabi/lib/thumb/v7-m/nofp/libstdc++_nano.a(class_type_info.o)
                0x0000000008000d3a                __cxxabiv1::__class_type_info::__do_find_public_src(int, void const*, __cxxabiv1::__class_type_info const*, void const*) const
 *fill*         0x0000000008000d46        0x2 
 .text._ZN10__cxxabiv117__class_type_infoD2Ev
                0x0000000008000d48       0x14 /usr/lib/gcc/arm-none-eabi/12.2.0/../../../../arm-none-eabi/lib/thumb/v7-m/nofp/libstdc++_nano.a(class_type_info.o)
                0x0000000008000d48                __cxxabiv1::__class_type_info::~__class_type_info()
                0x0000000008000d48                __cxxabiv1::__class_type_info::~__class_type_info()
 .text._ZN10__cxxabiv117__class_type_infoD0Ev
                0x0000000008000d5c       0x14 /usr/lib/gcc/arm-none-eabi/12.2.0/../../../../arm-none-eabi/lib/thumb/v7-m/nofp/libstdc++_nano.a(class_type_info.o)
                0x0000000008000d5c                __cxxabiv1::__class_type_info::~__class_type_info()
 .text._ZNK10__cxxabiv117__class_type_info12__do_dyncastEiNS0_10__sub_kindEPKS0_PKvS3_S5_RNS0_16__dyncast_resultE
                0x0000000008000d70       0x3e /usr/lib/gcc/arm-none-eabi/12.2.0/../../../../arm-none-eabi/lib/thumb/v7-m/nofp/libstdc++_nano.a(class_type_info.o)
                0x0000000008000d70                __cxxabiv1::__class_type_info::__do_dyncast(int, __cxxabiv1::__class_type_info::__sub_kind, __cxxabiv1::__class_type_info const*, void const*, __cxxabiv1::__class_type_info const*, void const*, __cxxabiv1::__class_type_info::__dyncast_result&) const
 .text._ZNK10__cxxabiv117__class_type_info11__do_upcastEPKS0_PKvRNS0_15__upcast_resultE
                0x0000000008000dae       0x18 /usr/lib/gcc/arm-none-eabi/12.2.0/../../../../arm-none-eabi/lib/thumb/v7-m/nofp/libstdc++_nano.a(class_type_info.o)
                0x0000000008000dae                __cxxabiv1::__class_type_info::__do_upcast(__cxxabiv1::__class_type_info const*, void const*, __cxxabiv1::__class_type_info::__upcast_result&) const
 .text._ZNK10__cxxabiv117__class_type_info10__do_catchEPKSt9type_infoPPvj
                0x0000000008000dc6       0x2a /usr/lib/gcc/arm-none-eabi/12.2.0/../../../../arm-none-eabi/lib/thumb/v7-m/nofp/libstdc++_nano.a(class_type_info.o)
                0x0000000008000dc6                __cxxabiv1::__class_type_info::__do_catch(std::type_info const*, void**, unsigned int) const
 .text._ZdlPvj  0x0000000008000df0        0x4 /usr/lib/gcc/arm-none-eabi/12.2.0/../../../../arm-none-eabi/lib/thumb/v7-m/nofp/libstdc++_nano.a(del_ops.o)
                0x0000000008000df0                operator delete(void*, unsigned int)
 .text.abort    0x0000000008000df4        0xe /usr/lib/gcc/arm-none-eabi/12.2.0/../../../../arm-none-eabi/lib/thumb/v7-m/nofp/libc_nano.a(libc_a-abort.o)
                0x0000000008000df4                abort
 *fill*         0x0000000008000e02        0x2 
 .text.malloc   0x0000000008000e04       0x10 /usr/lib/gcc/arm-none-eabi/12.2.0/../../../../arm-none-eabi/lib/thumb/v7-m/nofp/libc_nano.a(libc_a-malloc.o)
                0x0000000008000e04                malloc
 .text.free     0x0000000008000e14       0x10 /usr/lib/gcc/arm-none-eabi/12.2.0/../../../../arm-none-eabi/lib/thumb/v7-m/nofp/libc_nano.a(libc_a-malloc.o)
                0x0000000008000e14                free
 .text.sbrk_aligned
                0x0000000008000e24       0x44 /usr/lib/gcc/arm-none-eabi/12.2.0/../../../../arm-none-eabi/lib/thumb/v7-m/nofp/libc_nano.a(libc_a-mallocr.o)
 .text._malloc_r
                0x0000000008000e68       0xf0 /usr/lib/gcc/arm-none-eabi/12.2.0/../../../../arm-none-eabi/lib/thumb/v7-m/nofp/libc_nano.a(libc_a-mallocr.o)
                0x0000000008000e68                _malloc_r
 .text.__malloc_lock
                0x0000000008000f58        0xc /usr/lib/gcc/arm-none-eabi/12.2.0/../../../../arm-none-eabi/lib/thumb/v7-m/nofp/libc_nano.a(libc_a-mlock.o)
                0x0000000008000f58                __malloc_lock
 .text.__malloc_unlock
                0x0000000008000f64        0xc /usr/lib/gcc/arm-none-eabi/12.2.0/../../../../arm-none-eabi/lib/thumb/v7-m/nofp/libc_nano.a(libc_a-mlock.o)
                0x0000000008000f64                __malloc_unlock
 .text.__cxa_atexit
                0x0000000008000f70       0x1c /usr/lib/gcc/arm-none-eabi/12.2.0/../../../../arm-none-eabi/lib/thumb/v7-m/nofp/libc_nano.a(libc_a-cxa_atexit.o)
                0x0000000008000f70                __cxa_atexit
 .text._raise_r
                0x0000000008000f8c       0x50 /usr/lib/gcc/arm-none-eabi/12.2.0/../../../../arm-none-eabi/lib/thumb/v7-m/nofp/libc_nano.a(libc_a-signal.o)
                0x0000000008000f8c                _raise_r
 .text.raise    0x0000000008000fdc       0x10 /usr/lib/gcc/arm-none-eabi/12.2.0/../../../../arm-none-eabi/lib/thumb/v7-m/nofp/libc_nano.a(libc_a-signal.o)
                0x0000000008000fdc                raise
 .text._kill_r  0x0000000008000fec       0x24 /usr/lib/gcc/arm-none-eabi/12.2.0/../../../../arm-none-eabi/lib/thumb/v7-m/nofp/libc_nano.a(libc_a-signalr.o)
                0x0000000008000fec                _kill_r
 .text._getpid_r
                0x0000000008001010        0x4 /usr/lib/gcc/arm-none-eabi/12.2.0/../../../../arm-none-eabi/lib/thumb/v7-m/nofp/libc_nano.a(libc_a-signalr.o)
                0x0000000008001010                _getpid_r
 .text._sbrk_r  0x0000000008001014       0x20 /usr/lib/gcc/arm-none-eabi/12.2.0/../../../../arm-none-eabi/lib/thumb/v7-m/nofp/libc_nano.a(libc_a-sbrkr.o)
                0x0000000008001014                _sbrk_r
 .text.__retarget_lock_acquire_recursive
                0x0000000008001034        0x2 /usr/lib/gcc/arm-none-eabi/12.2.0/../../../../arm-none-eabi/lib/thumb/v7-m/nofp/libc_nano.a(libc_a-lock.o)
                0x0000000008001034                __retarget_lock_acquire_recursive
 .text.__retarget_lock_release_recursive
                0x0000000008001036        0x2 /usr/lib/gcc/arm-none-eabi/12.2.0/../../../../arm-none-eabi/lib/thumb/v7-m/nofp/libc_nano.a(libc_a-lock.o)
                0x0000000008001036                __retarget_lock_release_recursive
 .text.__register_exitproc
                0x0000000008001038       0xbc /usr/lib/gcc/arm-none-eabi/12.2.0/../../../../arm-none-eabi/lib/thumb/v7-m/nofp/libc_nano.a(libc_a-__atexit.o)
                0x0000000008001038                __register_exitproc
 .text._free_r  0x00000000080010f4       0x90 /usr/lib/gcc/arm-none-eabi/12.2.0/../../../../arm-none-eabi/lib/thumb/v7-m/nofp/libc_nano.a(libc_a-freer.o)
                0x00000000080010f4                _free_r
 .text.selfrel_offset31
                0x0000000008001184       0x12 /usr/lib/gcc/arm-none-eabi/12.2.0/thumb/v7-m/nofp/libgcc.a(unwind-arm.o)
 .text.search_EIT_table
                0x0000000008001196       0x60 /usr/lib/gcc/arm-none-eabi/12.2.0/thumb/v7-m/nofp/libgcc.a(unwind-arm.o)
 *fill*         0x00000000080011f6        0x2 
 .text.__gnu_unwind_get_pr_addr
                0x00000000080011f8       0x28 /usr/lib/gcc/arm-none-eabi/12.2.0/thumb/v7-m/nofp/libgcc.a(unwind-arm.o)
 .text.get_eit_entry
                0x0000000008001220       0x8c /usr/lib/gcc/arm-none-eabi/12.2.0/thumb/v7-m/nofp/libgcc.a(unwind-arm.o)
 .text.restore_non_core_regs
                0x00000000080012ac       0x4c /usr/lib/gcc/arm-none-eabi/12.2.0/thumb/v7-m/nofp/libgcc.a(unwind-arm.o)
 .text._Unwind_decode_typeinfo_ptr.constprop.0
                0x00000000080012f8        0xa /usr/lib/gcc/arm-none-eabi/12.2.0/thumb/v7-m/nofp/libgcc.a(unwind-arm.o)
 .text._Unwind_DebugHook
                0x0000000008001302        0x2 /usr/lib/gcc/arm-none-eabi/12.2.0/thumb/v7-m/nofp/libgcc.a(unwind-arm.o)
 .text.unwind_phase2
                0x0000000008001304       0x3a /usr/lib/gcc/arm-none-eabi/12.2.0/thumb/v7-m/nofp/libgcc.a(unwind-arm.o)
 .text.unwind_phase2_forced
                0x000000000800133e       0xba /usr/lib/gcc/arm-none-eabi/12.2.0/thumb/v7-m/nofp/libgcc.a(unwind-arm.o)
 .text.__gnu_Unwind_RaiseException
                0x00000000080013f8       0x5a /usr/lib/gcc/arm-none-eabi/12.2.0/thumb/v7-m/nofp/libgcc.a(unwind-arm.o)
                0x00000000080013f8                __gnu_Unwind_RaiseException
 .text.__gnu_Unwind_ForcedUnwind
                0x0000000008001452       0x14 /usr/lib/gcc/arm-none-eabi/12.2.0/thumb/v7-m/nofp/libgcc.a(unwind-arm.o)
                0x0000000008001452                __gnu_Unwind_ForcedUnwind
 .text.__gnu_Unwind_Resume
                0x0000000008001466       0x40 /usr/lib/gcc/arm-none-eabi/12.2.0/thumb/v7-m/nofp/libgcc.a(unwind-arm.o)
                0x0000000008001466                __gnu_Unwind_Resume
 .text.__gnu_Unwind_Resume_or_Rethrow
                0x00000000080014a6       0x12 /usr/lib/gcc/arm-none-eabi/12.2.0/thumb/v7-m/nofp/libgcc.a(unwind-arm.o)
                0x00000000080014a6                __gnu_Unwind_Resume_or_Rethrow
 .text._Unwind_Complete
                0x00000000080014b8        0x2 /usr/lib/gcc/arm-none-eabi/12.2.0/thumb/v7-m/nofp/libgcc.a(unwind-arm.o)
                0x00000000080014b8                _Unwind_Complete
 .text._Unwind_VRS_Get
                0x00000000080014ba       0x30 /usr/lib/gcc/arm-none-eabi/12.2.0/thumb/v7-m/nofp/libgcc.a(unwind-arm.o)
                0x00000000080014ba                _Unwind_VRS_Get
 .text._Unwind_GetGR
                0x00000000080014ea       0x18 /usr/lib/gcc/arm-none-eabi/12.2.0/thumb/v7-m/nofp/libgcc.a(unwind-arm.o)
 .text._Unwind_VRS_Set
                0x0000000008001502       0x30 /usr/lib/gcc/arm-none-eabi/12.2.0/thumb/v7-m/nofp/libgcc.a(unwind-arm.o)
                0x0000000008001502                _Unwind_VRS_Set
 .text._Unwind_SetGR
                0x0000000008001532       0x18 /usr/lib/gcc/arm-none-eabi/12.2.0/thumb/v7-m/nofp/libgcc.a(unwind-arm.o)
 .text.__gnu_Unwind_Backtrace
                0x000000000800154a       0x6c /usr/lib/gcc/arm-none-eabi/12.2.0/thumb/v7-m/nofp/libgcc.a(unwind-arm.o)
                0x000000000800154a                __gnu_Unwind_Backtrace
 *fill*         0x00000000080015b6        0x2 
 .text.__gnu_unwind_pr_common
                0x00000000080015b8      0x24c /usr/lib/gcc/arm-none-eabi/12.2.0/thumb/v7-m/nofp/libgcc.a(unwind-arm.o)
 .text.__aeabi_unwind_cpp_pr0
                0x0000000008001804        0x6 /usr/lib/gcc/arm-none-eabi/12.2.0/thumb/v7-m/nofp/libgcc.a(unwind-arm.o)
                0x0000000008001804                __aeabi_unwind_cpp_pr0
 .text.__aeabi_unwind_cpp_pr1
                0x000000000800180a        0x6 /usr/lib/gcc/arm-none-eabi/12.2.0/thumb/v7-m/nofp/libgcc.a(unwind-arm.o)
                0x000000000800180a                __aeabi_unwind_cpp_pr1
 .text.__aeabi_unwind_cpp_pr2
                0x0000000008001810        0x6 /usr/lib/gcc/arm-none-eabi/12.2.0/thumb/v7-m/nofp/libgcc.a(unwind-arm.o)
                0x0000000008001810                __aeabi_unwind_cpp_pr2
 .text._Unwind_VRS_Pop
                0x0000000008001816      0x26a /usr/lib/gcc/arm-none-eabi/12.2.0/thumb/v7-m/nofp/libgcc.a(unwind-arm.o)
                0x0000000008001816                _Unwind_VRS_Pop
 .text.next_unwind_byte
                0x0000000008001a80       0x30 /usr/lib/gcc/arm-none-eabi/12.2.0/thumb/v7-m/nofp/libgcc.a(pr-support.o)
 .text._Unwind_GetGR.constprop.0
                0x0000000008001ab0       0x18 /usr/lib/gcc/arm-none-eabi/12.2.0/thumb/v7-m/nofp/libgcc.a(pr-support.o)
 .text.unwind_UCB_from_context
                0x0000000008001ac8        0x4 /usr/lib/gcc/arm-none-eabi/12.2.0/thumb/v7-m/nofp/libgcc.a(pr-support.o)
 .text.__gnu_unwind_execute
                0x0000000008001acc      0x244 /usr/lib/gcc/arm-none-eabi/12.2.0/thumb/v7-m/nofp/libgcc.a(pr-support.o)
                0x0000000008001acc                __gnu_unwind_execute
 .text.__gnu_unwind_frame
                0x0000000008001d10       0x2a /usr/lib/gcc/arm-none-eabi/12.2.0/thumb/v7-m/nofp/libgcc.a(pr-support.o)
                0x0000000008001d10                __gnu_unwind_frame
 .text._Unwind_GetRegionStart
                0x0000000008001d3a        0xa /usr/lib/gcc/arm-none-eabi/12.2.0/thumb/v7-m/nofp/libgcc.a(pr-support.o)
                0x0000000008001d3a                _Unwind_GetRegionStart
 .text._Unwind_GetLanguageSpecificData
                0x0000000008001d44       0x12 /usr/lib/gcc/arm-none-eabi/12.2.0/thumb/v7-m/nofp/libgcc.a(pr-support.o)
                0x0000000008001d44                _Unwind_GetLanguageSpecificData
 .text.unlikely._Unwind_GetDataRelBase
                0x0000000008001d56        0x6 /usr/lib/gcc/arm-none-eabi/12.2.0/thumb/v7-m/nofp/libgcc.a(pr-support.o)
                0x0000000008001d56                _Unwind_GetDataRelBase
 .text.unlikely._Unwind_GetTextRelBase
                0x0000000008001d5c        0x6 /usr/lib/gcc/arm-none-eabi/12.2.0/thumb/v7-m/nofp/libgcc.a(pr-support.o)
                0x0000000008001d5c                _Unwind_GetTextRelBase
 .text.memcpy   0x0000000008001d62       0x1c /usr/lib/gcc/arm-none-eabi/12.2.0/../../../../arm-none-eabi/lib/thumb/v7-m/nofp/libc_nano.a(libc_a-memcpy-stub.o)
                0x0000000008001d62                memcpy
 *fill*         0x0000000008001d7e        0x2 
 .text._getpid  0x0000000008001d80       0x10 /usr/lib/gcc/arm-none-eabi/12.2.0/../../../../arm-none-eabi/lib/thumb/v7-m/nofp/libnosys.a(getpid.o)
                0x0000000008001d80                _getpid
 .text._kill    0x0000000008001d90       0x10 /usr/lib/gcc/arm-none-eabi/12.2.0/../../../../arm-none-eabi/lib/thumb/v7-m/nofp/libnosys.a(kill.o)
                0x0000000008001d90                _kill
 .text._sbrk    0x0000000008001da0       0x1c /usr/lib/gcc/arm-none-eabi/12.2.0/../../../../arm-none-eabi/lib/thumb/v7-m/nofp/libnosys.a(sbrk.o)
                0x0000000008001da0                _sbrk
 .text._exit    0x0000000008001dbc        0x4 /usr/lib/gcc/arm-none-eabi/12.2.0/../../../../arm-none-eabi/lib/thumb/v7-m/nofp/libnosys.a(_exit.o)
                0x0000000008001dbc                _exit
 *(.rodata)
 *(.rodata*)
 .rodata._ZTSN10__cxxabiv115__forced_unwindE
                0x0000000008001dc0       0x20 /usr/lib/gcc/arm-none-eabi/12.2.0/../../../../arm-none-eabi/lib/thumb/v7-m/nofp/libstdc++_nano.a(eh_exception.o)
                0x0000000008001dc0                typeinfo name for __cxxabiv1::__forced_unwind
 .rodata._ZTIN10__cxxabiv115__forced_unwindE
                0x0000000008001de0        0x8 /usr/lib/gcc/arm-none-eabi/12.2.0/../../../../arm-none-eabi/lib/thumb/v7-m/nofp/libstdc++_nano.a(eh_exception.o)
                0x0000000008001de0                typeinfo for __cxxabiv1::__forced_unwind
 .rodata._ZTSN10__cxxabiv119__foreign_exceptionE
                0x0000000008001de8       0x24 /usr/lib/gcc/arm-none-eabi/12.2.0/../../../../arm-none-eabi/lib/thumb/v7-m/nofp/libstdc++_nano.a(eh_exception.o)
                0x0000000008001de8                typeinfo name for __cxxabiv1::__foreign_exception
 .rodata._ZTIN10__cxxabiv119__foreign_exceptionE
                0x0000000008001e0c        0x8 /usr/lib/gcc/arm-none-eabi/12.2.0/../../../../arm-none-eabi/lib/thumb/v7-m/nofp/libstdc++_nano.a(eh_exception.o)
                0x0000000008001e0c                typeinfo for __cxxabiv1::__foreign_exception
 .rodata._ZTSN10__cxxabiv120__si_class_type_infoE
                0x0000000008001e14       0x25 /usr/lib/gcc/arm-none-eabi/12.2.0/../../../../arm-none-eabi/lib/thumb/v7-m/nofp/libstdc++_nano.a(si_class_type_info.o)
                0x0000000008001e14                typeinfo name for __cxxabiv1::__si_class_type_info
 *fill*         0x0000000008001e39        0x3 
 .rodata._ZTIN10__cxxabiv120__si_class_type_infoE
                0x0000000008001e3c        0xc /usr/lib/gcc/arm-none-eabi/12.2.0/../../../../arm-none-eabi/lib/thumb/v7-m/nofp/libstdc++_nano.a(si_class_type_info.o)
                0x0000000008001e3c                typeinfo for __cxxabiv1::__si_class_type_info
 .rodata._ZTVN10__cxxabiv120__si_class_type_infoE
                0x0000000008001e48       0x2c /usr/lib/gcc/arm-none-eabi/12.2.0/../../../../arm-none-eabi/lib/thumb/v7-m/nofp/libstdc++_nano.a(si_class_type_info.o)
                0x0000000008001e48                vtable for __cxxabiv1::__si_class_type_info
 .rodata._ZTSSt9type_info
                0x0000000008001e74        0xd /usr/lib/gcc/arm-none-eabi/12.2.0/../../../../arm-none-eabi/lib/thumb/v7-m/nofp/libstdc++_nano.a(tinfo.o)
                0x0000000008001e74                typeinfo name for std::type_info
 *fill*         0x0000000008001e81        0x3 
 .rodata._ZTISt9type_info
                0x0000000008001e84        0x8 /usr/lib/gcc/arm-none-eabi/12.2.0/../../../../arm-none-eabi/lib/thumb/v7-m/nofp/libstdc++_nano.a(tinfo.o)
                0x0000000008001e84                typeinfo for std::type_info
 .rodata._ZTSN10__cxxabiv117__class_type_infoE
                0x0000000008001e8c       0x22 /usr/lib/gcc/arm-none-eabi/12.2.0/../../../../arm-none-eabi/lib/thumb/v7-m/nofp/libstdc++_nano.a(class_type_info.o)
                0x0000000008001e8c                typeinfo name for __cxxabiv1::__class_type_info
 *fill*         0x0000000008001eae        0x2 
 .rodata._ZTIN10__cxxabiv117__class_type_infoE
                0x0000000008001eb0        0xc /usr/lib/gcc/arm-none-eabi/12.2.0/../../../../arm-none-eabi/lib/thumb/v7-m/nofp/libstdc++_nano.a(class_type_info.o)
                0x0000000008001eb0                typeinfo for __cxxabiv1::__class_type_info
 .rodata._ZTVN10__cxxabiv117__class_type_infoE
                0x0000000008001ebc       0x2c /usr/lib/gcc/arm-none-eabi/12.2.0/../../../../arm-none-eabi/lib/thumb/v7-m/nofp/libstdc++_nano.a(class_type_info.o)
                0x0000000008001ebc                vtable for __cxxabiv1::__class_type_info
 .rodata.__on_exit_args
                0x0000000008001ee8        0x4 /usr/lib/gcc/arm-none-eabi/12.2.0/../../../../arm-none-eabi/lib/thumb/v7-m/nofp/libc_nano.a(libc_a-on_exit_args.o)
                0x0000000008001ee8                __on_exit_args
 *(.glue_7)
 .glue_7        0x0000000008001eec        0x0 linker stubs
 *(.glue_7t)
 .glue_7t       0x0000000008001eec        0x0 linker stubs
 *(.init)
 .init          0x0000000008001eec        0x4 /usr/lib/gcc/arm-none-eabi/12.2.0/thumb/v7-m/nofp/crti.o
                0x0000000008001eec                _init
 .init          0x0000000008001ef0        0x8 /usr/lib/gcc/arm-none-eabi/12.2.0/thumb/v7-m/nofp/crtn.o
 *(.fini)
 .fini          0x0000000008001ef8        0x4 /usr/lib/gcc/arm-none-eabi/12.2.0/thumb/v7-m/nofp/crti.o
                0x0000000008001ef8                _fini
 .fini          0x0000000008001efc        0x8 /usr/lib/gcc/arm-none-eabi/12.2.0/thumb/v7-m/nofp/crtn.o
                0x0000000008001f04                . = ALIGN (0x4)
                0x0000000008001f04                _etext = .

.vfp11_veneer   0x0000000008001f04        0x0
 .vfp11_veneer  0x0000000008001f04        0x0 linker stubs

.v4_bx          0x0000000008001f04        0x0
 .v4_bx         0x0000000008001f04        0x0 linker stubs

.iplt           0x0000000008001f04        0x0
 .iplt          0x0000000008001f04        0x0 /usr/lib/gcc/arm-none-eabi/12.2.0/thumb/v7-m/nofp/crtbegin.o

.ARM.extab      0x0000000008001f04       0x50
 *(.ARM.extab* .gnu.linkonce.armextab.*)
 .ARM.extab.text._ZNSt12_Vector_baseIiSaIiEE12_Vector_implD2Ev
                0x0000000008001f04        0x0 ./User/EventLoop.o
 .ARM.extab.text._ZNSt12_Vector_baseIiSaIiEEC2Ev
                0x0000000008001f04        0x0 ./User/EventLoop.o
 .ARM.extab.text._ZNSt6vectorIiSaIiEEC2Ev
                0x0000000008001f04        0x0 ./User/EventLoop.o
 .ARM.extab.text._ZNSt12_Vector_baseIiSaIiEE12_Vector_implC2Ev
                0x0000000008001f04        0x0 ./User/EventLoop.o
 .ARM.extab.text._ZNSaIiED2Ev
                0x0000000008001f04        0x0 ./User/EventLoop.o
 .ARM.extab.text._ZNSt12_Vector_baseIiSaIiEED2Ev
                0x0000000008001f04       0x10 ./User/EventLoop.o
 .ARM.extab.text._ZNSaIiEC2Ev
                0x0000000008001f14        0x0 ./User/EventLoop.o
 .ARM.extab.text._ZNSt12_Vector_baseIiSaIiEE17_Vector_impl_dataC2Ev
                0x0000000008001f14        0x0 ./User/EventLoop.o
 .ARM.extab.text._ZNSt15__new_allocatorIiED2Ev
                0x0000000008001f14        0x0 ./User/EventLoop.o
 .ARM.extab.text._ZNSt12_Vector_baseIiSaIiEE13_M_deallocateEPij
                0x0000000008001f14        0xc ./User/EventLoop.o
 .ARM.extab.text._ZNSt15__new_allocatorIiEC2Ev
                0x0000000008001f20        0x0 ./User/EventLoop.o
 .ARM.extab.text._ZNSt16allocator_traitsISaIiEE10deallocateERS0_Pij
                0x0000000008001f20        0x0 ./User/EventLoop.o
 .ARM.extab.text._ZNSt15__new_allocatorIiE10deallocateEPij
                0x0000000008001f20        0x0 ./User/EventLoop.o
 .ARM.extab.text._ZNSt6vectorIiSaIiEED2Ev
                0x0000000008001f20       0x10 ./User/EventLoop.o
 .ARM.extab.text._ZNSt12_Vector_baseIiSaIiEE19_M_get_Tp_allocatorEv
                0x0000000008001f30        0x0 ./User/EventLoop.o
 .ARM.extab.text._ZSt8_DestroyIPiiEvT_S1_RSaIT0_E
                0x0000000008001f30        0xc ./User/EventLoop.o
 .ARM.extab.text._ZSt8_DestroyIPiEvT_S1_
                0x0000000008001f3c        0x0 ./User/EventLoop.o
 .ARM.extab.text._ZNSt12_Destroy_auxILb1EE9__destroyIPiEEvT_S3_
                0x0000000008001f3c        0x0 ./User/EventLoop.o
 .ARM.extab.text._Unwind_GetRegionStart
                0x0000000008001f3c        0xc /usr/lib/gcc/arm-none-eabi/12.2.0/thumb/v7-m/nofp/libgcc.a(pr-support.o)
 .ARM.extab.text._Unwind_GetLanguageSpecificData
                0x0000000008001f48        0xc /usr/lib/gcc/arm-none-eabi/12.2.0/thumb/v7-m/nofp/libgcc.a(pr-support.o)

.eh_frame       0x0000000008001f54        0x0
 .eh_frame      0x0000000008001f54        0x0 /usr/lib/gcc/arm-none-eabi/12.2.0/thumb/v7-m/nofp/crtbegin.o

.ARM            0x0000000008001f54       0xf0
                0x0000000008001f54                __exidx_start = .
 *(.ARM.exidx*)
 .ARM.exidx     0x0000000008001f54        0x8 /usr/lib/gcc/arm-none-eabi/12.2.0/../../../../arm-none-eabi/lib/thumb/v7-m/nofp/libc_nano.a(libc_a-strcmp.o)
 .ARM.exidx.text._ZNSt12_Vector_baseIiSaIiEE12_Vector_implD2Ev
                0x0000000008001f5c        0x0 ./User/EventLoop.o
                                          0x8 (size before relaxing)
 .ARM.exidx.text._ZNSt12_Vector_baseIiSaIiEEC2Ev
                0x0000000008001f5c        0x0 ./User/EventLoop.o
                                          0x8 (size before relaxing)
 .ARM.exidx.text._ZNSt6vectorIiSaIiEEC2Ev
                0x0000000008001f5c        0x0 ./User/EventLoop.o
                                          0x8 (size before relaxing)
 .ARM.exidx.text._ZNSt12_Vector_baseIiSaIiEE12_Vector_implC2Ev
                0x0000000008001f5c        0x0 ./User/EventLoop.o
                                          0x8 (size before relaxing)
 .ARM.exidx.text._ZNSaIiED2Ev
                0x0000000008001f5c        0x0 ./User/EventLoop.o
                                          0x8 (size before relaxing)
 .ARM.exidx.text._ZNSt12_Vector_baseIiSaIiEED2Ev
                0x0000000008001f5c        0x8 ./User/EventLoop.o
 .ARM.exidx.text._ZNSaIiEC2Ev
                0x0000000008001f64        0x8 ./User/EventLoop.o
 .ARM.exidx.text._ZNSt12_Vector_baseIiSaIiEE17_Vector_impl_dataC2Ev
                0x0000000008001f6c        0x0 ./User/EventLoop.o
                                          0x8 (size before relaxing)
 .ARM.exidx.text._ZNSt15__new_allocatorIiED2Ev
                0x0000000008001f6c        0x0 ./User/EventLoop.o
                                          0x8 (size before relaxing)
 .ARM.exidx.text._ZNSt12_Vector_baseIiSaIiEE13_M_deallocateEPij
                0x0000000008001f6c        0x8 ./User/EventLoop.o
 .ARM.exidx.text._ZNSt15__new_allocatorIiEC2Ev
                0x0000000008001f74        0x8 ./User/EventLoop.o
 .ARM.exidx.text._ZNSt16allocator_traitsISaIiEE10deallocateERS0_Pij
                0x0000000008001f7c        0x0 ./User/EventLoop.o
                                          0x8 (size before relaxing)
 .ARM.exidx.text._ZNSt15__new_allocatorIiE10deallocateEPij
                0x0000000008001f7c        0x0 ./User/EventLoop.o
                                          0x8 (size before relaxing)
 .ARM.exidx.text._Z41__static_initialization_and_destruction_0ii
                0x0000000008001f7c        0x0 ./User/EventLoop.o
                                          0x8 (size before relaxing)
 .ARM.exidx.text._ZNSt6vectorIiSaIiEED2Ev
                0x0000000008001f7c        0x8 ./User/EventLoop.o
 .ARM.exidx.text._ZNSt12_Vector_baseIiSaIiEE19_M_get_Tp_allocatorEv
                0x0000000008001f84        0x8 ./User/EventLoop.o
 .ARM.exidx.text._ZSt8_DestroyIPiiEvT_S1_RSaIT0_E
                0x0000000008001f8c        0x8 ./User/EventLoop.o
 .ARM.exidx.text._ZSt8_DestroyIPiEvT_S1_
                0x0000000008001f94        0x8 ./User/EventLoop.o
 .ARM.exidx.text._ZNSt12_Destroy_auxILb1EE9__destroyIPiEEvT_S3_
                0x0000000008001f9c        0x0 ./User/EventLoop.o
                                          0x8 (size before relaxing)
 .ARM.exidx.text._GLOBAL__sub_I_a
                0x0000000008001f9c        0x0 ./User/EventLoop.o
                                          0x8 (size before relaxing)
 .ARM.exidx.text.selfrel_offset31
                0x0000000008001f9c        0x0 /usr/lib/gcc/arm-none-eabi/12.2.0/thumb/v7-m/nofp/libgcc.a(unwind-arm.o)
                                          0x8 (size before relaxing)
 .ARM.exidx.text.search_EIT_table
                0x0000000008001f9c        0x0 /usr/lib/gcc/arm-none-eabi/12.2.0/thumb/v7-m/nofp/libgcc.a(unwind-arm.o)
                                          0x8 (size before relaxing)
 .ARM.exidx.text.__gnu_unwind_get_pr_addr
                0x0000000008001f9c        0x0 /usr/lib/gcc/arm-none-eabi/12.2.0/thumb/v7-m/nofp/libgcc.a(unwind-arm.o)
                                          0x8 (size before relaxing)
 .ARM.exidx.text.get_eit_entry
                0x0000000008001f9c        0x8 /usr/lib/gcc/arm-none-eabi/12.2.0/thumb/v7-m/nofp/libgcc.a(unwind-arm.o)
 .ARM.exidx.text.restore_non_core_regs
                0x0000000008001fa4        0x8 /usr/lib/gcc/arm-none-eabi/12.2.0/thumb/v7-m/nofp/libgcc.a(unwind-arm.o)
 .ARM.exidx.text._Unwind_decode_typeinfo_ptr.constprop.0
                0x0000000008001fac        0x8 /usr/lib/gcc/arm-none-eabi/12.2.0/thumb/v7-m/nofp/libgcc.a(unwind-arm.o)
 .ARM.exidx.text._Unwind_DebugHook
                0x0000000008001fb4        0x0 /usr/lib/gcc/arm-none-eabi/12.2.0/thumb/v7-m/nofp/libgcc.a(unwind-arm.o)
                                          0x8 (size before relaxing)
 .ARM.exidx.text.unwind_phase2
                0x0000000008001fb4        0x8 /usr/lib/gcc/arm-none-eabi/12.2.0/thumb/v7-m/nofp/libgcc.a(unwind-arm.o)
 .ARM.exidx.text.unwind_phase2_forced
                0x0000000008001fbc        0x8 /usr/lib/gcc/arm-none-eabi/12.2.0/thumb/v7-m/nofp/libgcc.a(unwind-arm.o)
 .ARM.exidx.text.__gnu_Unwind_RaiseException
                0x0000000008001fc4        0x8 /usr/lib/gcc/arm-none-eabi/12.2.0/thumb/v7-m/nofp/libgcc.a(unwind-arm.o)
 .ARM.exidx.text.__gnu_Unwind_ForcedUnwind
                0x0000000008001fcc        0x8 /usr/lib/gcc/arm-none-eabi/12.2.0/thumb/v7-m/nofp/libgcc.a(unwind-arm.o)
 .ARM.exidx.text.__gnu_Unwind_Resume
                0x0000000008001fd4        0x8 /usr/lib/gcc/arm-none-eabi/12.2.0/thumb/v7-m/nofp/libgcc.a(unwind-arm.o)
 .ARM.exidx.text.__gnu_Unwind_Resume_or_Rethrow
                0x0000000008001fdc        0x8 /usr/lib/gcc/arm-none-eabi/12.2.0/thumb/v7-m/nofp/libgcc.a(unwind-arm.o)
 .ARM.exidx.text._Unwind_Complete
                0x0000000008001fe4        0x0 /usr/lib/gcc/arm-none-eabi/12.2.0/thumb/v7-m/nofp/libgcc.a(unwind-arm.o)
                                          0x8 (size before relaxing)
 .ARM.exidx.text._Unwind_VRS_Get
                0x0000000008001fe4        0x0 /usr/lib/gcc/arm-none-eabi/12.2.0/thumb/v7-m/nofp/libgcc.a(unwind-arm.o)
                                          0x8 (size before relaxing)
 .ARM.exidx.text._Unwind_GetGR
                0x0000000008001fe4        0x0 /usr/lib/gcc/arm-none-eabi/12.2.0/thumb/v7-m/nofp/libgcc.a(unwind-arm.o)
                                          0x8 (size before relaxing)
 .ARM.exidx.text._Unwind_VRS_Set
                0x0000000008001fe4        0x0 /usr/lib/gcc/arm-none-eabi/12.2.0/thumb/v7-m/nofp/libgcc.a(unwind-arm.o)
                                          0x8 (size before relaxing)
 .ARM.exidx.text._Unwind_SetGR
                0x0000000008001fe4        0x0 /usr/lib/gcc/arm-none-eabi/12.2.0/thumb/v7-m/nofp/libgcc.a(unwind-arm.o)
                                          0x8 (size before relaxing)
 .ARM.exidx.text.__gnu_Unwind_Backtrace
                0x0000000008001fe4        0x8 /usr/lib/gcc/arm-none-eabi/12.2.0/thumb/v7-m/nofp/libgcc.a(unwind-arm.o)
 .ARM.exidx.text.__gnu_unwind_pr_common
                0x0000000008001fec        0x8 /usr/lib/gcc/arm-none-eabi/12.2.0/thumb/v7-m/nofp/libgcc.a(unwind-arm.o)
 .ARM.exidx.text.__aeabi_unwind_cpp_pr0
                0x0000000008001ff4        0x8 /usr/lib/gcc/arm-none-eabi/12.2.0/thumb/v7-m/nofp/libgcc.a(unwind-arm.o)
 .ARM.exidx.text.__aeabi_unwind_cpp_pr1
                0x0000000008001ffc        0x0 /usr/lib/gcc/arm-none-eabi/12.2.0/thumb/v7-m/nofp/libgcc.a(unwind-arm.o)
                                          0x8 (size before relaxing)
 .ARM.exidx.text.__aeabi_unwind_cpp_pr2
                0x0000000008001ffc        0x0 /usr/lib/gcc/arm-none-eabi/12.2.0/thumb/v7-m/nofp/libgcc.a(unwind-arm.o)
                                          0x8 (size before relaxing)
 .ARM.exidx.text._Unwind_VRS_Pop
                0x0000000008001ffc        0x8 /usr/lib/gcc/arm-none-eabi/12.2.0/thumb/v7-m/nofp/libgcc.a(unwind-arm.o)
 .ARM.exidx.text.next_unwind_byte
                0x0000000008002004        0x8 /usr/lib/gcc/arm-none-eabi/12.2.0/thumb/v7-m/nofp/libgcc.a(pr-support.o)
 .ARM.exidx.text._Unwind_GetGR.constprop.0
                0x000000000800200c        0x8 /usr/lib/gcc/arm-none-eabi/12.2.0/thumb/v7-m/nofp/libgcc.a(pr-support.o)
 .ARM.exidx.text.unwind_UCB_from_context
                0x0000000008002014        0x8 /usr/lib/gcc/arm-none-eabi/12.2.0/thumb/v7-m/nofp/libgcc.a(pr-support.o)
 .ARM.exidx.text.__gnu_unwind_execute
                0x000000000800201c        0x8 /usr/lib/gcc/arm-none-eabi/12.2.0/thumb/v7-m/nofp/libgcc.a(pr-support.o)
 .ARM.exidx.text.__gnu_unwind_frame
                0x0000000008002024        0x8 /usr/lib/gcc/arm-none-eabi/12.2.0/thumb/v7-m/nofp/libgcc.a(pr-support.o)
 .ARM.exidx.text._Unwind_GetRegionStart
                0x000000000800202c        0x8 /usr/lib/gcc/arm-none-eabi/12.2.0/thumb/v7-m/nofp/libgcc.a(pr-support.o)
 .ARM.exidx.text._Unwind_GetLanguageSpecificData
                0x0000000008002034        0x8 /usr/lib/gcc/arm-none-eabi/12.2.0/thumb/v7-m/nofp/libgcc.a(pr-support.o)
 .ARM.exidx.text.unlikely._Unwind_GetDataRelBase
                0x000000000800203c        0x8 /usr/lib/gcc/arm-none-eabi/12.2.0/thumb/v7-m/nofp/libgcc.a(pr-support.o)
 .ARM.exidx.text.unlikely._Unwind_GetTextRelBase
                0x0000000008002044        0x0 /usr/lib/gcc/arm-none-eabi/12.2.0/thumb/v7-m/nofp/libgcc.a(pr-support.o)
                                          0x8 (size before relaxing)
                0x0000000008002044                __exidx_end = .

.rel.dyn        0x0000000008002044        0x0
 .rel.iplt      0x0000000008002044        0x0 /usr/lib/gcc/arm-none-eabi/12.2.0/thumb/v7-m/nofp/crtbegin.o

.ARM.attributes
                0x0000000008002044       0x29
 *(.ARM.attributes)
 .ARM.attributes
                0x0000000008002044       0x1d /usr/lib/gcc/arm-none-eabi/12.2.0/thumb/v7-m/nofp/crti.o
 .ARM.attributes
                0x0000000008002061       0x2d /usr/lib/gcc/arm-none-eabi/12.2.0/thumb/v7-m/nofp/crtbegin.o
 .ARM.attributes
                0x000000000800208e       0x2d ./User/EventLoop.o
 .ARM.attributes
                0x00000000080020bb       0x2d /usr/lib/gcc/arm-none-eabi/12.2.0/../../../../arm-none-eabi/lib/thumb/v7-m/nofp/libstdc++_nano.a(atexit_arm.o)
 .ARM.attributes
                0x00000000080020e8       0x2d /usr/lib/gcc/arm-none-eabi/12.2.0/../../../../arm-none-eabi/lib/thumb/v7-m/nofp/libstdc++_nano.a(del_op.o)
 .ARM.attributes
                0x0000000008002115       0x2d /usr/lib/gcc/arm-none-eabi/12.2.0/../../../../arm-none-eabi/lib/thumb/v7-m/nofp/libstdc++_nano.a(eh_personality.o)
 .ARM.attributes
                0x0000000008002142       0x2d /usr/lib/gcc/arm-none-eabi/12.2.0/../../../../arm-none-eabi/lib/thumb/v7-m/nofp/libstdc++_nano.a(eh_terminate.o)
 .ARM.attributes
                0x000000000800216f       0x2d /usr/lib/gcc/arm-none-eabi/12.2.0/../../../../arm-none-eabi/lib/thumb/v7-m/nofp/libstdc++_nano.a(eh_unex_handler.o)
 .ARM.attributes
                0x000000000800219c       0x2d /usr/lib/gcc/arm-none-eabi/12.2.0/../../../../arm-none-eabi/lib/thumb/v7-m/nofp/libstdc++_nano.a(eh_arm.o)
 .ARM.attributes
                0x00000000080021c9       0x2d /usr/lib/gcc/arm-none-eabi/12.2.0/../../../../arm-none-eabi/lib/thumb/v7-m/nofp/libstdc++_nano.a(eh_call.o)
 .ARM.attributes
                0x00000000080021f6       0x2d /usr/lib/gcc/arm-none-eabi/12.2.0/../../../../arm-none-eabi/lib/thumb/v7-m/nofp/libstdc++_nano.a(eh_catch.o)
 .ARM.attributes
                0x0000000008002223       0x2d /usr/lib/gcc/arm-none-eabi/12.2.0/../../../../arm-none-eabi/lib/thumb/v7-m/nofp/libstdc++_nano.a(eh_exception.o)
 .ARM.attributes
                0x0000000008002250       0x2d /usr/lib/gcc/arm-none-eabi/12.2.0/../../../../arm-none-eabi/lib/thumb/v7-m/nofp/libstdc++_nano.a(eh_globals.o)
 .ARM.attributes
                0x000000000800227d       0x2d /usr/lib/gcc/arm-none-eabi/12.2.0/../../../../arm-none-eabi/lib/thumb/v7-m/nofp/libstdc++_nano.a(eh_term_handler.o)
 .ARM.attributes
                0x00000000080022aa       0x2d /usr/lib/gcc/arm-none-eabi/12.2.0/../../../../arm-none-eabi/lib/thumb/v7-m/nofp/libstdc++_nano.a(si_class_type_info.o)
 .ARM.attributes
                0x00000000080022d7       0x2d /usr/lib/gcc/arm-none-eabi/12.2.0/../../../../arm-none-eabi/lib/thumb/v7-m/nofp/libstdc++_nano.a(tinfo.o)
 .ARM.attributes
                0x0000000008002304       0x2d /usr/lib/gcc/arm-none-eabi/12.2.0/../../../../arm-none-eabi/lib/thumb/v7-m/nofp/libstdc++_nano.a(class_type_info.o)
 .ARM.attributes
                0x0000000008002331       0x2d /usr/lib/gcc/arm-none-eabi/12.2.0/../../../../arm-none-eabi/lib/thumb/v7-m/nofp/libstdc++_nano.a(del_ops.o)
 .ARM.attributes
                0x000000000800235e       0x2d /usr/lib/gcc/arm-none-eabi/12.2.0/../../../../arm-none-eabi/lib/thumb/v7-m/nofp/libc_nano.a(libc_a-abort.o)
 .ARM.attributes
                0x000000000800238b       0x2d /usr/lib/gcc/arm-none-eabi/12.2.0/../../../../arm-none-eabi/lib/thumb/v7-m/nofp/libc_nano.a(libc_a-malloc.o)
 .ARM.attributes
                0x00000000080023b8       0x2d /usr/lib/gcc/arm-none-eabi/12.2.0/../../../../arm-none-eabi/lib/thumb/v7-m/nofp/libc_nano.a(libc_a-mallocr.o)
 .ARM.attributes
                0x00000000080023e5       0x2d /usr/lib/gcc/arm-none-eabi/12.2.0/../../../../arm-none-eabi/lib/thumb/v7-m/nofp/libc_nano.a(libc_a-mlock.o)
 .ARM.attributes
                0x0000000008002412       0x2d /usr/lib/gcc/arm-none-eabi/12.2.0/../../../../arm-none-eabi/lib/thumb/v7-m/nofp/libc_nano.a(libc_a-cxa_atexit.o)
 .ARM.attributes
                0x000000000800243f       0x2d /usr/lib/gcc/arm-none-eabi/12.2.0/../../../../arm-none-eabi/lib/thumb/v7-m/nofp/libc_nano.a(libc_a-findfp.o)
 .ARM.attributes
                0x000000000800246c       0x2d /usr/lib/gcc/arm-none-eabi/12.2.0/../../../../arm-none-eabi/lib/thumb/v7-m/nofp/libc_nano.a(libc_a-signal.o)
 .ARM.attributes
                0x0000000008002499       0x2d /usr/lib/gcc/arm-none-eabi/12.2.0/../../../../arm-none-eabi/lib/thumb/v7-m/nofp/libc_nano.a(libc_a-reent.o)
 .ARM.attributes
                0x00000000080024c6       0x2d /usr/lib/gcc/arm-none-eabi/12.2.0/../../../../arm-none-eabi/lib/thumb/v7-m/nofp/libc_nano.a(libc_a-impure.o)
 .ARM.attributes
                0x00000000080024f3       0x2d /usr/lib/gcc/arm-none-eabi/12.2.0/../../../../arm-none-eabi/lib/thumb/v7-m/nofp/libc_nano.a(libc_a-signalr.o)
 .ARM.attributes
                0x0000000008002520       0x2d /usr/lib/gcc/arm-none-eabi/12.2.0/../../../../arm-none-eabi/lib/thumb/v7-m/nofp/libc_nano.a(libc_a-sbrkr.o)
 .ARM.attributes
                0x000000000800254d       0x2d /usr/lib/gcc/arm-none-eabi/12.2.0/../../../../arm-none-eabi/lib/thumb/v7-m/nofp/libc_nano.a(libc_a-lock.o)
 .ARM.attributes
                0x000000000800257a       0x1b /usr/lib/gcc/arm-none-eabi/12.2.0/../../../../arm-none-eabi/lib/thumb/v7-m/nofp/libc_nano.a(libc_a-strcmp.o)
 .ARM.attributes
                0x0000000008002595       0x2d /usr/lib/gcc/arm-none-eabi/12.2.0/../../../../arm-none-eabi/lib/thumb/v7-m/nofp/libc_nano.a(libc_a-__atexit.o)
 .ARM.attributes
                0x00000000080025c2       0x2d /usr/lib/gcc/arm-none-eabi/12.2.0/../../../../arm-none-eabi/lib/thumb/v7-m/nofp/libc_nano.a(libc_a-__call_atexit.o)
 .ARM.attributes
                0x00000000080025ef       0x2d /usr/lib/gcc/arm-none-eabi/12.2.0/../../../../arm-none-eabi/lib/thumb/v7-m/nofp/libc_nano.a(libc_a-freer.o)
 .ARM.attributes
                0x000000000800261c       0x2d /usr/lib/gcc/arm-none-eabi/12.2.0/../../../../arm-none-eabi/lib/thumb/v7-m/nofp/libc_nano.a(libc_a-on_exit_args.o)
 .ARM.attributes
                0x0000000008002649       0x2d /usr/lib/gcc/arm-none-eabi/12.2.0/thumb/v7-m/nofp/libgcc.a(unwind-arm.o)
 .ARM.attributes
                0x0000000008002676       0x1d /usr/lib/gcc/arm-none-eabi/12.2.0/thumb/v7-m/nofp/libgcc.a(libunwind.o)
 .ARM.attributes
                0x0000000008002693       0x2d /usr/lib/gcc/arm-none-eabi/12.2.0/thumb/v7-m/nofp/libgcc.a(pr-support.o)
 .ARM.attributes
                0x00000000080026c0       0x2d /usr/lib/gcc/arm-none-eabi/12.2.0/../../../../arm-none-eabi/lib/thumb/v7-m/nofp/libc_nano.a(libc_a-memcpy-stub.o)
 .ARM.attributes
                0x00000000080026ed       0x2d /usr/lib/gcc/arm-none-eabi/12.2.0/../../../../arm-none-eabi/lib/thumb/v7-m/nofp/libnosys.a(getpid.o)
 .ARM.attributes
                0x000000000800271a       0x2d /usr/lib/gcc/arm-none-eabi/12.2.0/../../../../arm-none-eabi/lib/thumb/v7-m/nofp/libnosys.a(kill.o)
 .ARM.attributes
                0x0000000008002747       0x2d /usr/lib/gcc/arm-none-eabi/12.2.0/../../../../arm-none-eabi/lib/thumb/v7-m/nofp/libnosys.a(sbrk.o)
 .ARM.attributes
                0x0000000008002774       0x2d /usr/lib/gcc/arm-none-eabi/12.2.0/../../../../arm-none-eabi/lib/thumb/v7-m/nofp/libnosys.a(_exit.o)
 .ARM.attributes
                0x00000000080027a1       0x1d /usr/lib/gcc/arm-none-eabi/12.2.0/thumb/v7-m/nofp/crtn.o

.preinit_array  0x0000000008002044        0x0
                0x0000000008002044                PROVIDE (__preinit_array_start = .)
 *(.preinit_array*)
                0x0000000008002044                PROVIDE (__preinit_array_end = .)

.init_array     0x0000000008002044        0xc
                0x0000000008002044                PROVIDE (__init_array_start = .)
 *(SORT_BY_NAME(.init_array.*))
 *(.init_array*)
 .init_array    0x0000000008002044        0x4 /usr/lib/gcc/arm-none-eabi/12.2.0/thumb/v7-m/nofp/crtbegin.o
 .init_array    0x0000000008002048        0x4 ./User/EventLoop.o
 .init_array    0x000000000800204c        0x4 /usr/lib/gcc/arm-none-eabi/12.2.0/../../../../arm-none-eabi/lib/thumb/v7-m/nofp/libstdc++_nano.a(eh_globals.o)
                0x0000000008002050                PROVIDE (__init_array_end = .)

.fini_array     0x0000000008002050        0x4
                0x0000000008002050                PROVIDE (__fini_array_start = .)
 *(.fini_array*)
 .fini_array    0x0000000008002050        0x4 /usr/lib/gcc/arm-none-eabi/12.2.0/thumb/v7-m/nofp/crtbegin.o
 *(SORT_BY_NAME(.fini_array.*))
                0x0000000008002054                PROVIDE (__fini_array_end = .)
                0x0000000008002054                _sidata = .

.data           0x0000000020000000       0x60 load address 0x0000000008002054
                0x0000000020000000                . = ALIGN (0x4)
                0x0000000020000000                _sdata = .
 *(.data)
 *(.data*)
 .data.__dso_handle
                0x0000000020000000        0x4 /usr/lib/gcc/arm-none-eabi/12.2.0/thumb/v7-m/nofp/crtbegin.o
                0x0000000020000000                __dso_handle
 .data._ZN10__cxxabiv120__unexpected_handlerE
                0x0000000020000004        0x4 /usr/lib/gcc/arm-none-eabi/12.2.0/../../../../arm-none-eabi/lib/thumb/v7-m/nofp/libstdc++_nano.a(eh_unex_handler.o)
                0x0000000020000004                __cxxabiv1::__unexpected_handler
 .data._ZN10__cxxabiv119__terminate_handlerE
                0x0000000020000008        0x4 /usr/lib/gcc/arm-none-eabi/12.2.0/../../../../arm-none-eabi/lib/thumb/v7-m/nofp/libstdc++_nano.a(eh_term_handler.o)
                0x0000000020000008                __cxxabiv1::__terminate_handler
 .data._impure_ptr
                0x000000002000000c        0x4 /usr/lib/gcc/arm-none-eabi/12.2.0/../../../../arm-none-eabi/lib/thumb/v7-m/nofp/libc_nano.a(libc_a-impure.o)
                0x000000002000000c                _impure_ptr
 .data._impure_data
                0x0000000020000010       0x4c /usr/lib/gcc/arm-none-eabi/12.2.0/../../../../arm-none-eabi/lib/thumb/v7-m/nofp/libc_nano.a(libc_a-impure.o)
                0x0000000020000010                _impure_data
 .data.__atexit_recursive_mutex
                0x000000002000005c        0x4 /usr/lib/gcc/arm-none-eabi/12.2.0/../../../../arm-none-eabi/lib/thumb/v7-m/nofp/libc_nano.a(libc_a-__call_atexit.o)
                0x000000002000005c                __atexit_recursive_mutex
                0x0000000020000060                . = ALIGN (0x4)
                0x0000000020000060                _edata = .

.igot.plt       0x0000000020000060        0x0 load address 0x00000000080020b4
 .igot.plt      0x0000000020000060        0x0 /usr/lib/gcc/arm-none-eabi/12.2.0/thumb/v7-m/nofp/crtbegin.o
                0x0000000020000060                . = ALIGN (0x4)

.bss            0x0000000020000060      0x318 load address 0x00000000080020b4
                0x0000000020000060                _sbss = .
                0x0000000020000060                __bss_start__ = _sbss
 *(.bss)
 *(.bss*)
 .bss.completed.1
                0x0000000020000060        0x1 /usr/lib/gcc/arm-none-eabi/12.2.0/thumb/v7-m/nofp/crtbegin.o
 *fill*         0x0000000020000061        0x3 
 .bss.object.0  0x0000000020000064       0x18 /usr/lib/gcc/arm-none-eabi/12.2.0/thumb/v7-m/nofp/crtbegin.o
 .bss.a         0x000000002000007c        0xc ./User/EventLoop.o
                0x000000002000007c                a
 .bss._ZN12_GLOBAL__N_110eh_globalsE
                0x0000000020000088        0xc /usr/lib/gcc/arm-none-eabi/12.2.0/../../../../arm-none-eabi/lib/thumb/v7-m/nofp/libstdc++_nano.a(eh_globals.o)
 .bss.__malloc_sbrk_start
                0x0000000020000094        0x4 /usr/lib/gcc/arm-none-eabi/12.2.0/../../../../arm-none-eabi/lib/thumb/v7-m/nofp/libc_nano.a(libc_a-mallocr.o)
                0x0000000020000094                __malloc_sbrk_start
 .bss.__malloc_free_list
                0x0000000020000098        0x4 /usr/lib/gcc/arm-none-eabi/12.2.0/../../../../arm-none-eabi/lib/thumb/v7-m/nofp/libc_nano.a(libc_a-mallocr.o)
                0x0000000020000098                __malloc_free_list
 .bss.__sf      0x000000002000009c      0x138 /usr/lib/gcc/arm-none-eabi/12.2.0/../../../../arm-none-eabi/lib/thumb/v7-m/nofp/libc_nano.a(libc_a-findfp.o)
                0x000000002000009c                __sf
 .bss.errno     0x00000000200001d4        0x4 /usr/lib/gcc/arm-none-eabi/12.2.0/../../../../arm-none-eabi/lib/thumb/v7-m/nofp/libc_nano.a(libc_a-reent.o)
                0x00000000200001d4                errno
 .bss.__lock___malloc_recursive_mutex
                0x00000000200001d8        0x1 /usr/lib/gcc/arm-none-eabi/12.2.0/../../../../arm-none-eabi/lib/thumb/v7-m/nofp/libc_nano.a(libc_a-lock.o)
                0x00000000200001d8                __lock___malloc_recursive_mutex
 .bss.__lock___atexit_recursive_mutex
                0x00000000200001d9        0x1 /usr/lib/gcc/arm-none-eabi/12.2.0/../../../../arm-none-eabi/lib/thumb/v7-m/nofp/libc_nano.a(libc_a-lock.o)
                0x00000000200001d9                __lock___atexit_recursive_mutex
 *fill*         0x00000000200001da        0x2 
 .bss.__atexit0
                0x00000000200001dc       0x8c /usr/lib/gcc/arm-none-eabi/12.2.0/../../../../arm-none-eabi/lib/thumb/v7-m/nofp/libc_nano.a(libc_a-__atexit.o)
                0x00000000200001dc                __atexit0
 .bss.__atexit  0x0000000020000268        0x4 /usr/lib/gcc/arm-none-eabi/12.2.0/../../../../arm-none-eabi/lib/thumb/v7-m/nofp/libc_nano.a(libc_a-__call_atexit.o)
                0x0000000020000268                __atexit
 .bss._on_exit_args_instance
                0x000000002000026c      0x108 /usr/lib/gcc/arm-none-eabi/12.2.0/../../../../arm-none-eabi/lib/thumb/v7-m/nofp/libc_nano.a(libc_a-on_exit_args.o)
 .bss.heap_end.0
                0x0000000020000374        0x4 /usr/lib/gcc/arm-none-eabi/12.2.0/../../../../arm-none-eabi/lib/thumb/v7-m/nofp/libnosys.a(sbrk.o)
 *(COMMON)
                0x0000000020000378                . = ALIGN (0x4)
                0x0000000020000378                _ebss = .
                0x0000000020000378                __bss_end__ = _ebss
                0x0000000020000378                PROVIDE (end = _ebss)
                [!provide]                        PROVIDE (_end = _ebss)

._user_heap_stack
                0x0000000020000378      0x100 load address 0x00000000080023cc
                0x0000000020000378                . = ALIGN (0x4)
                0x0000000020000378                . = (. + _Min_Heap_Size)
                0x0000000020000478                . = (. + _Min_Stack_Size)
 *fill*         0x0000000020000378      0x100 
                0x0000000020000478                . = ALIGN (0x4)

.memory_b1_text
 *(.mb1text)
 *(.mb1text*)
 *(.mb1rodata)
 *(.mb1rodata*)

/DISCARD/
 libc.a(*)
 libm.a(*)
 libgcc.a(*)
OUTPUT(STM32-Template.elf elf32-littlearm)
LOAD linker stubs
LOAD /usr/lib/gcc/arm-none-eabi/12.2.0/../../../../arm-none-eabi/lib/thumb/v7-m/nofp/libc.a
LOAD /usr/lib/gcc/arm-none-eabi/12.2.0/../../../../arm-none-eabi/lib/thumb/v7-m/nofp/libm.a
LOAD /usr/lib/gcc/arm-none-eabi/12.2.0/thumb/v7-m/nofp/libgcc.a

.debug_info     0x0000000000000000    0x149d6
 .debug_info    0x0000000000000000     0x1d83 ./User/EventLoop.o
 .debug_info    0x0000000000001d83      0x133 /usr/lib/gcc/arm-none-eabi/12.2.0/../../../../arm-none-eabi/lib/thumb/v7-m/nofp/libstdc++_nano.a(atexit_arm.o)
 .debug_info    0x0000000000001eb6      0x5b0 /usr/lib/gcc/arm-none-eabi/12.2.0/../../../../arm-none-eabi/lib/thumb/v7-m/nofp/libstdc++_nano.a(del_op.o)
 .debug_info    0x0000000000002466     0x1eea /usr/lib/gcc/arm-none-eabi/12.2.0/../../../../arm-none-eabi/lib/thumb/v7-m/nofp/libstdc++_nano.a(eh_personality.o)
 .debug_info    0x0000000000004350      0xa7b /usr/lib/gcc/arm-none-eabi/12.2.0/../../../../arm-none-eabi/lib/thumb/v7-m/nofp/libstdc++_nano.a(eh_terminate.o)
 .debug_info    0x0000000000004dcb      0x382 /usr/lib/gcc/arm-none-eabi/12.2.0/../../../../arm-none-eabi/lib/thumb/v7-m/nofp/libstdc++_nano.a(eh_unex_handler.o)
 .debug_info    0x000000000000514d      0xadc /usr/lib/gcc/arm-none-eabi/12.2.0/../../../../arm-none-eabi/lib/thumb/v7-m/nofp/libstdc++_nano.a(eh_arm.o)
 .debug_info    0x0000000000005c29      0xeea /usr/lib/gcc/arm-none-eabi/12.2.0/../../../../arm-none-eabi/lib/thumb/v7-m/nofp/libstdc++_nano.a(eh_call.o)
 .debug_info    0x0000000000006b13      0xe6a /usr/lib/gcc/arm-none-eabi/12.2.0/../../../../arm-none-eabi/lib/thumb/v7-m/nofp/libstdc++_nano.a(eh_catch.o)
 .debug_info    0x000000000000797d      0xd3f /usr/lib/gcc/arm-none-eabi/12.2.0/../../../../arm-none-eabi/lib/thumb/v7-m/nofp/libstdc++_nano.a(eh_exception.o)
 .debug_info    0x00000000000086bc      0xc8c /usr/lib/gcc/arm-none-eabi/12.2.0/../../../../arm-none-eabi/lib/thumb/v7-m/nofp/libstdc++_nano.a(eh_globals.o)
 .debug_info    0x0000000000009348      0x868 /usr/lib/gcc/arm-none-eabi/12.2.0/../../../../arm-none-eabi/lib/thumb/v7-m/nofp/libstdc++_nano.a(eh_term_handler.o)
 .debug_info    0x0000000000009bb0      0x9db /usr/lib/gcc/arm-none-eabi/12.2.0/../../../../arm-none-eabi/lib/thumb/v7-m/nofp/libstdc++_nano.a(si_class_type_info.o)
 .debug_info    0x000000000000a58b      0x90e /usr/lib/gcc/arm-none-eabi/12.2.0/../../../../arm-none-eabi/lib/thumb/v7-m/nofp/libstdc++_nano.a(tinfo.o)
 .debug_info    0x000000000000ae99      0xc27 /usr/lib/gcc/arm-none-eabi/12.2.0/../../../../arm-none-eabi/lib/thumb/v7-m/nofp/libstdc++_nano.a(class_type_info.o)
 .debug_info    0x000000000000bac0       0xa4 /usr/lib/gcc/arm-none-eabi/12.2.0/../../../../arm-none-eabi/lib/thumb/v7-m/nofp/libstdc++_nano.a(del_ops.o)
 .debug_info    0x000000000000bb64       0xd8 /usr/lib/gcc/arm-none-eabi/12.2.0/../../../../arm-none-eabi/lib/thumb/v7-m/nofp/libc_nano.a(libc_a-abort.o)
 .debug_info    0x000000000000bc3c      0x794 /usr/lib/gcc/arm-none-eabi/12.2.0/../../../../arm-none-eabi/lib/thumb/v7-m/nofp/libc_nano.a(libc_a-malloc.o)
 .debug_info    0x000000000000c3d0      0x9b6 /usr/lib/gcc/arm-none-eabi/12.2.0/../../../../arm-none-eabi/lib/thumb/v7-m/nofp/libc_nano.a(libc_a-mallocr.o)
 .debug_info    0x000000000000cd86      0x76b /usr/lib/gcc/arm-none-eabi/12.2.0/../../../../arm-none-eabi/lib/thumb/v7-m/nofp/libc_nano.a(libc_a-mlock.o)
 .debug_info    0x000000000000d4f1      0x1fe /usr/lib/gcc/arm-none-eabi/12.2.0/../../../../arm-none-eabi/lib/thumb/v7-m/nofp/libc_nano.a(libc_a-cxa_atexit.o)
 .debug_info    0x000000000000d6ef      0xfa9 /usr/lib/gcc/arm-none-eabi/12.2.0/../../../../arm-none-eabi/lib/thumb/v7-m/nofp/libc_nano.a(libc_a-findfp.o)
 .debug_info    0x000000000000e698      0x9ef /usr/lib/gcc/arm-none-eabi/12.2.0/../../../../arm-none-eabi/lib/thumb/v7-m/nofp/libc_nano.a(libc_a-signal.o)
 .debug_info    0x000000000000f087      0x855 /usr/lib/gcc/arm-none-eabi/12.2.0/../../../../arm-none-eabi/lib/thumb/v7-m/nofp/libc_nano.a(libc_a-reent.o)
 .debug_info    0x000000000000f8dc      0x715 /usr/lib/gcc/arm-none-eabi/12.2.0/../../../../arm-none-eabi/lib/thumb/v7-m/nofp/libc_nano.a(libc_a-impure.o)
 .debug_info    0x000000000000fff1      0x7dd /usr/lib/gcc/arm-none-eabi/12.2.0/../../../../arm-none-eabi/lib/thumb/v7-m/nofp/libc_nano.a(libc_a-signalr.o)
 .debug_info    0x00000000000107ce      0x77c /usr/lib/gcc/arm-none-eabi/12.2.0/../../../../arm-none-eabi/lib/thumb/v7-m/nofp/libc_nano.a(libc_a-sbrkr.o)
 .debug_info    0x0000000000010f4a      0x20a /usr/lib/gcc/arm-none-eabi/12.2.0/../../../../arm-none-eabi/lib/thumb/v7-m/nofp/libc_nano.a(libc_a-lock.o)
 .debug_info    0x0000000000011154       0x2f /usr/lib/gcc/arm-none-eabi/12.2.0/../../../../arm-none-eabi/lib/thumb/v7-m/nofp/libc_nano.a(libc_a-strcmp.o)
 .debug_info    0x0000000000011183      0x2e7 /usr/lib/gcc/arm-none-eabi/12.2.0/../../../../arm-none-eabi/lib/thumb/v7-m/nofp/libc_nano.a(libc_a-__atexit.o)
 .debug_info    0x000000000001146a      0x290 /usr/lib/gcc/arm-none-eabi/12.2.0/../../../../arm-none-eabi/lib/thumb/v7-m/nofp/libc_nano.a(libc_a-__call_atexit.o)
 .debug_info    0x00000000000116fa      0x84b /usr/lib/gcc/arm-none-eabi/12.2.0/../../../../arm-none-eabi/lib/thumb/v7-m/nofp/libc_nano.a(libc_a-freer.o)
 .debug_info    0x0000000000011f45       0xff /usr/lib/gcc/arm-none-eabi/12.2.0/../../../../arm-none-eabi/lib/thumb/v7-m/nofp/libc_nano.a(libc_a-on_exit_args.o)
 .debug_info    0x0000000000012044     0x1e67 /usr/lib/gcc/arm-none-eabi/12.2.0/thumb/v7-m/nofp/libgcc.a(unwind-arm.o)
 .debug_info    0x0000000000013eab      0x102 /usr/lib/gcc/arm-none-eabi/12.2.0/thumb/v7-m/nofp/libgcc.a(libunwind.o)
 .debug_info    0x0000000000013fad      0x908 /usr/lib/gcc/arm-none-eabi/12.2.0/thumb/v7-m/nofp/libgcc.a(pr-support.o)
 .debug_info    0x00000000000148b5      0x121 /usr/lib/gcc/arm-none-eabi/12.2.0/../../../../arm-none-eabi/lib/thumb/v7-m/nofp/libc_nano.a(libc_a-memcpy-stub.o)

.debug_abbrev   0x0000000000000000     0x63e4
 .debug_abbrev  0x0000000000000000      0x65b ./User/EventLoop.o
 .debug_abbrev  0x000000000000065b       0xbb /usr/lib/gcc/arm-none-eabi/12.2.0/../../../../arm-none-eabi/lib/thumb/v7-m/nofp/libstdc++_nano.a(atexit_arm.o)
 .debug_abbrev  0x0000000000000716      0x196 /usr/lib/gcc/arm-none-eabi/12.2.0/../../../../arm-none-eabi/lib/thumb/v7-m/nofp/libstdc++_nano.a(del_op.o)
 .debug_abbrev  0x00000000000008ac      0x6f9 /usr/lib/gcc/arm-none-eabi/12.2.0/../../../../arm-none-eabi/lib/thumb/v7-m/nofp/libstdc++_nano.a(eh_personality.o)
 .debug_abbrev  0x0000000000000fa5      0x3d5 /usr/lib/gcc/arm-none-eabi/12.2.0/../../../../arm-none-eabi/lib/thumb/v7-m/nofp/libstdc++_nano.a(eh_terminate.o)
 .debug_abbrev  0x000000000000137a      0x249 /usr/lib/gcc/arm-none-eabi/12.2.0/../../../../arm-none-eabi/lib/thumb/v7-m/nofp/libstdc++_nano.a(eh_unex_handler.o)
 .debug_abbrev  0x00000000000015c3      0x445 /usr/lib/gcc/arm-none-eabi/12.2.0/../../../../arm-none-eabi/lib/thumb/v7-m/nofp/libstdc++_nano.a(eh_arm.o)
 .debug_abbrev  0x0000000000001a08      0x4f6 /usr/lib/gcc/arm-none-eabi/12.2.0/../../../../arm-none-eabi/lib/thumb/v7-m/nofp/libstdc++_nano.a(eh_call.o)
 .debug_abbrev  0x0000000000001efe      0x4f3 /usr/lib/gcc/arm-none-eabi/12.2.0/../../../../arm-none-eabi/lib/thumb/v7-m/nofp/libstdc++_nano.a(eh_catch.o)
 .debug_abbrev  0x00000000000023f1      0x4a6 /usr/lib/gcc/arm-none-eabi/12.2.0/../../../../arm-none-eabi/lib/thumb/v7-m/nofp/libstdc++_nano.a(eh_exception.o)
 .debug_abbrev  0x0000000000002897      0x493 /usr/lib/gcc/arm-none-eabi/12.2.0/../../../../arm-none-eabi/lib/thumb/v7-m/nofp/libstdc++_nano.a(eh_globals.o)
 .debug_abbrev  0x0000000000002d2a      0x306 /usr/lib/gcc/arm-none-eabi/12.2.0/../../../../arm-none-eabi/lib/thumb/v7-m/nofp/libstdc++_nano.a(eh_term_handler.o)
 .debug_abbrev  0x0000000000003030      0x463 /usr/lib/gcc/arm-none-eabi/12.2.0/../../../../arm-none-eabi/lib/thumb/v7-m/nofp/libstdc++_nano.a(si_class_type_info.o)
 .debug_abbrev  0x0000000000003493      0x412 /usr/lib/gcc/arm-none-eabi/12.2.0/../../../../arm-none-eabi/lib/thumb/v7-m/nofp/libstdc++_nano.a(tinfo.o)
 .debug_abbrev  0x00000000000038a5      0x510 /usr/lib/gcc/arm-none-eabi/12.2.0/../../../../arm-none-eabi/lib/thumb/v7-m/nofp/libstdc++_nano.a(class_type_info.o)
 .debug_abbrev  0x0000000000003db5       0xab /usr/lib/gcc/arm-none-eabi/12.2.0/../../../../arm-none-eabi/lib/thumb/v7-m/nofp/libstdc++_nano.a(del_ops.o)
 .debug_abbrev  0x0000000000003e60       0x99 /usr/lib/gcc/arm-none-eabi/12.2.0/../../../../arm-none-eabi/lib/thumb/v7-m/nofp/libc_nano.a(libc_a-abort.o)
 .debug_abbrev  0x0000000000003ef9      0x1cf /usr/lib/gcc/arm-none-eabi/12.2.0/../../../../arm-none-eabi/lib/thumb/v7-m/nofp/libc_nano.a(libc_a-malloc.o)
 .debug_abbrev  0x00000000000040c8      0x24a /usr/lib/gcc/arm-none-eabi/12.2.0/../../../../arm-none-eabi/lib/thumb/v7-m/nofp/libc_nano.a(libc_a-mallocr.o)
 .debug_abbrev  0x0000000000004312      0x1bf /usr/lib/gcc/arm-none-eabi/12.2.0/../../../../arm-none-eabi/lib/thumb/v7-m/nofp/libc_nano.a(libc_a-mlock.o)
 .debug_abbrev  0x00000000000044d1      0x157 /usr/lib/gcc/arm-none-eabi/12.2.0/../../../../arm-none-eabi/lib/thumb/v7-m/nofp/libc_nano.a(libc_a-cxa_atexit.o)
 .debug_abbrev  0x0000000000004628      0x424 /usr/lib/gcc/arm-none-eabi/12.2.0/../../../../arm-none-eabi/lib/thumb/v7-m/nofp/libc_nano.a(libc_a-findfp.o)
 .debug_abbrev  0x0000000000004a4c      0x24e /usr/lib/gcc/arm-none-eabi/12.2.0/../../../../arm-none-eabi/lib/thumb/v7-m/nofp/libc_nano.a(libc_a-signal.o)
 .debug_abbrev  0x0000000000004c9a      0x1ed /usr/lib/gcc/arm-none-eabi/12.2.0/../../../../arm-none-eabi/lib/thumb/v7-m/nofp/libc_nano.a(libc_a-reent.o)
 .debug_abbrev  0x0000000000004e87      0x149 /usr/lib/gcc/arm-none-eabi/12.2.0/../../../../arm-none-eabi/lib/thumb/v7-m/nofp/libc_nano.a(libc_a-impure.o)
 .debug_abbrev  0x0000000000004fd0      0x1fd /usr/lib/gcc/arm-none-eabi/12.2.0/../../../../arm-none-eabi/lib/thumb/v7-m/nofp/libc_nano.a(libc_a-signalr.o)
 .debug_abbrev  0x00000000000051cd      0x1da /usr/lib/gcc/arm-none-eabi/12.2.0/../../../../arm-none-eabi/lib/thumb/v7-m/nofp/libc_nano.a(libc_a-sbrkr.o)
 .debug_abbrev  0x00000000000053a7      0x115 /usr/lib/gcc/arm-none-eabi/12.2.0/../../../../arm-none-eabi/lib/thumb/v7-m/nofp/libc_nano.a(libc_a-lock.o)
 .debug_abbrev  0x00000000000054bc       0x21 /usr/lib/gcc/arm-none-eabi/12.2.0/../../../../arm-none-eabi/lib/thumb/v7-m/nofp/libc_nano.a(libc_a-strcmp.o)
 .debug_abbrev  0x00000000000054dd      0x1e9 /usr/lib/gcc/arm-none-eabi/12.2.0/../../../../arm-none-eabi/lib/thumb/v7-m/nofp/libc_nano.a(libc_a-__atexit.o)
 .debug_abbrev  0x00000000000056c6      0x1cd /usr/lib/gcc/arm-none-eabi/12.2.0/../../../../arm-none-eabi/lib/thumb/v7-m/nofp/libc_nano.a(libc_a-__call_atexit.o)
 .debug_abbrev  0x0000000000005893      0x236 /usr/lib/gcc/arm-none-eabi/12.2.0/../../../../arm-none-eabi/lib/thumb/v7-m/nofp/libc_nano.a(libc_a-freer.o)
 .debug_abbrev  0x0000000000005ac9       0xb8 /usr/lib/gcc/arm-none-eabi/12.2.0/../../../../arm-none-eabi/lib/thumb/v7-m/nofp/libc_nano.a(libc_a-on_exit_args.o)
 .debug_abbrev  0x0000000000005b81      0x493 /usr/lib/gcc/arm-none-eabi/12.2.0/thumb/v7-m/nofp/libgcc.a(unwind-arm.o)
 .debug_abbrev  0x0000000000006014       0x21 /usr/lib/gcc/arm-none-eabi/12.2.0/thumb/v7-m/nofp/libgcc.a(libunwind.o)
 .debug_abbrev  0x0000000000006035      0x2ee /usr/lib/gcc/arm-none-eabi/12.2.0/thumb/v7-m/nofp/libgcc.a(pr-support.o)
 .debug_abbrev  0x0000000000006323       0xc1 /usr/lib/gcc/arm-none-eabi/12.2.0/../../../../arm-none-eabi/lib/thumb/v7-m/nofp/libc_nano.a(libc_a-memcpy-stub.o)

.debug_aranges  0x0000000000000000      0x8d8
 .debug_aranges
                0x0000000000000000       0xc8 ./User/EventLoop.o
 .debug_aranges
                0x00000000000000c8       0x20 /usr/lib/gcc/arm-none-eabi/12.2.0/../../../../arm-none-eabi/lib/thumb/v7-m/nofp/libstdc++_nano.a(atexit_arm.o)
 .debug_aranges
                0x00000000000000e8       0x20 /usr/lib/gcc/arm-none-eabi/12.2.0/../../../../arm-none-eabi/lib/thumb/v7-m/nofp/libstdc++_nano.a(del_op.o)
 .debug_aranges
                0x0000000000000108       0x58 /usr/lib/gcc/arm-none-eabi/12.2.0/../../../../arm-none-eabi/lib/thumb/v7-m/nofp/libstdc++_nano.a(eh_personality.o)
 .debug_aranges
                0x0000000000000160       0x58 /usr/lib/gcc/arm-none-eabi/12.2.0/../../../../arm-none-eabi/lib/thumb/v7-m/nofp/libstdc++_nano.a(eh_terminate.o)
 .debug_aranges
                0x00000000000001b8       0x18 /usr/lib/gcc/arm-none-eabi/12.2.0/../../../../arm-none-eabi/lib/thumb/v7-m/nofp/libstdc++_nano.a(eh_unex_handler.o)
 .debug_aranges
                0x00000000000001d0       0x38 /usr/lib/gcc/arm-none-eabi/12.2.0/../../../../arm-none-eabi/lib/thumb/v7-m/nofp/libstdc++_nano.a(eh_arm.o)
 .debug_aranges
                0x0000000000000208       0x30 /usr/lib/gcc/arm-none-eabi/12.2.0/../../../../arm-none-eabi/lib/thumb/v7-m/nofp/libstdc++_nano.a(eh_call.o)
 .debug_aranges
                0x0000000000000238       0x48 /usr/lib/gcc/arm-none-eabi/12.2.0/../../../../arm-none-eabi/lib/thumb/v7-m/nofp/libstdc++_nano.a(eh_catch.o)
 .debug_aranges
                0x0000000000000280       0x78 /usr/lib/gcc/arm-none-eabi/12.2.0/../../../../arm-none-eabi/lib/thumb/v7-m/nofp/libstdc++_nano.a(eh_exception.o)
 .debug_aranges
                0x00000000000002f8       0x38 /usr/lib/gcc/arm-none-eabi/12.2.0/../../../../arm-none-eabi/lib/thumb/v7-m/nofp/libstdc++_nano.a(eh_globals.o)
 .debug_aranges
                0x0000000000000330       0x18 /usr/lib/gcc/arm-none-eabi/12.2.0/../../../../arm-none-eabi/lib/thumb/v7-m/nofp/libstdc++_nano.a(eh_term_handler.o)
 .debug_aranges
                0x0000000000000348       0x40 /usr/lib/gcc/arm-none-eabi/12.2.0/../../../../arm-none-eabi/lib/thumb/v7-m/nofp/libstdc++_nano.a(si_class_type_info.o)
 .debug_aranges
                0x0000000000000388       0x48 /usr/lib/gcc/arm-none-eabi/12.2.0/../../../../arm-none-eabi/lib/thumb/v7-m/nofp/libstdc++_nano.a(tinfo.o)
 .debug_aranges
                0x00000000000003d0       0x50 /usr/lib/gcc/arm-none-eabi/12.2.0/../../../../arm-none-eabi/lib/thumb/v7-m/nofp/libstdc++_nano.a(class_type_info.o)
 .debug_aranges
                0x0000000000000420       0x20 /usr/lib/gcc/arm-none-eabi/12.2.0/../../../../arm-none-eabi/lib/thumb/v7-m/nofp/libstdc++_nano.a(del_ops.o)
 .debug_aranges
                0x0000000000000440       0x20 /usr/lib/gcc/arm-none-eabi/12.2.0/../../../../arm-none-eabi/lib/thumb/v7-m/nofp/libc_nano.a(libc_a-abort.o)
 .debug_aranges
                0x0000000000000460       0x28 /usr/lib/gcc/arm-none-eabi/12.2.0/../../../../arm-none-eabi/lib/thumb/v7-m/nofp/libc_nano.a(libc_a-malloc.o)
 .debug_aranges
                0x0000000000000488       0x28 /usr/lib/gcc/arm-none-eabi/12.2.0/../../../../arm-none-eabi/lib/thumb/v7-m/nofp/libc_nano.a(libc_a-mallocr.o)
 .debug_aranges
                0x00000000000004b0       0x28 /usr/lib/gcc/arm-none-eabi/12.2.0/../../../../arm-none-eabi/lib/thumb/v7-m/nofp/libc_nano.a(libc_a-mlock.o)
 .debug_aranges
                0x00000000000004d8       0x20 /usr/lib/gcc/arm-none-eabi/12.2.0/../../../../arm-none-eabi/lib/thumb/v7-m/nofp/libc_nano.a(libc_a-cxa_atexit.o)
 .debug_aranges
                0x00000000000004f8       0x78 /usr/lib/gcc/arm-none-eabi/12.2.0/../../../../arm-none-eabi/lib/thumb/v7-m/nofp/libc_nano.a(libc_a-findfp.o)
 .debug_aranges
                0x0000000000000570       0x58 /usr/lib/gcc/arm-none-eabi/12.2.0/../../../../arm-none-eabi/lib/thumb/v7-m/nofp/libc_nano.a(libc_a-signal.o)
 .debug_aranges
                0x00000000000005c8       0x20 /usr/lib/gcc/arm-none-eabi/12.2.0/../../../../arm-none-eabi/lib/thumb/v7-m/nofp/libc_nano.a(libc_a-reent.o)
 .debug_aranges
                0x00000000000005e8       0x18 /usr/lib/gcc/arm-none-eabi/12.2.0/../../../../arm-none-eabi/lib/thumb/v7-m/nofp/libc_nano.a(libc_a-impure.o)
 .debug_aranges
                0x0000000000000600       0x28 /usr/lib/gcc/arm-none-eabi/12.2.0/../../../../arm-none-eabi/lib/thumb/v7-m/nofp/libc_nano.a(libc_a-signalr.o)
 .debug_aranges
                0x0000000000000628       0x20 /usr/lib/gcc/arm-none-eabi/12.2.0/../../../../arm-none-eabi/lib/thumb/v7-m/nofp/libc_nano.a(libc_a-sbrkr.o)
 .debug_aranges
                0x0000000000000648       0x68 /usr/lib/gcc/arm-none-eabi/12.2.0/../../../../arm-none-eabi/lib/thumb/v7-m/nofp/libc_nano.a(libc_a-lock.o)
 .debug_aranges
                0x00000000000006b0       0x20 /usr/lib/gcc/arm-none-eabi/12.2.0/../../../../arm-none-eabi/lib/thumb/v7-m/nofp/libc_nano.a(libc_a-strcmp.o)
 .debug_aranges
                0x00000000000006d0       0x20 /usr/lib/gcc/arm-none-eabi/12.2.0/../../../../arm-none-eabi/lib/thumb/v7-m/nofp/libc_nano.a(libc_a-__atexit.o)
 .debug_aranges
                0x00000000000006f0       0x20 /usr/lib/gcc/arm-none-eabi/12.2.0/../../../../arm-none-eabi/lib/thumb/v7-m/nofp/libc_nano.a(libc_a-__call_atexit.o)
 .debug_aranges
                0x0000000000000710       0x20 /usr/lib/gcc/arm-none-eabi/12.2.0/../../../../arm-none-eabi/lib/thumb/v7-m/nofp/libc_nano.a(libc_a-freer.o)
 .debug_aranges
                0x0000000000000730       0x18 /usr/lib/gcc/arm-none-eabi/12.2.0/../../../../arm-none-eabi/lib/thumb/v7-m/nofp/libc_nano.a(libc_a-on_exit_args.o)
 .debug_aranges
                0x0000000000000748       0xf0 /usr/lib/gcc/arm-none-eabi/12.2.0/thumb/v7-m/nofp/libgcc.a(unwind-arm.o)
 .debug_aranges
                0x0000000000000838       0x20 /usr/lib/gcc/arm-none-eabi/12.2.0/thumb/v7-m/nofp/libgcc.a(libunwind.o)
 .debug_aranges
                0x0000000000000858       0x60 /usr/lib/gcc/arm-none-eabi/12.2.0/thumb/v7-m/nofp/libgcc.a(pr-support.o)
 .debug_aranges
                0x00000000000008b8       0x20 /usr/lib/gcc/arm-none-eabi/12.2.0/../../../../arm-none-eabi/lib/thumb/v7-m/nofp/libc_nano.a(libc_a-memcpy-stub.o)

.debug_rnglists
                0x0000000000000000      0x7c2
 .debug_rnglists
                0x0000000000000000       0x91 ./User/EventLoop.o
 .debug_rnglists
                0x0000000000000091       0x13 /usr/lib/gcc/arm-none-eabi/12.2.0/../../../../arm-none-eabi/lib/thumb/v7-m/nofp/libstdc++_nano.a(atexit_arm.o)
 .debug_rnglists
                0x00000000000000a4       0x13 /usr/lib/gcc/arm-none-eabi/12.2.0/../../../../arm-none-eabi/lib/thumb/v7-m/nofp/libstdc++_nano.a(del_op.o)
 .debug_rnglists
                0x00000000000000b7       0xd0 /usr/lib/gcc/arm-none-eabi/12.2.0/../../../../arm-none-eabi/lib/thumb/v7-m/nofp/libstdc++_nano.a(eh_personality.o)
 .debug_rnglists
                0x0000000000000187       0x3d /usr/lib/gcc/arm-none-eabi/12.2.0/../../../../arm-none-eabi/lib/thumb/v7-m/nofp/libstdc++_nano.a(eh_terminate.o)
 .debug_rnglists
                0x00000000000001c4       0x53 /usr/lib/gcc/arm-none-eabi/12.2.0/../../../../arm-none-eabi/lib/thumb/v7-m/nofp/libstdc++_nano.a(eh_arm.o)
 .debug_rnglists
                0x0000000000000217       0x2b /usr/lib/gcc/arm-none-eabi/12.2.0/../../../../arm-none-eabi/lib/thumb/v7-m/nofp/libstdc++_nano.a(eh_call.o)
 .debug_rnglists
                0x0000000000000242       0x3d /usr/lib/gcc/arm-none-eabi/12.2.0/../../../../arm-none-eabi/lib/thumb/v7-m/nofp/libstdc++_nano.a(eh_catch.o)
 .debug_rnglists
                0x000000000000027f       0x55 /usr/lib/gcc/arm-none-eabi/12.2.0/../../../../arm-none-eabi/lib/thumb/v7-m/nofp/libstdc++_nano.a(eh_exception.o)
 .debug_rnglists
                0x00000000000002d4       0x25 /usr/lib/gcc/arm-none-eabi/12.2.0/../../../../arm-none-eabi/lib/thumb/v7-m/nofp/libstdc++_nano.a(eh_globals.o)
 .debug_rnglists
                0x00000000000002f9       0x37 /usr/lib/gcc/arm-none-eabi/12.2.0/../../../../arm-none-eabi/lib/thumb/v7-m/nofp/libstdc++_nano.a(si_class_type_info.o)
 .debug_rnglists
                0x0000000000000330       0x31 /usr/lib/gcc/arm-none-eabi/12.2.0/../../../../arm-none-eabi/lib/thumb/v7-m/nofp/libstdc++_nano.a(tinfo.o)
 .debug_rnglists
                0x0000000000000361       0x4f /usr/lib/gcc/arm-none-eabi/12.2.0/../../../../arm-none-eabi/lib/thumb/v7-m/nofp/libstdc++_nano.a(class_type_info.o)
 .debug_rnglists
                0x00000000000003b0       0x13 /usr/lib/gcc/arm-none-eabi/12.2.0/../../../../arm-none-eabi/lib/thumb/v7-m/nofp/libstdc++_nano.a(del_ops.o)
 .debug_rnglists
                0x00000000000003c3       0x13 /usr/lib/gcc/arm-none-eabi/12.2.0/../../../../arm-none-eabi/lib/thumb/v7-m/nofp/libc_nano.a(libc_a-abort.o)
 .debug_rnglists
                0x00000000000003d6       0x19 /usr/lib/gcc/arm-none-eabi/12.2.0/../../../../arm-none-eabi/lib/thumb/v7-m/nofp/libc_nano.a(libc_a-malloc.o)
 .debug_rnglists
                0x00000000000003ef       0x29 /usr/lib/gcc/arm-none-eabi/12.2.0/../../../../arm-none-eabi/lib/thumb/v7-m/nofp/libc_nano.a(libc_a-mallocr.o)
 .debug_rnglists
                0x0000000000000418       0x19 /usr/lib/gcc/arm-none-eabi/12.2.0/../../../../arm-none-eabi/lib/thumb/v7-m/nofp/libc_nano.a(libc_a-mlock.o)
 .debug_rnglists
                0x0000000000000431       0x13 /usr/lib/gcc/arm-none-eabi/12.2.0/../../../../arm-none-eabi/lib/thumb/v7-m/nofp/libc_nano.a(libc_a-cxa_atexit.o)
 .debug_rnglists
                0x0000000000000444       0x7d /usr/lib/gcc/arm-none-eabi/12.2.0/../../../../arm-none-eabi/lib/thumb/v7-m/nofp/libc_nano.a(libc_a-findfp.o)
 .debug_rnglists
                0x00000000000004c1       0x3d /usr/lib/gcc/arm-none-eabi/12.2.0/../../../../arm-none-eabi/lib/thumb/v7-m/nofp/libc_nano.a(libc_a-signal.o)
 .debug_rnglists
                0x00000000000004fe       0x30 /usr/lib/gcc/arm-none-eabi/12.2.0/../../../../arm-none-eabi/lib/thumb/v7-m/nofp/libc_nano.a(libc_a-reent.o)
 .debug_rnglists
                0x000000000000052e       0x19 /usr/lib/gcc/arm-none-eabi/12.2.0/../../../../arm-none-eabi/lib/thumb/v7-m/nofp/libc_nano.a(libc_a-signalr.o)
 .debug_rnglists
                0x0000000000000547       0x13 /usr/lib/gcc/arm-none-eabi/12.2.0/../../../../arm-none-eabi/lib/thumb/v7-m/nofp/libc_nano.a(libc_a-sbrkr.o)
 .debug_rnglists
                0x000000000000055a       0x49 /usr/lib/gcc/arm-none-eabi/12.2.0/../../../../arm-none-eabi/lib/thumb/v7-m/nofp/libc_nano.a(libc_a-lock.o)
 .debug_rnglists
                0x00000000000005a3       0x14 /usr/lib/gcc/arm-none-eabi/12.2.0/../../../../arm-none-eabi/lib/thumb/v7-m/nofp/libc_nano.a(libc_a-__atexit.o)
 .debug_rnglists
                0x00000000000005b7       0x27 /usr/lib/gcc/arm-none-eabi/12.2.0/../../../../arm-none-eabi/lib/thumb/v7-m/nofp/libc_nano.a(libc_a-__call_atexit.o)
 .debug_rnglists
                0x00000000000005de       0x14 /usr/lib/gcc/arm-none-eabi/12.2.0/../../../../arm-none-eabi/lib/thumb/v7-m/nofp/libc_nano.a(libc_a-freer.o)
 .debug_rnglists
                0x00000000000005f2      0x12d /usr/lib/gcc/arm-none-eabi/12.2.0/thumb/v7-m/nofp/libgcc.a(unwind-arm.o)
 .debug_rnglists
                0x000000000000071f       0x44 /usr/lib/gcc/arm-none-eabi/12.2.0/thumb/v7-m/nofp/libgcc.a(pr-support.o)
 .debug_rnglists
                0x0000000000000763       0x13 /usr/lib/gcc/arm-none-eabi/12.2.0/../../../../arm-none-eabi/lib/thumb/v7-m/nofp/libc_nano.a(libc_a-memcpy-stub.o)
 .debug_rnglists
                0x0000000000000776       0x13 /usr/lib/gcc/arm-none-eabi/12.2.0/../../../../arm-none-eabi/lib/thumb/v7-m/nofp/libnosys.a(getpid.o)
 .debug_rnglists
                0x0000000000000789       0x13 /usr/lib/gcc/arm-none-eabi/12.2.0/../../../../arm-none-eabi/lib/thumb/v7-m/nofp/libnosys.a(kill.o)
 .debug_rnglists
                0x000000000000079c       0x13 /usr/lib/gcc/arm-none-eabi/12.2.0/../../../../arm-none-eabi/lib/thumb/v7-m/nofp/libnosys.a(sbrk.o)
 .debug_rnglists
                0x00000000000007af       0x13 /usr/lib/gcc/arm-none-eabi/12.2.0/../../../../arm-none-eabi/lib/thumb/v7-m/nofp/libnosys.a(_exit.o)

.debug_line     0x0000000000000000     0x75dc
 .debug_line    0x0000000000000000      0x4be ./User/EventLoop.o
 .debug_line    0x00000000000004be      0x11a /usr/lib/gcc/arm-none-eabi/12.2.0/../../../../arm-none-eabi/lib/thumb/v7-m/nofp/libstdc++_nano.a(atexit_arm.o)
 .debug_line    0x00000000000005d8      0x1d6 /usr/lib/gcc/arm-none-eabi/12.2.0/../../../../arm-none-eabi/lib/thumb/v7-m/nofp/libstdc++_nano.a(del_op.o)
 .debug_line    0x00000000000007ae      0xbf3 /usr/lib/gcc/arm-none-eabi/12.2.0/../../../../arm-none-eabi/lib/thumb/v7-m/nofp/libstdc++_nano.a(eh_personality.o)
 .debug_line    0x00000000000013a1      0x3b1 /usr/lib/gcc/arm-none-eabi/12.2.0/../../../../arm-none-eabi/lib/thumb/v7-m/nofp/libstdc++_nano.a(eh_terminate.o)
 .debug_line    0x0000000000001752      0x25c /usr/lib/gcc/arm-none-eabi/12.2.0/../../../../arm-none-eabi/lib/thumb/v7-m/nofp/libstdc++_nano.a(eh_unex_handler.o)
 .debug_line    0x00000000000019ae      0x4c7 /usr/lib/gcc/arm-none-eabi/12.2.0/../../../../arm-none-eabi/lib/thumb/v7-m/nofp/libstdc++_nano.a(eh_arm.o)
 .debug_line    0x0000000000001e75      0x38b /usr/lib/gcc/arm-none-eabi/12.2.0/../../../../arm-none-eabi/lib/thumb/v7-m/nofp/libstdc++_nano.a(eh_call.o)
 .debug_line    0x0000000000002200      0x4b7 /usr/lib/gcc/arm-none-eabi/12.2.0/../../../../arm-none-eabi/lib/thumb/v7-m/nofp/libstdc++_nano.a(eh_catch.o)
 .debug_line    0x00000000000026b7      0x383 /usr/lib/gcc/arm-none-eabi/12.2.0/../../../../arm-none-eabi/lib/thumb/v7-m/nofp/libstdc++_nano.a(eh_exception.o)
 .debug_line    0x0000000000002a3a      0x30a /usr/lib/gcc/arm-none-eabi/12.2.0/../../../../arm-none-eabi/lib/thumb/v7-m/nofp/libstdc++_nano.a(eh_globals.o)
 .debug_line    0x0000000000002d44      0x28e /usr/lib/gcc/arm-none-eabi/12.2.0/../../../../arm-none-eabi/lib/thumb/v7-m/nofp/libstdc++_nano.a(eh_term_handler.o)
 .debug_line    0x0000000000002fd2      0x316 /usr/lib/gcc/arm-none-eabi/12.2.0/../../../../arm-none-eabi/lib/thumb/v7-m/nofp/libstdc++_nano.a(si_class_type_info.o)
 .debug_line    0x00000000000032e8      0x288 /usr/lib/gcc/arm-none-eabi/12.2.0/../../../../arm-none-eabi/lib/thumb/v7-m/nofp/libstdc++_nano.a(tinfo.o)
 .debug_line    0x0000000000003570      0x35a /usr/lib/gcc/arm-none-eabi/12.2.0/../../../../arm-none-eabi/lib/thumb/v7-m/nofp/libstdc++_nano.a(class_type_info.o)
 .debug_line    0x00000000000038ca      0x109 /usr/lib/gcc/arm-none-eabi/12.2.0/../../../../arm-none-eabi/lib/thumb/v7-m/nofp/libstdc++_nano.a(del_ops.o)
 .debug_line    0x00000000000039d3      0x141 /usr/lib/gcc/arm-none-eabi/12.2.0/../../../../arm-none-eabi/lib/thumb/v7-m/nofp/libc_nano.a(libc_a-abort.o)
 .debug_line    0x0000000000003b14      0x19e /usr/lib/gcc/arm-none-eabi/12.2.0/../../../../arm-none-eabi/lib/thumb/v7-m/nofp/libc_nano.a(libc_a-malloc.o)
 .debug_line    0x0000000000003cb2      0x486 /usr/lib/gcc/arm-none-eabi/12.2.0/../../../../arm-none-eabi/lib/thumb/v7-m/nofp/libc_nano.a(libc_a-mallocr.o)
 .debug_line    0x0000000000004138      0x18a /usr/lib/gcc/arm-none-eabi/12.2.0/../../../../arm-none-eabi/lib/thumb/v7-m/nofp/libc_nano.a(libc_a-mlock.o)
 .debug_line    0x00000000000042c2      0x114 /usr/lib/gcc/arm-none-eabi/12.2.0/../../../../arm-none-eabi/lib/thumb/v7-m/nofp/libc_nano.a(libc_a-cxa_atexit.o)
 .debug_line    0x00000000000043d6      0x558 /usr/lib/gcc/arm-none-eabi/12.2.0/../../../../arm-none-eabi/lib/thumb/v7-m/nofp/libc_nano.a(libc_a-findfp.o)
 .debug_line    0x000000000000492e      0x3eb /usr/lib/gcc/arm-none-eabi/12.2.0/../../../../arm-none-eabi/lib/thumb/v7-m/nofp/libc_nano.a(libc_a-signal.o)