Archive member included to satisfy reference by file (symbol)

/usr/lib/gcc/arm-none-eabi/12.2.0/../../../../arm-none-eabi/lib/thumb/v7-m/nofp/libc_nano.a(libc_a-atexit.o)
                              /usr/lib/gcc/arm-none-eabi/12.2.0/../../../../arm-none-eabi/lib/thumb/v7-m/nofp/crt0.o (atexit)
/usr/lib/gcc/arm-none-eabi/12.2.0/../../../../arm-none-eabi/lib/thumb/v7-m/nofp/libc_nano.a(libc_a-exit.o)
                              /usr/lib/gcc/arm-none-eabi/12.2.0/../../../../arm-none-eabi/lib/thumb/v7-m/nofp/crt0.o (exit)
/usr/lib/gcc/arm-none-eabi/12.2.0/../../../../arm-none-eabi/lib/thumb/v7-m/nofp/libc_nano.a(libc_a-findfp.o)
                              /usr/lib/gcc/arm-none-eabi/12.2.0/../../../../arm-none-eabi/lib/thumb/v7-m/nofp/libc_nano.a(libc_a-exit.o) (__stdio_exit_handler)
/usr/lib/gcc/arm-none-eabi/12.2.0/../../../../arm-none-eabi/lib/thumb/v7-m/nofp/libc_nano.a(libc_a-fwalk.o)
                              /usr/lib/gcc/arm-none-eabi/12.2.0/../../../../arm-none-eabi/lib/thumb/v7-m/nofp/libc_nano.a(libc_a-findfp.o) (_fwalk_sglue)
/usr/lib/gcc/arm-none-eabi/12.2.0/../../../../arm-none-eabi/lib/thumb/v7-m/nofp/libc_nano.a(libc_a-stdio.o)
                              /usr/lib/gcc/arm-none-eabi/12.2.0/../../../../arm-none-eabi/lib/thumb/v7-m/nofp/libc_nano.a(libc_a-findfp.o) (__sread)
/usr/lib/gcc/arm-none-eabi/12.2.0/../../../../arm-none-eabi/lib/thumb/v7-m/nofp/libc_nano.a(libc_a-memset.o)
                              /usr/lib/gcc/arm-none-eabi/12.2.0/../../../../arm-none-eabi/lib/thumb/v7-m/nofp/crt0.o (memset)
/usr/lib/gcc/arm-none-eabi/12.2.0/../../../../arm-none-eabi/lib/thumb/v7-m/nofp/libc_nano.a(libc_a-closer.o)
                              /usr/lib/gcc/arm-none-eabi/12.2.0/../../../../arm-none-eabi/lib/thumb/v7-m/nofp/libc_nano.a(libc_a-stdio.o) (_close_r)
/usr/lib/gcc/arm-none-eabi/12.2.0/../../../../arm-none-eabi/lib/thumb/v7-m/nofp/libc_nano.a(libc_a-reent.o)
                              /usr/lib/gcc/arm-none-eabi/12.2.0/../../../../arm-none-eabi/lib/thumb/v7-m/nofp/libc_nano.a(libc_a-closer.o) (errno)
/usr/lib/gcc/arm-none-eabi/12.2.0/../../../../arm-none-eabi/lib/thumb/v7-m/nofp/libc_nano.a(libc_a-impure.o)
                              /usr/lib/gcc/arm-none-eabi/12.2.0/../../../../arm-none-eabi/lib/thumb/v7-m/nofp/libc_nano.a(libc_a-reent.o) (_impure_ptr)
/usr/lib/gcc/arm-none-eabi/12.2.0/../../../../arm-none-eabi/lib/thumb/v7-m/nofp/libc_nano.a(libc_a-lseekr.o)
                              /usr/lib/gcc/arm-none-eabi/12.2.0/../../../../arm-none-eabi/lib/thumb/v7-m/nofp/libc_nano.a(libc_a-stdio.o) (_lseek_r)
/usr/lib/gcc/arm-none-eabi/12.2.0/../../../../arm-none-eabi/lib/thumb/v7-m/nofp/libc_nano.a(libc_a-readr.o)
                              /usr/lib/gcc/arm-none-eabi/12.2.0/../../../../arm-none-eabi/lib/thumb/v7-m/nofp/libc_nano.a(libc_a-stdio.o) (_read_r)
/usr/lib/gcc/arm-none-eabi/12.2.0/../../../../arm-none-eabi/lib/thumb/v7-m/nofp/libc_nano.a(libc_a-writer.o)
                              /usr/lib/gcc/arm-none-eabi/12.2.0/../../../../arm-none-eabi/lib/thumb/v7-m/nofp/libc_nano.a(libc_a-stdio.o) (_write_r)
/usr/lib/gcc/arm-none-eabi/12.2.0/../../../../arm-none-eabi/lib/thumb/v7-m/nofp/libc_nano.a(libc_a-init.o)
                              /usr/lib/gcc/arm-none-eabi/12.2.0/../../../../arm-none-eabi/lib/thumb/v7-m/nofp/crt0.o (__libc_init_array)
/usr/lib/gcc/arm-none-eabi/12.2.0/../../../../arm-none-eabi/lib/thumb/v7-m/nofp/libc_nano.a(libc_a-fini.o)
                              /usr/lib/gcc/arm-none-eabi/12.2.0/../../../../arm-none-eabi/lib/thumb/v7-m/nofp/crt0.o (__libc_fini_array)
/usr/lib/gcc/arm-none-eabi/12.2.0/../../../../arm-none-eabi/lib/thumb/v7-m/nofp/libc_nano.a(libc_a-lock.o)
                              /usr/lib/gcc/arm-none-eabi/12.2.0/../../../../arm-none-eabi/lib/thumb/v7-m/nofp/libc_nano.a(libc_a-findfp.o) (__retarget_lock_init_recursive)
/usr/lib/gcc/arm-none-eabi/12.2.0/../../../../arm-none-eabi/lib/thumb/v7-m/nofp/libc_nano.a(libc_a-__atexit.o)
                              /usr/lib/gcc/arm-none-eabi/12.2.0/../../../../arm-none-eabi/lib/thumb/v7-m/nofp/libc_nano.a(libc_a-atexit.o) (__register_exitproc)
/usr/lib/gcc/arm-none-eabi/12.2.0/../../../../arm-none-eabi/lib/thumb/v7-m/nofp/libc_nano.a(libc_a-__call_atexit.o)
                              /usr/lib/gcc/arm-none-eabi/12.2.0/../../../../arm-none-eabi/lib/thumb/v7-m/nofp/libc_nano.a(libc_a-__atexit.o) (__call_exitprocs)
/usr/lib/gcc/arm-none-eabi/12.2.0/../../../../arm-none-eabi/lib/thumb/v7-m/nofp/libc_nano.a(libc_a-freer.o)
                              /usr/lib/gcc/arm-none-eabi/12.2.0/../../../../arm-none-eabi/lib/thumb/v7-m/nofp/libc_nano.a(libc_a-reent.o) (_free_r)
/usr/lib/gcc/arm-none-eabi/12.2.0/../../../../arm-none-eabi/lib/thumb/v7-m/nofp/libc_nano.a(libc_a-mallocr.o)
                              /usr/lib/gcc/arm-none-eabi/12.2.0/../../../../arm-none-eabi/lib/thumb/v7-m/nofp/libc_nano.a(libc_a-findfp.o) (_malloc_r)
[...]
Memory Configuration

Name             Origin             Length             Attributes
FLASH            0x0000000008000000 0x0000000000020000 xr
RAM              0x0000000020000000 0x0000000000005000 xrw
MEMORY_B1        0x0000000060000000 0x0000000000000000 xr
*default*        0x0000000000000000 0xffffffffffffffff

Linker script and memory map

LOAD /usr/lib/gcc/arm-none-eabi/12.2.0/thumb/v7-m/nofp/crti.o
LOAD /usr/lib/gcc/arm-none-eabi/12.2.0/thumb/v7-m/nofp/crtbegin.o
LOAD /usr/lib/gcc/arm-none-eabi/12.2.0/../../../../arm-none-eabi/lib/thumb/v7-m/nofp/crt0.o
LOAD ./Start/system_stm32f10x.o
LOAD ./Start/core_cm3.o
LOAD ./User/main.o
LOAD ./User/stm32f10x_it.o
LOAD ./Library/src/stm32f10x_sdio.o
LOAD ./Library/src/stm32f10x_dma.o
LOAD ./Library/src/stm32f10x_tim.o
LOAD ./Library/src/stm32f10x_pwr.o
LOAD ./Library/src/stm32f10x_rtc.o
LOAD ./Library/src/stm32f10x_dac.o
LOAD ./Library/src/stm32f10x_wwdg.o
LOAD ./Library/src/stm32f10x_rcc.o
LOAD ./Library/src/stm32f10x_dbgmcu.o
LOAD ./Library/src/stm32f10x_iwdg.o
LOAD ./Library/src/stm32f10x_bkp.o
LOAD ./Library/src/misc.o
LOAD ./Library/src/stm32f10x_exti.o
LOAD ./Library/src/stm32f10x_flash.o
LOAD ./Library/src/stm32f10x_usart.o
LOAD ./Library/src/stm32f10x_spi.o
LOAD ./Library/src/stm32f10x_cec.o
LOAD ./Library/src/stm32f10x_fsmc.o
LOAD ./Library/src/stm32f10x_gpio.o
LOAD ./Library/src/stm32f10x_adc.o
LOAD ./Library/src/stm32f10x_can.o
LOAD ./Library/src/stm32f10x_crc.o
LOAD ./Library/src/stm32f10x_i2c.o
START GROUP
LOAD /usr/lib/gcc/arm-none-eabi/12.2.0/../../../../arm-none-eabi/lib/thumb/v7-m/nofp/libc_nano.a
LOAD /usr/lib/gcc/arm-none-eabi/12.2.0/../../../../arm-none-eabi/lib/thumb/v7-m/nofp/libm.a
END GROUP
                0x0000000000000080                malloc_getpagesize_P = 0x80
START GROUP
LOAD /usr/lib/gcc/arm-none-eabi/12.2.0/thumb/v7-m/nofp/libgcc.a
LOAD /usr/lib/gcc/arm-none-eabi/12.2.0/../../../../arm-none-eabi/lib/thumb/v7-m/nofp/libc_nano.a
END GROUP
START GROUP
LOAD /usr/lib/gcc/arm-none-eabi/12.2.0/thumb/v7-m/nofp/libgcc.a
LOAD /usr/lib/gcc/arm-none-eabi/12.2.0/../../../../arm-none-eabi/lib/thumb/v7-m/nofp/libc_nano.a
LOAD /usr/lib/gcc/arm-none-eabi/12.2.0/../../../../arm-none-eabi/lib/thumb/v7-m/nofp/libnosys.a
END GROUP
START GROUP
LOAD /usr/lib/gcc/arm-none-eabi/12.2.0/thumb/v7-m/nofp/libgcc.a
LOAD /usr/lib/gcc/arm-none-eabi/12.2.0/../../../../arm-none-eabi/lib/thumb/v7-m/nofp/libc_nano.a
LOAD /usr/lib/gcc/arm-none-eabi/12.2.0/../../../../arm-none-eabi/lib/thumb/v7-m/nofp/libnosys.a
END GROUP
LOAD /usr/lib/gcc/arm-none-eabi/12.2.0/thumb/v7-m/nofp/crtend.o
LOAD /usr/lib/gcc/arm-none-eabi/12.2.0/thumb/v7-m/nofp/crtn.o
                0x0000000020005000                _estack = 0x20005000
                0x0000000000000000                _Min_Heap_Size = 0x0
                0x0000000000000100                _Min_Stack_Size = 0x100

.isr_vector     0x0000000008000000        0x0
                0x0000000008000000                . = ALIGN (0x4)
 *(.isr_vector)
                0x0000000008000000                . = ALIGN (0x4)

.text           0x0000000008000000       0x58
                0x0000000008000000                . = ALIGN (0x4)
 *(.text)
 *(.text*)
 .text.__do_global_dtors_aux
                0x0000000008000000       0x24 /usr/lib/gcc/arm-none-eabi/12.2.0/thumb/v7-m/nofp/crtbegin.o
 .text.frame_dummy
                0x0000000008000024       0x1c /usr/lib/gcc/arm-none-eabi/12.2.0/thumb/v7-m/nofp/crtbegin.o
 *(.rodata)
 *(.rodata*)
 *(.glue_7)
 .glue_7        0x0000000008000040        0x0 linker stubs
 *(.glue_7t)
 .glue_7t       0x0000000008000040        0x0 linker stubs
 *(.init)
 .init          0x0000000008000040        0x4 /usr/lib/gcc/arm-none-eabi/12.2.0/thumb/v7-m/nofp/crti.o
                0x0000000008000040                _init
 .init          0x0000000008000044        0x8 /usr/lib/gcc/arm-none-eabi/12.2.0/thumb/v7-m/nofp/crtn.o
 *(.fini)
 .fini          0x000000000800004c        0x4 /usr/lib/gcc/arm-none-eabi/12.2.0/thumb/v7-m/nofp/crti.o
                0x000000000800004c                _fini
 .fini          0x0000000008000050        0x8 /usr/lib/gcc/arm-none-eabi/12.2.0/thumb/v7-m/nofp/crtn.o
                0x0000000008000058                . = ALIGN (0x4)
                0x0000000008000058                _etext = .

.eh_frame       0x0000000008000058        0x0
 .eh_frame      0x0000000008000058        0x0 /usr/lib/gcc/arm-none-eabi/12.2.0/thumb/v7-m/nofp/crtbegin.o

.vfp11_veneer   0x0000000008000058        0x0
 .vfp11_veneer  0x0000000008000058        0x0 linker stubs

.v4_bx          0x0000000008000058        0x0
 .v4_bx         0x0000000008000058        0x0 linker stubs

.iplt           0x0000000008000058        0x0
 .iplt          0x0000000008000058        0x0 /usr/lib/gcc/arm-none-eabi/12.2.0/thumb/v7-m/nofp/crtbegin.o

.rel.dyn        0x0000000008000058        0x0
 .rel.iplt      0x0000000008000058        0x0 /usr/lib/gcc/arm-none-eabi/12.2.0/thumb/v7-m/nofp/crtbegin.o

.ARM.extab
 *(.ARM.extab* .gnu.linkonce.armextab.*)

.ARM            0x0000000008000058        0x0
                0x0000000008000058                __exidx_start = .
 *(.ARM.exidx*)
                0x0000000008000058                __exidx_end = .

.ARM.attributes
                0x0000000008000058       0x29
 *(.ARM.attributes)
 .ARM.attributes
                0x0000000008000058       0x1d /usr/lib/gcc/arm-none-eabi/12.2.0/thumb/v7-m/nofp/crti.o
 .ARM.attributes
                0x0000000008000075       0x2d /usr/lib/gcc/arm-none-eabi/12.2.0/thumb/v7-m/nofp/crtbegin.o
 .ARM.attributes
                0x00000000080000a2       0x1d /usr/lib/gcc/arm-none-eabi/12.2.0/thumb/v7-m/nofp/crtn.o

.preinit_array  0x0000000008000058        0x0
                0x0000000008000058                PROVIDE (__preinit_array_start = .)
 *(.preinit_array*)
                0x0000000008000058                PROVIDE (__preinit_array_end = .)

.init_array     0x0000000008000058        0x4
                0x0000000008000058                PROVIDE (__init_array_start = .)
 *(SORT_BY_NAME(.init_array.*))
 *(.init_array*)
 .init_array    0x0000000008000058        0x4 /usr/lib/gcc/arm-none-eabi/12.2.0/thumb/v7-m/nofp/crtbegin.o
                0x000000000800005c                PROVIDE (__init_array_end = .)

.fini_array     0x000000000800005c        0x4
                0x000000000800005c                PROVIDE (__fini_array_start = .)
 *(.fini_array*)
 .fini_array    0x000000000800005c        0x4 /usr/lib/gcc/arm-none-eabi/12.2.0/thumb/v7-m/nofp/crtbegin.o
 *(SORT_BY_NAME(.fini_array.*))
                0x0000000008000060                PROVIDE (__fini_array_end = .)
                0x0000000008000060                _sidata = .

.data           0x0000000020000000        0x0 load address 0x0000000008000060
                0x0000000020000000                . = ALIGN (0x4)
                0x0000000020000000                _sdata = .
 *(.data)
 *(.data*)
                0x0000000020000000                . = ALIGN (0x4)
                0x0000000020000000                _edata = .

.igot.plt       0x0000000020000000        0x0
 .igot.plt      0x0000000020000000        0x0 /usr/lib/gcc/arm-none-eabi/12.2.0/thumb/v7-m/nofp/crtbegin.o
                0x0000000020000000                . = ALIGN (0x4)

.bss            0x0000000020000000       0x1c
                0x0000000020000000                _sbss = .
                0x0000000020000000                __bss_start__ = _sbss
 *(.bss)
 *(.bss*)
 .bss.completed.1
                0x0000000020000000        0x1 /usr/lib/gcc/arm-none-eabi/12.2.0/thumb/v7-m/nofp/crtbegin.o
 *fill*         0x0000000020000001        0x3 
 .bss.object.0  0x0000000020000004       0x18 /usr/lib/gcc/arm-none-eabi/12.2.0/thumb/v7-m/nofp/crtbegin.o
 *(COMMON)
                0x000000002000001c                . = ALIGN (0x4)
                0x000000002000001c                _ebss = .
                0x000000002000001c                __bss_end__ = _ebss
                0x000000002000001c                PROVIDE (end = _ebss)
                [!provide]                        PROVIDE (_end = _ebss)

._user_heap_stack
                0x000000002000001c      0x100
                0x000000002000001c                . = ALIGN (0x4)
                0x000000002000001c                . = (. + _Min_Heap_Size)
                0x000000002000011c                . = (. + _Min_Stack_Size)
 *fill*         0x000000002000001c      0x100 
                0x000000002000011c                . = ALIGN (0x4)

.memory_b1_text
 *(.mb1text)
 *(.mb1text*)
 *(.mb1rodata)
 *(.mb1rodata*)

/DISCARD/
 libc.a(*)
 libm.a(*)
 libgcc.a(*)
OUTPUT(STM32-Template.elf elf32-littlearm)
LOAD linker stubs
LOAD /usr/lib/gcc/arm-none-eabi/12.2.0/../../../../arm-none-eabi/lib/thumb/v7-m/nofp/libc.a
LOAD /usr/lib/gcc/arm-none-eabi/12.2.0/../../../../arm-none-eabi/lib/thumb/v7-m/nofp/libm.a
LOAD /usr/lib/gcc/arm-none-eabi/12.2.0/thumb/v7-m/nofp/libgcc.a

Cross Reference Table

Symbol                                            File
ADC_AnalogWatchdogCmd                             ./Library/src/stm32f10x_adc.o
ADC_AnalogWatchdogSingleChannelConfig             ./Library/src/stm32f10x_adc.o
ADC_AnalogWatchdogThresholdsConfig                ./Library/src/stm32f10x_adc.o
ADC_AutoInjectedConvCmd                           ./Library/src/stm32f10x_adc.o
ADC_ClearFlag                                     ./Library/src/stm32f10x_adc.o
ADC_ClearITPendingBit                             ./Library/src/stm32f10x_adc.o
ADC_Cmd                                           ./Library/src/stm32f10x_adc.o
ADC_DMACmd                                        ./Library/src/stm32f10x_adc.o
ADC_DeInit                                        ./Library/src/stm32f10x_adc.o
ADC_DiscModeChannelCountConfig                    ./Library/src/stm32f10x_adc.o
ADC_DiscModeCmd                                   ./Library/src/stm32f10x_adc.o
ADC_ExternalTrigConvCmd                           ./Library/src/stm32f10x_adc.o
ADC_ExternalTrigInjectedConvCmd                   ./Library/src/stm32f10x_adc.o
ADC_ExternalTrigInjectedConvConfig                ./Library/src/stm32f10x_adc.o
ADC_GetCalibrationStatus                          ./Library/src/stm32f10x_adc.o
ADC_GetConversionValue                            ./Library/src/stm32f10x_adc.o
ADC_GetDualModeConversionValue                    ./Library/src/stm32f10x_adc.o
ADC_GetFlagStatus                                 ./Library/src/stm32f10x_adc.o
ADC_GetITStatus                                   ./Library/src/stm32f10x_adc.o
ADC_GetInjectedConversionValue                    ./Library/src/stm32f10x_adc.o
ADC_GetResetCalibrationStatus                     ./Library/src/stm32f10x_adc.o
ADC_GetSoftwareStartConvStatus                    ./Library/src/stm32f10x_adc.o
ADC_GetSoftwareStartInjectedConvCmdStatus         ./Library/src/stm32f10x_adc.o
ADC_ITConfig                                      ./Library/src/stm32f10x_adc.o
ADC_Init                                          ./Library/src/stm32f10x_adc.o
ADC_InjectedChannelConfig                         ./Library/src/stm32f10x_adc.o
ADC_InjectedDiscModeCmd                           ./Library/src/stm32f10x_adc.o
ADC_InjectedSequencerLengthConfig                 ./Library/src/stm32f10x_adc.o
ADC_RegularChannelConfig                          ./Library/src/stm32f10x_adc.o
ADC_ResetCalibration                              ./Library/src/stm32f10x_adc.o
ADC_SetInjectedOffset                             ./Library/src/stm32f10x_adc.o
ADC_SoftwareStartConvCmd                          ./Library/src/stm32f10x_adc.o
ADC_SoftwareStartInjectedConvCmd                  ./Library/src/stm32f10x_adc.o
ADC_StartCalibration                              ./Library/src/stm32f10x_adc.o
ADC_StructInit                                    ./Library/src/stm32f10x_adc.o
ADC_TempSensorVrefintCmd                          ./Library/src/stm32f10x_adc.o
AHBPrescTable                                     ./Start/system_stm32f10x.o
BKP_ClearFlag                                     ./Library/src/stm32f10x_bkp.o
BKP_ClearITPendingBit                             ./Library/src/stm32f10x_bkp.o
BKP_DeInit                                        ./Library/src/stm32f10x_bkp.o
BKP_GetFlagStatus                                 ./Library/src/stm32f10x_bkp.o
BKP_GetITStatus                                   ./Library/src/stm32f10x_bkp.o
BKP_ITConfig                                      ./Library/src/stm32f10x_bkp.o
BKP_RTCOutputConfig                               ./Library/src/stm32f10x_bkp.o
BKP_ReadBackupRegister                            ./Library/src/stm32f10x_bkp.o
BKP_SetRTCCalibrationValue                        ./Library/src/stm32f10x_bkp.o
BKP_TamperPinCmd                                  ./Library/src/stm32f10x_bkp.o
BKP_TamperPinLevelConfig                          ./Library/src/stm32f10x_bkp.o
BKP_WriteBackupRegister                           ./Library/src/stm32f10x_bkp.o
BusFault_Handler                                  ./User/stm32f10x_it.o
CAN_CancelTransmit                                ./Library/src/stm32f10x_can.o
CAN_ClearFlag                                     ./Library/src/stm32f10x_can.o
CAN_ClearITPendingBit                             ./Library/src/stm32f10x_can.o
CAN_DBGFreeze                                     ./Library/src/stm32f10x_can.o
CAN_DeInit                                        ./Library/src/stm32f10x_can.o
CAN_FIFORelease                                   ./Library/src/stm32f10x_can.o
CAN_FilterInit                                    ./Library/src/stm32f10x_can.o
CAN_GetFlagStatus                                 ./Library/src/stm32f10x_can.o
CAN_GetITStatus                                   ./Library/src/stm32f10x_can.o
CAN_GetLSBTransmitErrorCounter                    ./Library/src/stm32f10x_can.o
CAN_GetLastErrorCode                              ./Library/src/stm32f10x_can.o
CAN_GetReceiveErrorCounter                        ./Library/src/stm32f10x_can.o
CAN_ITConfig                                      ./Library/src/stm32f10x_can.o
CAN_Init                                          ./Library/src/stm32f10x_can.o
CAN_MessagePending                                ./Library/src/stm32f10x_can.o
CAN_OperatingModeRequest                          ./Library/src/stm32f10x_can.o
CAN_Receive                                       ./Library/src/stm32f10x_can.o
CAN_SlaveStartBank                                ./Library/src/stm32f10x_can.o
CAN_Sleep                                         ./Library/src/stm32f10x_can.o
CAN_StructInit                                    ./Library/src/stm32f10x_can.o
CAN_TTComModeCmd                                  ./Library/src/stm32f10x_can.o
CAN_Transmit                                      ./Library/src/stm32f10x_can.o
CAN_TransmitStatus                                ./Library/src/stm32f10x_can.o
CAN_WakeUp                                        ./Library/src/stm32f10x_can.o
CEC_ClearFlag                                     ./Library/src/stm32f10x_cec.o
CEC_ClearITPendingBit                             ./Library/src/stm32f10x_cec.o
CEC_Cmd                                           ./Library/src/stm32f10x_cec.o
CEC_DeInit                                        ./Library/src/stm32f10x_cec.o
CEC_EndOfMessageCmd                               ./Library/src/stm32f10x_cec.o
CEC_GetFlagStatus                                 ./Library/src/stm32f10x_cec.o
CEC_GetITStatus                                   ./Library/src/stm32f10x_cec.o
CEC_ITConfig                                      ./Library/src/stm32f10x_cec.o
CEC_Init                                          ./Library/src/stm32f10x_cec.o
CEC_OwnAddressConfig                              ./Library/src/stm32f10x_cec.o
CEC_ReceiveDataByte                               ./Library/src/stm32f10x_cec.o
CEC_SendDataByte                                  ./Library/src/stm32f10x_cec.o
CEC_SetPrescaler                                  ./Library/src/stm32f10x_cec.o
CEC_StartOfMessage                                ./Library/src/stm32f10x_cec.o
CRC_CalcBlockCRC                                  ./Library/src/stm32f10x_crc.o
CRC_CalcCRC                                       ./Library/src/stm32f10x_crc.o
CRC_GetCRC                                        ./Library/src/stm32f10x_crc.o
CRC_GetIDRegister                                 ./Library/src/stm32f10x_crc.o
CRC_ResetDR                                       ./Library/src/stm32f10x_crc.o
CRC_SetIDRegister                                 ./Library/src/stm32f10x_crc.o
DAC_Cmd                                           ./Library/src/stm32f10x_dac.o
DAC_DMACmd                                        ./Library/src/stm32f10x_dac.o
DAC_DeInit                                        ./Library/src/stm32f10x_dac.o
DAC_DualSoftwareTriggerCmd                        ./Library/src/stm32f10x_dac.o
DAC_GetDataOutputValue                            ./Library/src/stm32f10x_dac.o
DAC_Init                                          ./Library/src/stm32f10x_dac.o
DAC_SetChannel1Data                               ./Library/src/stm32f10x_dac.o
DAC_SetChannel2Data                               ./Library/src/stm32f10x_dac.o
DAC_SetDualChannelData                            ./Library/src/stm32f10x_dac.o
DAC_SoftwareTriggerCmd                            ./Library/src/stm32f10x_dac.o
DAC_StructInit                                    ./Library/src/stm32f10x_dac.o
DAC_WaveGenerationCmd                             ./Library/src/stm32f10x_dac.o
DBGMCU_Config                                     ./Library/src/stm32f10x_dbgmcu.o
DBGMCU_GetDEVID                                   ./Library/src/stm32f10x_dbgmcu.o
DBGMCU_GetREVID                                   ./Library/src/stm32f10x_dbgmcu.o
DMA_ClearFlag                                     ./Library/src/stm32f10x_dma.o
DMA_ClearITPendingBit                             ./Library/src/stm32f10x_dma.o
DMA_Cmd                                           ./Library/src/stm32f10x_dma.o
DMA_DeInit                                        ./Library/src/stm32f10x_dma.o
DMA_GetCurrDataCounter                            ./Library/src/stm32f10x_dma.o
DMA_GetFlagStatus                                 ./Library/src/stm32f10x_dma.o
DMA_GetITStatus                                   ./Library/src/stm32f10x_dma.o
DMA_ITConfig                                      ./Library/src/stm32f10x_dma.o
DMA_Init                                          ./Library/src/stm32f10x_dma.o
DMA_SetCurrDataCounter                            ./Library/src/stm32f10x_dma.o
DMA_StructInit                                    ./Library/src/stm32f10x_dma.o
DebugMon_Handler                                  ./User/stm32f10x_it.o
EXTI_ClearFlag                                    ./Library/src/stm32f10x_exti.o
EXTI_ClearITPendingBit                            ./Library/src/stm32f10x_exti.o
EXTI_DeInit                                       ./Library/src/stm32f10x_exti.o
EXTI_GenerateSWInterrupt                          ./Library/src/stm32f10x_exti.o
EXTI_GetFlagStatus                                ./Library/src/stm32f10x_exti.o
EXTI_GetITStatus                                  ./Library/src/stm32f10x_exti.o
EXTI_Init                                         ./Library/src/stm32f10x_exti.o
EXTI_StructInit                                   ./Library/src/stm32f10x_exti.o
FLASH_ClearFlag                                   ./Library/src/stm32f10x_flash.o
FLASH_EnableWriteProtection                       ./Library/src/stm32f10x_flash.o
FLASH_EraseAllBank1Pages                          ./Library/src/stm32f10x_flash.o
FLASH_EraseAllPages                               ./Library/src/stm32f10x_flash.o
FLASH_EraseOptionBytes                            ./Library/src/stm32f10x_flash.o
FLASH_ErasePage                                   ./Library/src/stm32f10x_flash.o
FLASH_GetBank1Status                              ./Library/src/stm32f10x_flash.o
FLASH_GetFlagStatus                               ./Library/src/stm32f10x_flash.o
FLASH_GetPrefetchBufferStatus                     ./Library/src/stm32f10x_flash.o
FLASH_GetReadOutProtectionStatus                  ./Library/src/stm32f10x_flash.o
FLASH_GetStatus                                   ./Library/src/stm32f10x_flash.o
FLASH_GetUserOptionByte                           ./Library/src/stm32f10x_flash.o
FLASH_GetWriteProtectionOptionByte                ./Library/src/stm32f10x_flash.o
FLASH_HalfCycleAccessCmd                          ./Library/src/stm32f10x_flash.o
FLASH_ITConfig                                    ./Library/src/stm32f10x_flash.o
FLASH_Lock                                        ./Library/src/stm32f10x_flash.o
FLASH_LockBank1                                   ./Library/src/stm32f10x_flash.o
FLASH_PrefetchBufferCmd                           ./Library/src/stm32f10x_flash.o
FLASH_ProgramHalfWord                             ./Library/src/stm32f10x_flash.o
FLASH_ProgramOptionByteData                       ./Library/src/stm32f10x_flash.o
FLASH_ProgramWord                                 ./Library/src/stm32f10x_flash.o
FLASH_ReadOutProtection                           ./Library/src/stm32f10x_flash.o
FLASH_SetLatency                                  ./Library/src/stm32f10x_flash.o
FLASH_Unlock                                      ./Library/src/stm32f10x_flash.o
FLASH_UnlockBank1                                 ./Library/src/stm32f10x_flash.o
FLASH_UserOptionByteConfig                        ./Library/src/stm32f10x_flash.o
FLASH_WaitForLastBank1Operation                   ./Library/src/stm32f10x_flash.o
FLASH_WaitForLastOperation                        ./Library/src/stm32f10x_flash.o
FSMC_ClearFlag                                    ./Library/src/stm32f10x_fsmc.o
FSMC_ClearITPendingBit                            ./Library/src/stm32f10x_fsmc.o
FSMC_GetECC                                       ./Library/src/stm32f10x_fsmc.o
FSMC_GetFlagStatus                                ./Library/src/stm32f10x_fsmc.o
FSMC_GetITStatus                                  ./Library/src/stm32f10x_fsmc.o
FSMC_ITConfig                                     ./Library/src/stm32f10x_fsmc.o
FSMC_NANDCmd                                      ./Library/src/stm32f10x_fsmc.o
FSMC_NANDDeInit                                   ./Library/src/stm32f10x_fsmc.o
FSMC_NANDECCCmd                                   ./Library/src/stm32f10x_fsmc.o
FSMC_NANDInit                                     ./Library/src/stm32f10x_fsmc.o
FSMC_NANDStructInit                               ./Library/src/stm32f10x_fsmc.o
FSMC_NORSRAMCmd                                   ./Library/src/stm32f10x_fsmc.o
FSMC_NORSRAMDeInit                                ./Library/src/stm32f10x_fsmc.o
FSMC_NORSRAMInit                                  ./Library/src/stm32f10x_fsmc.o
FSMC_NORSRAMStructInit                            ./Library/src/stm32f10x_fsmc.o
FSMC_PCCARDCmd                                    ./Library/src/stm32f10x_fsmc.o
FSMC_PCCARDDeInit                                 ./Library/src/stm32f10x_fsmc.o
FSMC_PCCARDInit                                   ./Library/src/stm32f10x_fsmc.o
FSMC_PCCARDStructInit                             ./Library/src/stm32f10x_fsmc.o
GPIO_AFIODeInit                                   ./Library/src/stm32f10x_gpio.o
GPIO_DeInit                                       ./Library/src/stm32f10x_gpio.o
GPIO_ETH_MediaInterfaceConfig                     ./Library/src/stm32f10x_gpio.o
GPIO_EXTILineConfig                               ./Library/src/stm32f10x_gpio.o
GPIO_EventOutputCmd                               ./Library/src/stm32f10x_gpio.o
GPIO_EventOutputConfig                            ./Library/src/stm32f10x_gpio.o
GPIO_Init                                         ./Library/src/stm32f10x_gpio.o
GPIO_PinLockConfig                                ./Library/src/stm32f10x_gpio.o
GPIO_PinRemapConfig                               ./Library/src/stm32f10x_gpio.o
GPIO_ReadInputData                                ./Library/src/stm32f10x_gpio.o
GPIO_ReadInputDataBit                             ./Library/src/stm32f10x_gpio.o
GPIO_ReadOutputData                               ./Library/src/stm32f10x_gpio.o
GPIO_ReadOutputDataBit                            ./Library/src/stm32f10x_gpio.o
GPIO_ResetBits                                    ./Library/src/stm32f10x_gpio.o
GPIO_SetBits                                      ./Library/src/stm32f10x_gpio.o
GPIO_StructInit                                   ./Library/src/stm32f10x_gpio.o
GPIO_Write                                        ./Library/src/stm32f10x_gpio.o
GPIO_WriteBit                                     ./Library/src/stm32f10x_gpio.o
HardFault_Handler                                 ./User/stm32f10x_it.o
I2C_ARPCmd                                        ./Library/src/stm32f10x_i2c.o
I2C_AcknowledgeConfig                             ./Library/src/stm32f10x_i2c.o
I2C_CalculatePEC                                  ./Library/src/stm32f10x_i2c.o
I2C_CheckEvent                                    ./Library/src/stm32f10x_i2c.o
I2C_ClearFlag                                     ./Library/src/stm32f10x_i2c.o
I2C_ClearITPendingBit                             ./Library/src/stm32f10x_i2c.o
I2C_Cmd                                           ./Library/src/stm32f10x_i2c.o
I2C_DMACmd                                        ./Library/src/stm32f10x_i2c.o
I2C_DMALastTransferCmd                            ./Library/src/stm32f10x_i2c.o
I2C_DeInit                                        ./Library/src/stm32f10x_i2c.o
I2C_DualAddressCmd                                ./Library/src/stm32f10x_i2c.o
I2C_FastModeDutyCycleConfig                       ./Library/src/stm32f10x_i2c.o
I2C_GeneralCallCmd                                ./Library/src/stm32f10x_i2c.o
I2C_GenerateSTART                                 ./Library/src/stm32f10x_i2c.o
I2C_GenerateSTOP                                  ./Library/src/stm32f10x_i2c.o
I2C_GetFlagStatus                                 ./Library/src/stm32f10x_i2c.o
I2C_GetITStatus                                   ./Library/src/stm32f10x_i2c.o
I2C_GetLastEvent                                  ./Library/src/stm32f10x_i2c.o
I2C_GetPEC                                        ./Library/src/stm32f10x_i2c.o
I2C_ITConfig                                      ./Library/src/stm32f10x_i2c.o
I2C_Init                                          ./Library/src/stm32f10x_i2c.o
I2C_NACKPositionConfig                            ./Library/src/stm32f10x_i2c.o
I2C_OwnAddress2Config                             ./Library/src/stm32f10x_i2c.o
I2C_PECPositionConfig                             ./Library/src/stm32f10x_i2c.o
I2C_ReadRegister                                  ./Library/src/stm32f10x_i2c.o
I2C_ReceiveData                                   ./Library/src/stm32f10x_i2c.o
I2C_SMBusAlertConfig                              ./Library/src/stm32f10x_i2c.o
I2C_Send7bitAddress                               ./Library/src/stm32f10x_i2c.o
I2C_SendData                                      ./Library/src/stm32f10x_i2c.o
I2C_SoftwareResetCmd                              ./Library/src/stm32f10x_i2c.o
I2C_StretchClockCmd                               ./Library/src/stm32f10x_i2c.o
I2C_StructInit                                    ./Library/src/stm32f10x_i2c.o
I2C_TransmitPEC                                   ./Library/src/stm32f10x_i2c.o
I2S_Cmd                                           ./Library/src/stm32f10x_spi.o
I2S_Init                                          ./Library/src/stm32f10x_spi.o
I2S_StructInit                                    ./Library/src/stm32f10x_spi.o
IWDG_Enable                                       ./Library/src/stm32f10x_iwdg.o
IWDG_GetFlagStatus                                ./Library/src/stm32f10x_iwdg.o
IWDG_ReloadCounter                                ./Library/src/stm32f10x_iwdg.o
IWDG_SetPrescaler                                 ./Library/src/stm32f10x_iwdg.o
IWDG_SetReload                                    ./Library/src/stm32f10x_iwdg.o
IWDG_WriteAccessCmd                               ./Library/src/stm32f10x_iwdg.o
MemManage_Handler                                 ./User/stm32f10x_it.o
NMI_Handler                                       ./User/stm32f10x_it.o
NVIC_Init                                         ./Library/src/misc.o
NVIC_PriorityGroupConfig                          ./Library/src/misc.o
NVIC_SetVectorTable                               ./Library/src/misc.o
NVIC_SystemLPConfig                               ./Library/src/misc.o
PWR_BackupAccessCmd                               ./Library/src/stm32f10x_pwr.o
PWR_ClearFlag                                     ./Library/src/stm32f10x_pwr.o
PWR_DeInit                                        ./Library/src/stm32f10x_pwr.o
PWR_EnterSTANDBYMode                              ./Library/src/stm32f10x_pwr.o
PWR_EnterSTOPMode                                 ./Library/src/stm32f10x_pwr.o
PWR_GetFlagStatus                                 ./Library/src/stm32f10x_pwr.o
PWR_PVDCmd                                        ./Library/src/stm32f10x_pwr.o
PWR_PVDLevelConfig                                ./Library/src/stm32f10x_pwr.o
PWR_WakeUpPinCmd                                  ./Library/src/stm32f10x_pwr.o
PendSV_Handler                                    ./User/stm32f10x_it.o
RCC_ADCCLKConfig                                  ./Library/src/stm32f10x_rcc.o
RCC_AHBPeriphClockCmd                             ./Library/src/stm32f10x_rcc.o
RCC_APB1PeriphClockCmd                            ./Library/src/stm32f10x_rcc.o
RCC_APB1PeriphResetCmd                            ./Library/src/stm32f10x_rcc.o
                                                  ./Library/src/stm32f10x_i2c.o
                                                  ./Library/src/stm32f10x_can.o
                                                  ./Library/src/stm32f10x_cec.o
                                                  ./Library/src/stm32f10x_spi.o
                                                  ./Library/src/stm32f10x_usart.o
                                                  ./Library/src/stm32f10x_wwdg.o
                                                  ./Library/src/stm32f10x_dac.o
                                                  ./Library/src/stm32f10x_pwr.o
                                                  ./Library/src/stm32f10x_tim.o
RCC_APB2PeriphClockCmd                            ./Library/src/stm32f10x_rcc.o
                                                  ./User/main.o
RCC_APB2PeriphResetCmd                            ./Library/src/stm32f10x_rcc.o
                                                  ./Library/src/stm32f10x_adc.o
                                                  ./Library/src/stm32f10x_gpio.o
                                                  ./Library/src/stm32f10x_spi.o
                                                  ./Library/src/stm32f10x_usart.o
                                                  ./Library/src/stm32f10x_tim.o
RCC_AdjustHSICalibrationValue                     ./Library/src/stm32f10x_rcc.o
RCC_BackupResetCmd                                ./Library/src/stm32f10x_rcc.o
                                                  ./Library/src/stm32f10x_bkp.o
RCC_ClearFlag                                     ./Library/src/stm32f10x_rcc.o
RCC_ClearITPendingBit                             ./Library/src/stm32f10x_rcc.o
RCC_ClockSecuritySystemCmd                        ./Library/src/stm32f10x_rcc.o
RCC_DeInit                                        ./Library/src/stm32f10x_rcc.o
RCC_GetClocksFreq                                 ./Library/src/stm32f10x_rcc.o
                                                  ./Library/src/stm32f10x_i2c.o
                                                  ./Library/src/stm32f10x_spi.o
                                                  ./Library/src/stm32f10x_usart.o
RCC_GetFlagStatus                                 ./Library/src/stm32f10x_rcc.o
RCC_GetITStatus                                   ./Library/src/stm32f10x_rcc.o
RCC_GetSYSCLKSource                               ./Library/src/stm32f10x_rcc.o
RCC_HCLKConfig                                    ./Library/src/stm32f10x_rcc.o
RCC_HSEConfig                                     ./Library/src/stm32f10x_rcc.o
RCC_HSICmd                                        ./Library/src/stm32f10x_rcc.o
RCC_ITConfig                                      ./Library/src/stm32f10x_rcc.o
RCC_LSEConfig                                     ./Library/src/stm32f10x_rcc.o
RCC_LSICmd                                        ./Library/src/stm32f10x_rcc.o
RCC_MCOConfig                                     ./Library/src/stm32f10x_rcc.o
RCC_PCLK1Config                                   ./Library/src/stm32f10x_rcc.o
RCC_PCLK2Config                                   ./Library/src/stm32f10x_rcc.o
RCC_PLLCmd                                        ./Library/src/stm32f10x_rcc.o
RCC_PLLConfig                                     ./Library/src/stm32f10x_rcc.o
RCC_RTCCLKCmd                                     ./Library/src/stm32f10x_rcc.o
RCC_RTCCLKConfig                                  ./Library/src/stm32f10x_rcc.o
RCC_SYSCLKConfig                                  ./Library/src/stm32f10x_rcc.o
RCC_USBCLKConfig                                  ./Library/src/stm32f10x_rcc.o
RCC_WaitForHSEStartUp                             ./Library/src/stm32f10x_rcc.o
RTC_ClearFlag                                     ./Library/src/stm32f10x_rtc.o
RTC_ClearITPendingBit                             ./Library/src/stm32f10x_rtc.o
RTC_EnterConfigMode                               ./Library/src/stm32f10x_rtc.o
RTC_ExitConfigMode                                ./Library/src/stm32f10x_rtc.o
RTC_GetCounter                                    ./Library/src/stm32f10x_rtc.o
RTC_GetDivider                                    ./Library/src/stm32f10x_rtc.o
RTC_GetFlagStatus                                 ./Library/src/stm32f10x_rtc.o
RTC_GetITStatus                                   ./Library/src/stm32f10x_rtc.o
RTC_ITConfig                                      ./Library/src/stm32f10x_rtc.o
RTC_SetAlarm                                      ./Library/src/stm32f10x_rtc.o
RTC_SetCounter                                    ./Library/src/stm32f10x_rtc.o
RTC_SetPrescaler                                  ./Library/src/stm32f10x_rtc.o
RTC_WaitForLastTask                               ./Library/src/stm32f10x_rtc.o
RTC_WaitForSynchro                                ./Library/src/stm32f10x_rtc.o
SDIO_CEATAITCmd                                   ./Library/src/stm32f10x_sdio.o
SDIO_ClearFlag                                    ./Library/src/stm32f10x_sdio.o
SDIO_ClearITPendingBit                            ./Library/src/stm32f10x_sdio.o
SDIO_ClockCmd                                     ./Library/src/stm32f10x_sdio.o
SDIO_CmdStructInit                                ./Library/src/stm32f10x_sdio.o
SDIO_CommandCompletionCmd                         ./Library/src/stm32f10x_sdio.o
SDIO_DMACmd                                       ./Library/src/stm32f10x_sdio.o
SDIO_DataConfig                                   ./Library/src/stm32f10x_sdio.o
SDIO_DataStructInit                               ./Library/src/stm32f10x_sdio.o
SDIO_DeInit                                       ./Library/src/stm32f10x_sdio.o
SDIO_GetCommandResponse                           ./Library/src/stm32f10x_sdio.o
SDIO_GetDataCounter                               ./Library/src/stm32f10x_sdio.o
SDIO_GetFIFOCount                                 ./Library/src/stm32f10x_sdio.o
SDIO_GetFlagStatus                                ./Library/src/stm32f10x_sdio.o
SDIO_GetITStatus                                  ./Library/src/stm32f10x_sdio.o
SDIO_GetPowerState                                ./Library/src/stm32f10x_sdio.o
SDIO_GetResponse                                  ./Library/src/stm32f10x_sdio.o
SDIO_ITConfig                                     ./Library/src/stm32f10x_sdio.o
SDIO_Init                                         ./Library/src/stm32f10x_sdio.o
SDIO_ReadData                                     ./Library/src/stm32f10x_sdio.o
SDIO_SendCEATACmd                                 ./Library/src/stm32f10x_sdio.o
SDIO_SendCommand                                  ./Library/src/stm32f10x_sdio.o
SDIO_SendSDIOSuspendCmd                           ./Library/src/stm32f10x_sdio.o
SDIO_SetPowerState                                ./Library/src/stm32f10x_sdio.o
SDIO_SetSDIOOperation                             ./Library/src/stm32f10x_sdio.o
SDIO_SetSDIOReadWaitMode                          ./Library/src/stm32f10x_sdio.o
SDIO_StartSDIOReadWait                            ./Library/src/stm32f10x_sdio.o
SDIO_StopSDIOReadWait                             ./Library/src/stm32f10x_sdio.o
SDIO_StructInit                                   ./Library/src/stm32f10x_sdio.o
SDIO_WriteData                                    ./Library/src/stm32f10x_sdio.o
SPI_BiDirectionalLineConfig                       ./Library/src/stm32f10x_spi.o
SPI_CalculateCRC                                  ./Library/src/stm32f10x_spi.o
SPI_Cmd                                           ./Library/src/stm32f10x_spi.o
SPI_DataSizeConfig                                ./Library/src/stm32f10x_spi.o
SPI_GetCRC                                        ./Library/src/stm32f10x_spi.o
SPI_GetCRCPolynomial                              ./Library/src/stm32f10x_spi.o
SPI_I2S_ClearFlag                                 ./Library/src/stm32f10x_spi.o
SPI_I2S_ClearITPendingBit                         ./Library/src/stm32f10x_spi.o
SPI_I2S_DMACmd                                    ./Library/src/stm32f10x_spi.o
SPI_I2S_DeInit                                    ./Library/src/stm32f10x_spi.o
SPI_I2S_GetFlagStatus                             ./Library/src/stm32f10x_spi.o
SPI_I2S_GetITStatus                               ./Library/src/stm32f10x_spi.o
SPI_I2S_ITConfig                                  ./Library/src/stm32f10x_spi.o
SPI_I2S_ReceiveData                               ./Library/src/stm32f10x_spi.o
SPI_I2S_SendData                                  ./Library/src/stm32f10x_spi.o
SPI_Init                                          ./Library/src/stm32f10x_spi.o
SPI_NSSInternalSoftwareConfig                     ./Library/src/stm32f10x_spi.o
SPI_SSOutputCmd                                   ./Library/src/stm32f10x_spi.o
SPI_StructInit                                    ./Library/src/stm32f10x_spi.o
SPI_TransmitCRC                                   ./Library/src/stm32f10x_spi.o
SVC_Handler                                       ./User/stm32f10x_it.o
SysTick_CLKSourceConfig                           ./Library/src/misc.o
SysTick_Handler                                   ./User/stm32f10x_it.o
SystemCoreClock                                   ./Start/system_stm32f10x.o
SystemCoreClockUpdate                             ./Start/system_stm32f10x.o
SystemInit                                        ./Start/system_stm32f10x.o
TIM_ARRPreloadConfig                              ./Library/src/stm32f10x_tim.o
TIM_BDTRConfig                                    ./Library/src/stm32f10x_tim.o
TIM_BDTRStructInit                                ./Library/src/stm32f10x_tim.o
TIM_CCPreloadControl                              ./Library/src/stm32f10x_tim.o
TIM_CCxCmd                                        ./Library/src/stm32f10x_tim.o
TIM_CCxNCmd                                       ./Library/src/stm32f10x_tim.o
TIM_ClearFlag                                     ./Library/src/stm32f10x_tim.o
TIM_ClearITPendingBit                             ./Library/src/stm32f10x_tim.o
TIM_ClearOC1Ref                                   ./Library/src/stm32f10x_tim.o
TIM_ClearOC2Ref                                   ./Library/src/stm32f10x_tim.o
TIM_ClearOC3Ref                                   ./Library/src/stm32f10x_tim.o
TIM_ClearOC4Ref                                   ./Library/src/stm32f10x_tim.o
TIM_Cmd                                           ./Library/src/stm32f10x_tim.o
TIM_CounterModeConfig                             ./Library/src/stm32f10x_tim.o
TIM_CtrlPWMOutputs                                ./Library/src/stm32f10x_tim.o
TIM_DMACmd                                        ./Library/src/stm32f10x_tim.o
TIM_DMAConfig                                     ./Library/src/stm32f10x_tim.o
TIM_DeInit                                        ./Library/src/stm32f10x_tim.o
TIM_ETRClockMode1Config                           ./Library/src/stm32f10x_tim.o
TIM_ETRClockMode2Config                           ./Library/src/stm32f10x_tim.o
TIM_ETRConfig                                     ./Library/src/stm32f10x_tim.o
TIM_EncoderInterfaceConfig                        ./Library/src/stm32f10x_tim.o
TIM_ForcedOC1Config                               ./Library/src/stm32f10x_tim.o
TIM_ForcedOC2Config                               ./Library/src/stm32f10x_tim.o
TIM_ForcedOC3Config                               ./Library/src/stm32f10x_tim.o
TIM_ForcedOC4Config                               ./Library/src/stm32f10x_tim.o
TIM_GenerateEvent                                 ./Library/src/stm32f10x_tim.o
TIM_GetCapture1                                   ./Library/src/stm32f10x_tim.o
TIM_GetCapture2                                   ./Library/src/stm32f10x_tim.o
TIM_GetCapture3                                   ./Library/src/stm32f10x_tim.o
TIM_GetCapture4                                   ./Library/src/stm32f10x_tim.o
TIM_GetCounter                                    ./Library/src/stm32f10x_tim.o
TIM_GetFlagStatus                                 ./Library/src/stm32f10x_tim.o
TIM_GetITStatus                                   ./Library/src/stm32f10x_tim.o
TIM_GetPrescaler                                  ./Library/src/stm32f10x_tim.o
TIM_ICInit                                        ./Library/src/stm32f10x_tim.o
TIM_ICStructInit                                  ./Library/src/stm32f10x_tim.o
TIM_ITConfig                                      ./Library/src/stm32f10x_tim.o
TIM_ITRxExternalClockConfig                       ./Library/src/stm32f10x_tim.o
TIM_InternalClockConfig                           ./Library/src/stm32f10x_tim.o
TIM_OC1FastConfig                                 ./Library/src/stm32f10x_tim.o
TIM_OC1Init                                       ./Library/src/stm32f10x_tim.o
TIM_OC1NPolarityConfig                            ./Library/src/stm32f10x_tim.o
TIM_OC1PolarityConfig                             ./Library/src/stm32f10x_tim.o
TIM_OC1PreloadConfig                              ./Library/src/stm32f10x_tim.o
TIM_OC2FastConfig                                 ./Library/src/stm32f10x_tim.o
TIM_OC2Init                                       ./Library/src/stm32f10x_tim.o
TIM_OC2NPolarityConfig                            ./Library/src/stm32f10x_tim.o
TIM_OC2PolarityConfig                             ./Library/src/stm32f10x_tim.o
TIM_OC2PreloadConfig                              ./Library/src/stm32f10x_tim.o
TIM_OC3FastConfig                                 ./Library/src/stm32f10x_tim.o
TIM_OC3Init                                       ./Library/src/stm32f10x_tim.o
TIM_OC3NPolarityConfig                            ./Library/src/stm32f10x_tim.o
TIM_OC3PolarityConfig                             ./Library/src/stm32f10x_tim.o
TIM_OC3PreloadConfig                              ./Library/src/stm32f10x_tim.o
TIM_OC4FastConfig                                 ./Library/src/stm32f10x_tim.o
TIM_OC4Init                                       ./Library/src/stm32f10x_tim.o
TIM_OC4PolarityConfig                             ./Library/src/stm32f10x_tim.o
TIM_OC4PreloadConfig                              ./Library/src/stm32f10x_tim.o
TIM_OCStructInit                                  ./Library/src/stm32f10x_tim.o
TIM_PWMIConfig                                    ./Library/src/stm32f10x_tim.o
TIM_PrescalerConfig                               ./Library/src/stm32f10x_tim.o
TIM_SelectCCDMA                                   ./Library/src/stm32f10x_tim.o
TIM_SelectCOM                                     ./Library/src/stm32f10x_tim.o
TIM_SelectHallSensor                              ./Library/src/stm32f10x_tim.o
TIM_SelectInputTrigger                            ./Library/src/stm32f10x_tim.o
TIM_SelectMasterSlaveMode                         ./Library/src/stm32f10x_tim.o
TIM_SelectOCxM                                    ./Library/src/stm32f10x_tim.o
TIM_SelectOnePulseMode                            ./Library/src/stm32f10x_tim.o
TIM_SelectOutputTrigger                           ./Library/src/stm32f10x_tim.o
TIM_SelectSlaveMode                               ./Library/src/stm32f10x_tim.o
TIM_SetAutoreload                                 ./Library/src/stm32f10x_tim.o
TIM_SetClockDivision                              ./Library/src/stm32f10x_tim.o
TIM_SetCompare1                                   ./Library/src/stm32f10x_tim.o
TIM_SetCompare2                                   ./Library/src/stm32f10x_tim.o
TIM_SetCompare3                                   ./Library/src/stm32f10x_tim.o
TIM_SetCompare4                                   ./Library/src/stm32f10x_tim.o
TIM_SetCounter                                    ./Library/src/stm32f10x_tim.o
TIM_SetIC1Prescaler                               ./Library/src/stm32f10x_tim.o
TIM_SetIC2Prescaler                               ./Library/src/stm32f10x_tim.o
TIM_SetIC3Prescaler                               ./Library/src/stm32f10x_tim.o
TIM_SetIC4Prescaler                               ./Library/src/stm32f10x_tim.o
TIM_TIxExternalClockConfig                        ./Library/src/stm32f10x_tim.o
TIM_TimeBaseInit                                  ./Library/src/stm32f10x_tim.o
TIM_TimeBaseStructInit                            ./Library/src/stm32f10x_tim.o
TIM_UpdateDisableConfig                           ./Library/src/stm32f10x_tim.o
TIM_UpdateRequestConfig                           ./Library/src/stm32f10x_tim.o
USART_ClearFlag                                   ./Library/src/stm32f10x_usart.o
USART_ClearITPendingBit                           ./Library/src/stm32f10x_usart.o
USART_ClockInit                                   ./Library/src/stm32f10x_usart.o
USART_ClockStructInit                             ./Library/src/stm32f10x_usart.o
USART_Cmd                                         ./Library/src/stm32f10x_usart.o
USART_DMACmd                                      ./Library/src/stm32f10x_usart.o
USART_DeInit                                      ./Library/src/stm32f10x_usart.o
USART_GetFlagStatus                               ./Library/src/stm32f10x_usart.o
USART_GetITStatus                                 ./Library/src/stm32f10x_usart.o
USART_HalfDuplexCmd                               ./Library/src/stm32f10x_usart.o
USART_ITConfig                                    ./Library/src/stm32f10x_usart.o
USART_Init                                        ./Library/src/stm32f10x_usart.o
USART_IrDACmd                                     ./Library/src/stm32f10x_usart.o
USART_IrDAConfig                                  ./Library/src/stm32f10x_usart.o
USART_LINBreakDetectLengthConfig                  ./Library/src/stm32f10x_usart.o
USART_LINCmd                                      ./Library/src/stm32f10x_usart.o
USART_OneBitMethodCmd                             ./Library/src/stm32f10x_usart.o
USART_OverSampling8Cmd                            ./Library/src/stm32f10x_usart.o
USART_ReceiveData                                 ./Library/src/stm32f10x_usart.o
USART_ReceiverWakeUpCmd                           ./Library/src/stm32f10x_usart.o
USART_SendBreak                                   ./Library/src/stm32f10x_usart.o
USART_SendData                                    ./Library/src/stm32f10x_usart.o
USART_SetAddress                                  ./Library/src/stm32f10x_usart.o
USART_SetGuardTime                                ./Library/src/stm32f10x_usart.o
USART_SetPrescaler                                ./Library/src/stm32f10x_usart.o
USART_SmartCardCmd                                ./Library/src/stm32f10x_usart.o
USART_SmartCardNACKCmd                            ./Library/src/stm32f10x_usart.o
USART_StructInit                                  ./Library/src/stm32f10x_usart.o
USART_WakeUpConfig                                ./Library/src/stm32f10x_usart.o
UsageFault_Handler                                ./User/stm32f10x_it.o
WWDG_ClearFlag                                    ./Library/src/stm32f10x_wwdg.o
WWDG_DeInit                                       ./Library/src/stm32f10x_wwdg.o
WWDG_Enable                                       ./Library/src/stm32f10x_wwdg.o
WWDG_EnableIT                                     ./Library/src/stm32f10x_wwdg.o
WWDG_GetFlagStatus                                ./Library/src/stm32f10x_wwdg.o
WWDG_SetCounter                                   ./Library/src/stm32f10x_wwdg.o
WWDG_SetPrescaler                                 ./Library/src/stm32f10x_wwdg.o
WWDG_SetWindowValue                               ./Library/src/stm32f10x_wwdg.o
__LDREXB                                          ./Start/core_cm3.o
__LDREXH                                          ./Start/core_cm3.o
__LDREXW                                          ./Start/core_cm3.o
__RBIT                                            ./Start/core_cm3.o
__REV                                             ./Start/core_cm3.o
__REV16                                           ./Start/core_cm3.o
__REVSH                                           ./Start/core_cm3.o
__STREXB                                          ./Start/core_cm3.o
__STREXH                                          ./Start/core_cm3.o
__STREXW                                          ./Start/core_cm3.o
__atexit                                          /usr/lib/gcc/arm-none-eabi/12.2.0/../../../../arm-none-eabi/lib/thumb/v7-m/nofp/libc_nano.a(libc_a-__call_atexit.o)
                                                  /usr/lib/gcc/arm-none-eabi/12.2.0/../../../../arm-none-eabi/lib/thumb/v7-m/nofp/libc_nano.a(libc_a-__atexit.o)
__atexit0                                         /usr/lib/gcc/arm-none-eabi/12.2.0/../../../../arm-none-eabi/lib/thumb/v7-m/nofp/libc_nano.a(libc_a-__atexit.o)
__atexit_dummy                                    /usr/lib/gcc/arm-none-eabi/12.2.0/../../../../arm-none-eabi/lib/thumb/v7-m/nofp/libc_nano.a(libc_a-__atexit.o)
__atexit_recursive_mutex                          /usr/lib/gcc/arm-none-eabi/12.2.0/../../../../arm-none-eabi/lib/thumb/v7-m/nofp/libc_nano.a(libc_a-__call_atexit.o)
                                                  /usr/lib/gcc/arm-none-eabi/12.2.0/../../../../arm-none-eabi/lib/thumb/v7-m/nofp/libc_nano.a(libc_a-__atexit.o)
__bss_end__                                       /usr/lib/gcc/arm-none-eabi/12.2.0/../../../../arm-none-eabi/lib/thumb/v7-m/nofp/crt0.o
__bss_start__                                     /usr/lib/gcc/arm-none-eabi/12.2.0/../../../../arm-none-eabi/lib/thumb/v7-m/nofp/crt0.o
__call_exitprocs                                  /usr/lib/gcc/arm-none-eabi/12.2.0/../../../../arm-none-eabi/lib/thumb/v7-m/nofp/libc_nano.a(libc_a-__call_atexit.o)
                                                  /usr/lib/gcc/arm-none-eabi/12.2.0/../../../../arm-none-eabi/lib/thumb/v7-m/nofp/libc_nano.a(libc_a-__atexit.o)
                                                  /usr/lib/gcc/arm-none-eabi/12.2.0/../../../../arm-none-eabi/lib/thumb/v7-m/nofp/libc_nano.a(libc_a-exit.o)
__deregister_frame_info                           /usr/lib/gcc/arm-none-eabi/12.2.0/thumb/v7-m/nofp/crtbegin.o
__dso_handle                                      /usr/lib/gcc/arm-none-eabi/12.2.0/thumb/v7-m/nofp/crtbegin.o
__fini_array_end                                  /usr/lib/gcc/arm-none-eabi/12.2.0/../../../../arm-none-eabi/lib/thumb/v7-m/nofp/libc_nano.a(libc_a-fini.o)
__fini_array_start                                /usr/lib/gcc/arm-none-eabi/12.2.0/../../../../arm-none-eabi/lib/thumb/v7-m/nofp/libc_nano.a(libc_a-fini.o)
__fp_lock_all                                     /usr/lib/gcc/arm-none-eabi/12.2.0/../../../../arm-none-eabi/lib/thumb/v7-m/nofp/libc_nano.a(libc_a-findfp.o)
__fp_unlock_all                                   /usr/lib/gcc/arm-none-eabi/12.2.0/../../../../arm-none-eabi/lib/thumb/v7-m/nofp/libc_nano.a(libc_a-findfp.o)
__get_BASEPRI                                     ./Start/core_cm3.o
__get_CONTROL                                     ./Start/core_cm3.o
__get_FAULTMASK                                   ./Start/core_cm3.o
__get_MSP                                         ./Start/core_cm3.o
__get_PRIMASK                                     ./Start/core_cm3.o
__get_PSP                                         ./Start/core_cm3.o
__init_array_end                                  /usr/lib/gcc/arm-none-eabi/12.2.0/../../../../arm-none-eabi/lib/thumb/v7-m/nofp/libc_nano.a(libc_a-init.o)
__init_array_start                                /usr/lib/gcc/arm-none-eabi/12.2.0/../../../../arm-none-eabi/lib/thumb/v7-m/nofp/libc_nano.a(libc_a-init.o)
__libc_fini_array                                 /usr/lib/gcc/arm-none-eabi/12.2.0/../../../../arm-none-eabi/lib/thumb/v7-m/nofp/libc_nano.a(libc_a-fini.o)
                                                  /usr/lib/gcc/arm-none-eabi/12.2.0/../../../../arm-none-eabi/lib/thumb/v7-m/nofp/crt0.o
__libc_init_array                                 /usr/lib/gcc/arm-none-eabi/12.2.0/../../../../arm-none-eabi/lib/thumb/v7-m/nofp/libc_nano.a(libc_a-init.o)
                                                  /usr/lib/gcc/arm-none-eabi/12.2.0/../../../../arm-none-eabi/lib/thumb/v7-m/nofp/crt0.o
__lock___arc4random_mutex                         /usr/lib/gcc/arm-none-eabi/12.2.0/../../../../arm-none-eabi/lib/thumb/v7-m/nofp/libc_nano.a(libc_a-lock.o)
__lock___at_quick_exit_mutex                      /usr/lib/gcc/arm-none-eabi/12.2.0/../../../../arm-none-eabi/lib/thumb/v7-m/nofp/libc_nano.a(libc_a-lock.o)
__lock___atexit_recursive_mutex                   /usr/lib/gcc/arm-none-eabi/12.2.0/../../../../arm-none-eabi/lib/thumb/v7-m/nofp/libc_nano.a(libc_a-lock.o)
                                                  /usr/lib/gcc/arm-none-eabi/12.2.0/../../../../arm-none-eabi/lib/thumb/v7-m/nofp/libc_nano.a(libc_a-__call_atexit.o)
__lock___dd_hash_mutex                            /usr/lib/gcc/arm-none-eabi/12.2.0/../../../../arm-none-eabi/lib/thumb/v7-m/nofp/libc_nano.a(libc_a-lock.o)
__lock___env_recursive_mutex                      /usr/lib/gcc/arm-none-eabi/12.2.0/../../../../arm-none-eabi/lib/thumb/v7-m/nofp/libc_nano.a(libc_a-lock.o)
__lock___malloc_recursive_mutex                   /usr/lib/gcc/arm-none-eabi/12.2.0/../../../../arm-none-eabi/lib/thumb/v7-m/nofp/libc_nano.a(libc_a-lock.o)
                                                  /usr/lib/gcc/arm-none-eabi/12.2.0/../../../../arm-none-eabi/lib/thumb/v7-m/nofp/libc_nano.a(libc_a-mlock.o)
__lock___sfp_recursive_mutex                      /usr/lib/gcc/arm-none-eabi/12.2.0/../../../../arm-none-eabi/lib/thumb/v7-m/nofp/libc_nano.a(libc_a-lock.o)
                                                  /usr/lib/gcc/arm-none-eabi/12.2.0/../../../../arm-none-eabi/lib/thumb/v7-m/nofp/libc_nano.a(libc_a-findfp.o)
__lock___tz_mutex                                 /usr/lib/gcc/arm-none-eabi/12.2.0/../../../../arm-none-eabi/lib/thumb/v7-m/nofp/libc_nano.a(libc_a-lock.o)
__malloc_free_list                                /usr/lib/gcc/arm-none-eabi/12.2.0/../../../../arm-none-eabi/lib/thumb/v7-m/nofp/libc_nano.a(libc_a-mallocr.o)
                                                  /usr/lib/gcc/arm-none-eabi/12.2.0/../../../../arm-none-eabi/lib/thumb/v7-m/nofp/libc_nano.a(libc_a-freer.o)
__malloc_lock                                     /usr/lib/gcc/arm-none-eabi/12.2.0/../../../../arm-none-eabi/lib/thumb/v7-m/nofp/libc_nano.a(libc_a-mlock.o)
                                                  /usr/lib/gcc/arm-none-eabi/12.2.0/../../../../arm-none-eabi/lib/thumb/v7-m/nofp/libc_nano.a(libc_a-mallocr.o)
                                                  /usr/lib/gcc/arm-none-eabi/12.2.0/../../../../arm-none-eabi/lib/thumb/v7-m/nofp/libc_nano.a(libc_a-freer.o)
__malloc_sbrk_start                               /usr/lib/gcc/arm-none-eabi/12.2.0/../../../../arm-none-eabi/lib/thumb/v7-m/nofp/libc_nano.a(libc_a-mallocr.o)
__malloc_unlock                                   /usr/lib/gcc/arm-none-eabi/12.2.0/../../../../arm-none-eabi/lib/thumb/v7-m/nofp/libc_nano.a(libc_a-mlock.o)
                                                  /usr/lib/gcc/arm-none-eabi/12.2.0/../../../../arm-none-eabi/lib/thumb/v7-m/nofp/libc_nano.a(libc_a-mallocr.o)
                                                  /usr/lib/gcc/arm-none-eabi/12.2.0/../../../../arm-none-eabi/lib/thumb/v7-m/nofp/libc_nano.a(libc_a-freer.o)
__on_exit_args                                    /usr/lib/gcc/arm-none-eabi/12.2.0/../../../../arm-none-eabi/lib/thumb/v7-m/nofp/libc_nano.a(libc_a-__atexit.o)
__preinit_array_end                               /usr/lib/gcc/arm-none-eabi/12.2.0/../../../../arm-none-eabi/lib/thumb/v7-m/nofp/libc_nano.a(libc_a-init.o)
__preinit_array_start                             /usr/lib/gcc/arm-none-eabi/12.2.0/../../../../arm-none-eabi/lib/thumb/v7-m/nofp/libc_nano.a(libc_a-init.o)
__register_exitproc                               /usr/lib/gcc/arm-none-eabi/12.2.0/../../../../arm-none-eabi/lib/thumb/v7-m/nofp/libc_nano.a(libc_a-__atexit.o)
                                                  /usr/lib/gcc/arm-none-eabi/12.2.0/../../../../arm-none-eabi/lib/thumb/v7-m/nofp/libc_nano.a(libc_a-atexit.o)
__register_frame_info                             /usr/lib/gcc/arm-none-eabi/12.2.0/thumb/v7-m/nofp/crtbegin.o
__retarget_lock_acquire                           /usr/lib/gcc/arm-none-eabi/12.2.0/../../../../arm-none-eabi/lib/thumb/v7-m/nofp/libc_nano.a(libc_a-lock.o)
__retarget_lock_acquire_recursive                 /usr/lib/gcc/arm-none-eabi/12.2.0/../../../../arm-none-eabi/lib/thumb/v7-m/nofp/libc_nano.a(libc_a-lock.o)
                                                  /usr/lib/gcc/arm-none-eabi/12.2.0/../../../../arm-none-eabi/lib/thumb/v7-m/nofp/libc_nano.a(libc_a-fflush.o)
                                                  /usr/lib/gcc/arm-none-eabi/12.2.0/../../../../arm-none-eabi/lib/thumb/v7-m/nofp/libc_nano.a(libc_a-mlock.o)
                                                  /usr/lib/gcc/arm-none-eabi/12.2.0/../../../../arm-none-eabi/lib/thumb/v7-m/nofp/libc_nano.a(libc_a-__call_atexit.o)
                                                  /usr/lib/gcc/arm-none-eabi/12.2.0/../../../../arm-none-eabi/lib/thumb/v7-m/nofp/libc_nano.a(libc_a-__atexit.o)
                                                  /usr/lib/gcc/arm-none-eabi/12.2.0/../../../../arm-none-eabi/lib/thumb/v7-m/nofp/libc_nano.a(libc_a-findfp.o)
__retarget_lock_close                             /usr/lib/gcc/arm-none-eabi/12.2.0/../../../../arm-none-eabi/lib/thumb/v7-m/nofp/libc_nano.a(libc_a-lock.o)
__retarget_lock_close_recursive                   /usr/lib/gcc/arm-none-eabi/12.2.0/../../../../arm-none-eabi/lib/thumb/v7-m/nofp/libc_nano.a(libc_a-lock.o)
__retarget_lock_init                              /usr/lib/gcc/arm-none-eabi/12.2.0/../../../../arm-none-eabi/lib/thumb/v7-m/nofp/libc_nano.a(libc_a-lock.o)
__retarget_lock_init_recursive                    /usr/lib/gcc/arm-none-eabi/12.2.0/../../../../arm-none-eabi/lib/thumb/v7-m/nofp/libc_nano.a(libc_a-lock.o)
                                                  /usr/lib/gcc/arm-none-eabi/12.2.0/../../../../arm-none-eabi/lib/thumb/v7-m/nofp/libc_nano.a(libc_a-findfp.o)
__retarget_lock_release                           /usr/lib/gcc/arm-none-eabi/12.2.0/../../../../arm-none-eabi/lib/thumb/v7-m/nofp/libc_nano.a(libc_a-lock.o)
__retarget_lock_release_recursive                 /usr/lib/gcc/arm-none-eabi/12.2.0/../../../../arm-none-eabi/lib/thumb/v7-m/nofp/libc_nano.a(libc_a-lock.o)
                                                  /usr/lib/gcc/arm-none-eabi/12.2.0/../../../../arm-none-eabi/lib/thumb/v7-m/nofp/libc_nano.a(libc_a-fflush.o)
                                                  /usr/lib/gcc/arm-none-eabi/12.2.0/../../../../arm-none-eabi/lib/thumb/v7-m/nofp/libc_nano.a(libc_a-mlock.o)
                                                  /usr/lib/gcc/arm-none-eabi/12.2.0/../../../../arm-none-eabi/lib/thumb/v7-m/nofp/libc_nano.a(libc_a-__call_atexit.o)
                                                  /usr/lib/gcc/arm-none-eabi/12.2.0/../../../../arm-none-eabi/lib/thumb/v7-m/nofp/libc_nano.a(libc_a-__atexit.o)
                                                  /usr/lib/gcc/arm-none-eabi/12.2.0/../../../../arm-none-eabi/lib/thumb/v7-m/nofp/libc_nano.a(libc_a-findfp.o)
__retarget_lock_try_acquire                       /usr/lib/gcc/arm-none-eabi/12.2.0/../../../../arm-none-eabi/lib/thumb/v7-m/nofp/libc_nano.a(libc_a-lock.o)
__retarget_lock_try_acquire_recursive             /usr/lib/gcc/arm-none-eabi/12.2.0/../../../../arm-none-eabi/lib/thumb/v7-m/nofp/libc_nano.a(libc_a-lock.o)
__sclose                                          /usr/lib/gcc/arm-none-eabi/12.2.0/../../../../arm-none-eabi/lib/thumb/v7-m/nofp/libc_nano.a(libc_a-stdio.o)
                                                  /usr/lib/gcc/arm-none-eabi/12.2.0/../../../../arm-none-eabi/lib/thumb/v7-m/nofp/libc_nano.a(libc_a-findfp.o)
__seofread                                        /usr/lib/gcc/arm-none-eabi/12.2.0/../../../../arm-none-eabi/lib/thumb/v7-m/nofp/libc_nano.a(libc_a-stdio.o)
__set_BASEPRI                                     ./Start/core_cm3.o
__set_CONTROL                                     ./Start/core_cm3.o
__set_FAULTMASK                                   ./Start/core_cm3.o
__set_MSP                                         ./Start/core_cm3.o
__set_PRIMASK                                     ./Start/core_cm3.o
__set_PSP                                         ./Start/core_cm3.o
__sf                                              /usr/lib/gcc/arm-none-eabi/12.2.0/../../../../arm-none-eabi/lib/thumb/v7-m/nofp/libc_nano.a(libc_a-findfp.o)
                                                  /usr/lib/gcc/arm-none-eabi/12.2.0/../../../../arm-none-eabi/lib/thumb/v7-m/nofp/libc_nano.a(libc_a-impure.o)
__sflush_r                                        /usr/lib/gcc/arm-none-eabi/12.2.0/../../../../arm-none-eabi/lib/thumb/v7-m/nofp/libc_nano.a(libc_a-fflush.o)
__sfp                                             /usr/lib/gcc/arm-none-eabi/12.2.0/../../../../arm-none-eabi/lib/thumb/v7-m/nofp/libc_nano.a(libc_a-findfp.o)
__sfp_lock_acquire                                /usr/lib/gcc/arm-none-eabi/12.2.0/../../../../arm-none-eabi/lib/thumb/v7-m/nofp/libc_nano.a(libc_a-findfp.o)
__sfp_lock_release                                /usr/lib/gcc/arm-none-eabi/12.2.0/../../../../arm-none-eabi/lib/thumb/v7-m/nofp/libc_nano.a(libc_a-findfp.o)
__sglue                                           /usr/lib/gcc/arm-none-eabi/12.2.0/../../../../arm-none-eabi/lib/thumb/v7-m/nofp/libc_nano.a(libc_a-findfp.o)
                                                  /usr/lib/gcc/arm-none-eabi/12.2.0/../../../../arm-none-eabi/lib/thumb/v7-m/nofp/libc_nano.a(libc_a-fflush.o)
__sinit                                           /usr/lib/gcc/arm-none-eabi/12.2.0/../../../../arm-none-eabi/lib/thumb/v7-m/nofp/libc_nano.a(libc_a-findfp.o)
                                                  /usr/lib/gcc/arm-none-eabi/12.2.0/../../../../arm-none-eabi/lib/thumb/v7-m/nofp/libc_nano.a(libc_a-fflush.o)
__sread                                           /usr/lib/gcc/arm-none-eabi/12.2.0/../../../../arm-none-eabi/lib/thumb/v7-m/nofp/libc_nano.a(libc_a-stdio.o)
                                                  /usr/lib/gcc/arm-none-eabi/12.2.0/../../../../arm-none-eabi/lib/thumb/v7-m/nofp/libc_nano.a(libc_a-findfp.o)
__sseek                                           /usr/lib/gcc/arm-none-eabi/12.2.0/../../../../arm-none-eabi/lib/thumb/v7-m/nofp/libc_nano.a(libc_a-stdio.o)
                                                  /usr/lib/gcc/arm-none-eabi/12.2.0/../../../../arm-none-eabi/lib/thumb/v7-m/nofp/libc_nano.a(libc_a-findfp.o)
__stack                                           /usr/lib/gcc/arm-none-eabi/12.2.0/../../../../arm-none-eabi/lib/thumb/v7-m/nofp/crt0.o
__stdio_exit_handler                              /usr/lib/gcc/arm-none-eabi/12.2.0/../../../../arm-none-eabi/lib/thumb/v7-m/nofp/libc_nano.a(libc_a-findfp.o)
                                                  /usr/lib/gcc/arm-none-eabi/12.2.0/../../../../arm-none-eabi/lib/thumb/v7-m/nofp/libc_nano.a(libc_a-exit.o)
__swrite                                          /usr/lib/gcc/arm-none-eabi/12.2.0/../../../../arm-none-eabi/lib/thumb/v7-m/nofp/libc_nano.a(libc_a-stdio.o)
                                                  /usr/lib/gcc/arm-none-eabi/12.2.0/../../../../arm-none-eabi/lib/thumb/v7-m/nofp/libc_nano.a(libc_a-findfp.o)
_close                                            /usr/lib/gcc/arm-none-eabi/12.2.0/../../../../arm-none-eabi/lib/thumb/v7-m/nofp/libnosys.a(close.o)
                                                  /usr/lib/gcc/arm-none-eabi/12.2.0/../../../../arm-none-eabi/lib/thumb/v7-m/nofp/libc_nano.a(libc_a-closer.o)
_close_r                                          /usr/lib/gcc/arm-none-eabi/12.2.0/../../../../arm-none-eabi/lib/thumb/v7-m/nofp/libc_nano.a(libc_a-closer.o)
                                                  /usr/lib/gcc/arm-none-eabi/12.2.0/../../../../arm-none-eabi/lib/thumb/v7-m/nofp/libc_nano.a(libc_a-stdio.o)
_exit                                             /usr/lib/gcc/arm-none-eabi/12.2.0/../../../../arm-none-eabi/lib/thumb/v7-m/nofp/libnosys.a(_exit.o)
                                                  /usr/lib/gcc/arm-none-eabi/12.2.0/../../../../arm-none-eabi/lib/thumb/v7-m/nofp/libc_nano.a(libc_a-exit.o)
_fflush_r                                         /usr/lib/gcc/arm-none-eabi/12.2.0/../../../../arm-none-eabi/lib/thumb/v7-m/nofp/libc_nano.a(libc_a-fflush.o)
                                                  /usr/lib/gcc/arm-none-eabi/12.2.0/../../../../arm-none-eabi/lib/thumb/v7-m/nofp/libc_nano.a(libc_a-findfp.o)
_fini                                             /usr/lib/gcc/arm-none-eabi/12.2.0/thumb/v7-m/nofp/crti.o
                                                  /usr/lib/gcc/arm-none-eabi/12.2.0/../../../../arm-none-eabi/lib/thumb/v7-m/nofp/libc_nano.a(libc_a-fini.o)
_free_r                                           /usr/lib/gcc/arm-none-eabi/12.2.0/../../../../arm-none-eabi/lib/thumb/v7-m/nofp/libc_nano.a(libc_a-freer.o)
                                                  /usr/lib/gcc/arm-none-eabi/12.2.0/../../../../arm-none-eabi/lib/thumb/v7-m/nofp/libc_nano.a(libc_a-fflush.o)
                                                  /usr/lib/gcc/arm-none-eabi/12.2.0/../../../../arm-none-eabi/lib/thumb/v7-m/nofp/libc_nano.a(libc_a-reent.o)
_fwalk_sglue                                      /usr/lib/gcc/arm-none-eabi/12.2.0/../../../../arm-none-eabi/lib/thumb/v7-m/nofp/libc_nano.a(libc_a-fwalk.o)
                                                  /usr/lib/gcc/arm-none-eabi/12.2.0/../../../../arm-none-eabi/lib/thumb/v7-m/nofp/libc_nano.a(libc_a-fflush.o)
                                                  /usr/lib/gcc/arm-none-eabi/12.2.0/../../../../arm-none-eabi/lib/thumb/v7-m/nofp/libc_nano.a(libc_a-findfp.o)
_impure_data                                      /usr/lib/gcc/arm-none-eabi/12.2.0/../../../../arm-none-eabi/lib/thumb/v7-m/nofp/libc_nano.a(libc_a-impure.o)
                                                  /usr/lib/gcc/arm-none-eabi/12.2.0/../../../../arm-none-eabi/lib/thumb/v7-m/nofp/libc_nano.a(libc_a-fflush.o)
                                                  /usr/lib/gcc/arm-none-eabi/12.2.0/../../../../arm-none-eabi/lib/thumb/v7-m/nofp/libc_nano.a(libc_a-findfp.o)
_impure_ptr                                       /usr/lib/gcc/arm-none-eabi/12.2.0/../../../../arm-none-eabi/lib/thumb/v7-m/nofp/libc_nano.a(libc_a-impure.o)
                                                  /usr/lib/gcc/arm-none-eabi/12.2.0/../../../../arm-none-eabi/lib/thumb/v7-m/nofp/libc_nano.a(libc_a-fflush.o)
                                                  /usr/lib/gcc/arm-none-eabi/12.2.0/../../../../arm-none-eabi/lib/thumb/v7-m/nofp/libc_nano.a(libc_a-reent.o)
_init                                             /usr/lib/gcc/arm-none-eabi/12.2.0/thumb/v7-m/nofp/crti.o
                                                  /usr/lib/gcc/arm-none-eabi/12.2.0/../../../../arm-none-eabi/lib/thumb/v7-m/nofp/libc_nano.a(libc_a-init.o)
_lseek                                            /usr/lib/gcc/arm-none-eabi/12.2.0/../../../../arm-none-eabi/lib/thumb/v7-m/nofp/libnosys.a(lseek.o)
                                                  /usr/lib/gcc/arm-none-eabi/12.2.0/../../../../arm-none-eabi/lib/thumb/v7-m/nofp/libc_nano.a(libc_a-lseekr.o)
_lseek_r                                          /usr/lib/gcc/arm-none-eabi/12.2.0/../../../../arm-none-eabi/lib/thumb/v7-m/nofp/libc_nano.a(libc_a-lseekr.o)
                                                  /usr/lib/gcc/arm-none-eabi/12.2.0/../../../../arm-none-eabi/lib/thumb/v7-m/nofp/libc_nano.a(libc_a-stdio.o)
_mainCRTStartup                                   /usr/lib/gcc/arm-none-eabi/12.2.0/../../../../arm-none-eabi/lib/thumb/v7-m/nofp/crt0.o
_malloc_r                                         /usr/lib/gcc/arm-none-eabi/12.2.0/../../../../arm-none-eabi/lib/thumb/v7-m/nofp/libc_nano.a(libc_a-mallocr.o)
                                                  /usr/lib/gcc/arm-none-eabi/12.2.0/../../../../arm-none-eabi/lib/thumb/v7-m/nofp/libc_nano.a(libc_a-findfp.o)
_read                                             /usr/lib/gcc/arm-none-eabi/12.2.0/../../../../arm-none-eabi/lib/thumb/v7-m/nofp/libnosys.a(read.o)
                                                  /usr/lib/gcc/arm-none-eabi/12.2.0/../../../../arm-none-eabi/lib/thumb/v7-m/nofp/libc_nano.a(libc_a-readr.o)
_read_r                                           /usr/lib/gcc/arm-none-eabi/12.2.0/../../../../arm-none-eabi/lib/thumb/v7-m/nofp/libc_nano.a(libc_a-readr.o)
                                                  /usr/lib/gcc/arm-none-eabi/12.2.0/../../../../arm-none-eabi/lib/thumb/v7-m/nofp/libc_nano.a(libc_a-stdio.o)
_reclaim_reent                                    /usr/lib/gcc/arm-none-eabi/12.2.0/../../../../arm-none-eabi/lib/thumb/v7-m/nofp/libc_nano.a(libc_a-reent.o)
_sbrk                                             /usr/lib/gcc/arm-none-eabi/12.2.0/../../../../arm-none-eabi/lib/thumb/v7-m/nofp/libnosys.a(sbrk.o)
                                                  /usr/lib/gcc/arm-none-eabi/12.2.0/../../../../arm-none-eabi/lib/thumb/v7-m/nofp/libc_nano.a(libc_a-sbrkr.o)
_sbrk_r                                           /usr/lib/gcc/arm-none-eabi/12.2.0/../../../../arm-none-eabi/lib/thumb/v7-m/nofp/libc_nano.a(libc_a-sbrkr.o)
                                                  /usr/lib/gcc/arm-none-eabi/12.2.0/../../../../arm-none-eabi/lib/thumb/v7-m/nofp/libc_nano.a(libc_a-mallocr.o)
_stack_init                                       /usr/lib/gcc/arm-none-eabi/12.2.0/../../../../arm-none-eabi/lib/thumb/v7-m/nofp/crt0.o
_start                                            /usr/lib/gcc/arm-none-eabi/12.2.0/../../../../arm-none-eabi/lib/thumb/v7-m/nofp/crt0.o
_write                                            /usr/lib/gcc/arm-none-eabi/12.2.0/../../../../arm-none-eabi/lib/thumb/v7-m/nofp/libnosys.a(write.o)
                                                  /usr/lib/gcc/arm-none-eabi/12.2.0/../../../../arm-none-eabi/lib/thumb/v7-m/nofp/libc_nano.a(libc_a-writer.o)
_write_r                                          /usr/lib/gcc/arm-none-eabi/12.2.0/../../../../arm-none-eabi/lib/thumb/v7-m/nofp/libc_nano.a(libc_a-writer.o)
                                                  /usr/lib/gcc/arm-none-eabi/12.2.0/../../../../arm-none-eabi/lib/thumb/v7-m/nofp/libc_nano.a(libc_a-stdio.o)
atexit                                            /usr/lib/gcc/arm-none-eabi/12.2.0/../../../../arm-none-eabi/lib/thumb/v7-m/nofp/libc_nano.a(libc_a-atexit.o)
                                                  /usr/lib/gcc/arm-none-eabi/12.2.0/../../../../arm-none-eabi/lib/thumb/v7-m/nofp/crt0.o
end                                               /usr/lib/gcc/arm-none-eabi/12.2.0/../../../../arm-none-eabi/lib/thumb/v7-m/nofp/libnosys.a(sbrk.o)
errno                                             /usr/lib/gcc/arm-none-eabi/12.2.0/../../../../arm-none-eabi/lib/thumb/v7-m/nofp/libc_nano.a(libc_a-reent.o)
                                                  /usr/lib/gcc/arm-none-eabi/12.2.0/../../../../arm-none-eabi/lib/thumb/v7-m/nofp/libnosys.a(write.o)
                                                  /usr/lib/gcc/arm-none-eabi/12.2.0/../../../../arm-none-eabi/lib/thumb/v7-m/nofp/libnosys.a(read.o)
                                                  /usr/lib/gcc/arm-none-eabi/12.2.0/../../../../arm-none-eabi/lib/thumb/v7-m/nofp/libnosys.a(lseek.o)
                                                  /usr/lib/gcc/arm-none-eabi/12.2.0/../../../../arm-none-eabi/lib/thumb/v7-m/nofp/libnosys.a(close.o)
                                                  /usr/lib/gcc/arm-none-eabi/12.2.0/../../../../arm-none-eabi/lib/thumb/v7-m/nofp/libc_nano.a(libc_a-sbrkr.o)
                                                  /usr/lib/gcc/arm-none-eabi/12.2.0/../../../../arm-none-eabi/lib/thumb/v7-m/nofp/libc_nano.a(libc_a-writer.o)
                                                  /usr/lib/gcc/arm-none-eabi/12.2.0/../../../../arm-none-eabi/lib/thumb/v7-m/nofp/libc_nano.a(libc_a-readr.o)
                                                  /usr/lib/gcc/arm-none-eabi/12.2.0/../../../../arm-none-eabi/lib/thumb/v7-m/nofp/libc_nano.a(libc_a-lseekr.o)
                                                  /usr/lib/gcc/arm-none-eabi/12.2.0/../../../../arm-none-eabi/lib/thumb/v7-m/nofp/libc_nano.a(libc_a-closer.o)
exit                                              /usr/lib/gcc/arm-none-eabi/12.2.0/../../../../arm-none-eabi/lib/thumb/v7-m/nofp/libc_nano.a(libc_a-exit.o)
                                                  /usr/lib/gcc/arm-none-eabi/12.2.0/../../../../arm-none-eabi/lib/thumb/v7-m/nofp/crt0.o
fflush                                            /usr/lib/gcc/arm-none-eabi/12.2.0/../../../../arm-none-eabi/lib/thumb/v7-m/nofp/libc_nano.a(libc_a-fflush.o)
hardware_init_hook                                /usr/lib/gcc/arm-none-eabi/12.2.0/../../../../arm-none-eabi/lib/thumb/v7-m/nofp/crt0.o
main                                              ./User/main.o
                                                  /usr/lib/gcc/arm-none-eabi/12.2.0/../../../../arm-none-eabi/lib/thumb/v7-m/nofp/crt0.o
malloc                                            /usr/lib/gcc/arm-none-eabi/12.2.0/../../../../arm-none-eabi/lib/thumb/v7-m/nofp/libc_nano.a(libc_a-__atexit.o)
memset                                            /usr/lib/gcc/arm-none-eabi/12.2.0/../../../../arm-none-eabi/lib/thumb/v7-m/nofp/libc_nano.a(libc_a-memset.o)
                                                  /usr/lib/gcc/arm-none-eabi/12.2.0/../../../../arm-none-eabi/lib/thumb/v7-m/nofp/libc_nano.a(libc_a-findfp.o)
                                                  /usr/lib/gcc/arm-none-eabi/12.2.0/../../../../arm-none-eabi/lib/thumb/v7-m/nofp/crt0.o
software_init_hook                                /usr/lib/gcc/arm-none-eabi/12.2.0/../../../../arm-none-eabi/lib/thumb/v7-m/nofp/crt0.o
